Copyright 1986-2022 Xilinx, Inc. All Rights Reserved. Copyright 2022-2024 Advanced Micro Devices, Inc. All Rights Reserved.
--------------------------------------------------------------------------------------------------------------------------------------------------------------------------------------------------------------------------------
| Tool Version : Vivado v.2024.2 (lin64) Build 5239630 Fri Nov 08 22:34:34 MST 2024
| Date         : Thu Oct  1 17:33:44 2026
| Host         : <redacted> running 64-bit Ubuntu 24.04.4 LTS
| Command      : report_timing -max_paths 3 -nworst 3 -input_pins -file {<repo>/reports/generated/pipelined_barrett/t10p000_paths.rpt}
| Design       : ntt_core_shared
| Device       : 7a35t-cpg236
| Speed File   : -1  PRODUCTION 1.23 2018-06-13
| Design State : Routed
--------------------------------------------------------------------------------------------------------------------------------------------------------------------------------------------------------------------------------

Timing Report

Slack (MET) :             0.503ns  (required time - arrival time)
  Source:                 FSM_onehot_state_reg[11]/C
                            (rising edge-triggered cell FDCE clocked by clk  {rise@0.000ns fall@5.000ns period=10.000ns})
  Destination:            wa_reg[4]/D
                            (rising edge-triggered cell FDCE clocked by clk  {rise@0.000ns fall@5.000ns period=10.000ns})
  Path Group:             clk
  Path Type:              Setup (Max at Slow Process Corner)
  Requirement:            10.000ns  (clk rise@10.000ns - clk rise@0.000ns)
  Data Path Delay:        9.442ns  (logic 1.782ns (18.874%)  route 7.660ns (81.126%))
  Logic Levels:           7  (LUT3=1 LUT4=1 LUT5=1 LUT6=3 RAMD64E=1)
  Clock Path Skew:        -0.049ns (DCD - SCD + CPR)
    Destination Clock Delay (DCD):    0.924ns = ( 10.924 - 10.000 ) 
    Source Clock Delay      (SCD):    0.973ns
    Clock Pessimism Removal (CPR):    0.000ns
  Clock Uncertainty:      0.035ns  ((TSJ^2 + TIJ^2)^1/2 + DJ) / 2 + PE
    Total System Jitter     (TSJ):    0.071ns
    Total Input Jitter      (TIJ):    0.000ns
    Discrete Jitter          (DJ):    0.000ns
    Phase Error              (PE):    0.000ns

    Location             Delay type                Incr(ns)  Path(ns)    Netlist Resource(s)
  -------------------------------------------------------------------    -------------------
                         (clock clk rise edge)        0.000     0.000 r  
                                                      0.000     0.000 r  clk (IN)
                         net (fo=593, unset)          0.973     0.973    clk
    SLICE_X3Y20          FDCE                                         r  FSM_onehot_state_reg[11]/C
  -------------------------------------------------------------------    -------------------
    SLICE_X3Y20          FDCE (Prop_fdce_C_Q)         0.456     1.429 f  FSM_onehot_state_reg[11]/Q
                         net (fo=11, routed)          1.285     2.714    FSM_onehot_state_reg_n_0_[11]
    SLICE_X5Y23                                                       f  mem_a_reg_r2_0_63_0_2_i_30/I1
    SLICE_X5Y23          LUT5 (Prop_lut5_I1_O)        0.152     2.866 f  mem_a_reg_r2_0_63_0_2_i_30/O
                         net (fo=1, routed)           0.864     3.730    mem_a_reg_r2_0_63_0_2_i_30_n_0
    SLICE_X5Y24                                                       f  mem_a_reg_r2_0_63_0_2_i_12/I0
    SLICE_X5Y24          LUT4 (Prop_lut4_I0_O)        0.326     4.056 f  mem_a_reg_r2_0_63_0_2_i_12/O
                         net (fo=2, routed)           0.679     4.735    state_reg[0]
    SLICE_X5Y24                                                       f  mem_a_reg_r2_0_63_0_2_i_7/I2
    SLICE_X5Y24          LUT6 (Prop_lut6_I2_O)        0.124     4.859 r  mem_a_reg_r2_0_63_0_2_i_7/O
                         net (fo=22, routed)          1.090     5.949    in_bm
    SLICE_X2Y33                                                       r  mem_b_reg_r1_0_63_0_2_i_9/I1
    SLICE_X2Y33          LUT3 (Prop_lut3_I1_O)        0.148     6.097 r  mem_b_reg_r1_0_63_0_2_i_9/O
                         net (fo=48, routed)          1.701     7.798    mem_b_reg_r1_192_255_3_5/ADDRB1
    SLICE_X10Y28                                                      r  mem_b_reg_r1_192_255_3_5/RAMB/RADR1
    SLICE_X10Y28         RAMD64E (Prop_ramd64e_RADR1_O)
                                                      0.328     8.126 r  mem_b_reg_r1_192_255_3_5/RAMB/O
                         net (fo=1, routed)           0.955     9.080    mem_b_reg_r1_192_255_3_5_n_1
    SLICE_X13Y28                                                      r  wc[4]_i_1/I0
    SLICE_X13Y28         LUT6 (Prop_lut6_I0_O)        0.124     9.204 r  wc[4]_i_1/O
                         net (fo=2, routed)           1.086    10.291    b_rd0[4]
    SLICE_X7Y27                                                       r  wa[4]_i_1/I0
    SLICE_X7Y27          LUT6 (Prop_lut6_I0_O)        0.124    10.415 r  wa[4]_i_1/O
                         net (fo=1, routed)           0.000    10.415    wa[4]_i_1_n_0
    SLICE_X7Y27          FDCE                                         r  wa_reg[4]/D
  -------------------------------------------------------------------    -------------------

                         (clock clk rise edge)       10.000    10.000 r  
                                                      0.000    10.000 r  clk (IN)
                         net (fo=593, unset)          0.924    10.924    clk
    SLICE_X7Y27          FDCE                                         r  wa_reg[4]/C
                         clock pessimism              0.000    10.924    
                         clock uncertainty           -0.035    10.889    
    SLICE_X7Y27          FDCE (Setup_fdce_C_D)        0.029    10.918    wa_reg[4]
  -------------------------------------------------------------------
                         required time                         10.918    
                         arrival time                         -10.415    
  -------------------------------------------------------------------
                         slack                                  0.503    

Slack (MET) :             0.503ns  (required time - arrival time)
  Source:                 FSM_onehot_state_reg[11]/C
                            (rising edge-triggered cell FDCE clocked by clk  {rise@0.000ns fall@5.000ns period=10.000ns})
  Destination:            wa_reg[4]/D
                            (rising edge-triggered cell FDCE clocked by clk  {rise@0.000ns fall@5.000ns period=10.000ns})
  Path Group:             clk
  Path Type:              Setup (Max at Slow Process Corner)
  Requirement:            10.000ns  (clk rise@10.000ns - clk rise@0.000ns)
  Data Path Delay:        9.442ns  (logic 1.782ns (18.874%)  route 7.660ns (81.126%))
  Logic Levels:           7  (LUT3=1 LUT4=1 LUT5=1 LUT6=3 RAMD64E=1)
  Clock Path Skew:        -0.049ns (DCD - SCD + CPR)
    Destination Clock Delay (DCD):    0.924ns = ( 10.924 - 10.000 ) 
    Source Clock Delay      (SCD):    0.973ns
    Clock Pessimism Removal (CPR):    0.000ns
  Clock Uncertainty:      0.035ns  ((TSJ^2 + TIJ^2)^1/2 + DJ) / 2 + PE
    Total System Jitter     (TSJ):    0.071ns
    Total Input Jitter      (TIJ):    0.000ns
    Discrete Jitter          (DJ):    0.000ns
    Phase Error              (PE):    0.000ns

    Location             Delay type                Incr(ns)  Path(ns)    Netlist Resource(s)
  -------------------------------------------------------------------    -------------------
                         (clock clk rise edge)        0.000     0.000 r  
                                                      0.000     0.000 r  clk (IN)
                         net (fo=593, unset)          0.973     0.973    clk
    SLICE_X3Y20          FDCE                                         r  FSM_onehot_state_reg[11]/C
  -------------------------------------------------------------------    -------------------
    SLICE_X3Y20          FDCE (Prop_fdce_C_Q)         0.456     1.429 r  FSM_onehot_state_reg[11]/Q
                         net (fo=11, routed)          1.285     2.714    FSM_onehot_state_reg_n_0_[11]
    SLICE_X5Y23                                                       r  mem_a_reg_r2_0_63_0_2_i_30/I1
    SLICE_X5Y23          LUT5 (Prop_lut5_I1_O)        0.152     2.866 r  mem_a_reg_r2_0_63_0_2_i_30/O
                         net (fo=1, routed)           0.864     3.730    mem_a_reg_r2_0_63_0_2_i_30_n_0
    SLICE_X5Y24                                                       r  mem_a_reg_r2_0_63_0_2_i_12/I0
    SLICE_X5Y24          LUT4 (Prop_lut4_I0_O)        0.326     4.056 r  mem_a_reg_r2_0_63_0_2_i_12/O
                         net (fo=2, routed)           0.679     4.735    state_reg[0]
    SLICE_X5Y24                                                       r  mem_a_reg_r2_0_63_0_2_i_7/I2
    SLICE_X5Y24          LUT6 (Prop_lut6_I2_O)        0.124     4.859 f  mem_a_reg_r2_0_63_0_2_i_7/O
                         net (fo=22, routed)          1.090     5.949    in_bm
    SLICE_X2Y33                                                       f  mem_b_reg_r1_0_63_0_2_i_9/I1
    SLICE_X2Y33          LUT3 (Prop_lut3_I1_O)        0.148     6.097 r  mem_b_reg_r1_0_63_0_2_i_9/O
                         net (fo=48, routed)          1.701     7.798    mem_b_reg_r1_192_255_3_5/ADDRB1
    SLICE_X10Y28                                                      r  mem_b_reg_r1_192_255_3_5/RAMB/RADR1
    SLICE_X10Y28         RAMD64E (Prop_ramd64e_RADR1_O)
                                                      0.328     8.126 r  mem_b_reg_r1_192_255_3_5/RAMB/O
                         net (fo=1, routed)           0.955     9.080    mem_b_reg_r1_192_255_3_5_n_1
    SLICE_X13Y28                                                      r  wc[4]_i_1/I0
    SLICE_X13Y28         LUT6 (Prop_lut6_I0_O)        0.124     9.204 r  wc[4]_i_1/O
                         net (fo=2, routed)           1.086    10.291    b_rd0[4]
    SLICE_X7Y27                                                       r  wa[4]_i_1/I0
    SLICE_X7Y27          LUT6 (Prop_lut6_I0_O)        0.124    10.415 r  wa[4]_i_1/O
                         net (fo=1, routed)           0.000    10.415    wa[4]_i_1_n_0
    SLICE_X7Y27          FDCE                                         r  wa_reg[4]/D
  -------------------------------------------------------------------    -------------------

                         (clock clk rise edge)       10.000    10.000 r  
                                                      0.000    10.000 r  clk (IN)
                         net (fo=593, unset)          0.924    10.924    clk
    SLICE_X7Y27          FDCE                                         r  wa_reg[4]/C
                         clock pessimism              0.000    10.924    
                         clock uncertainty           -0.035    10.889    
    SLICE_X7Y27          FDCE (Setup_fdce_C_D)        0.029    10.918    wa_reg[4]
  -------------------------------------------------------------------
                         required time                         10.918    
                         arrival time                         -10.415    
  -------------------------------------------------------------------
                         slack                                  0.503    

Slack (MET) :             0.503ns  (required time - arrival time)
  Source:                 FSM_onehot_state_reg[11]/C
                            (rising edge-triggered cell FDCE clocked by clk  {rise@0.000ns fall@5.000ns period=10.000ns})
  Destination:            wa_reg[4]/D
                            (rising edge-triggered cell FDCE clocked by clk  {rise@0.000ns fall@5.000ns period=10.000ns})
  Path Group:             clk
  Path Type:              Setup (Max at Slow Process Corner)
  Requirement:            10.000ns  (clk rise@10.000ns - clk rise@0.000ns)
  Data Path Delay:        9.442ns  (logic 1.782ns (18.874%)  route 7.660ns (81.126%))
  Logic Levels:           7  (LUT3=1 LUT4=1 LUT5=1 LUT6=3 RAMD64E=1)
  Clock Path Skew:        -0.049ns (DCD - SCD + CPR)
    Destination Clock Delay (DCD):    0.924ns = ( 10.924 - 10.000 ) 
    Source Clock Delay      (SCD):    0.973ns
    Clock Pessimism Removal (CPR):    0.000ns
  Clock Uncertainty:      0.035ns  ((TSJ^2 + TIJ^2)^1/2 + DJ) / 2 + PE
    Total System Jitter     (TSJ):    0.071ns
    Total Input Jitter      (TIJ):    0.000ns
    Discrete Jitter          (DJ):    0.000ns
    Phase Error              (PE):    0.000ns

    Location             Delay type                Incr(ns)  Path(ns)    Netlist Resource(s)
  -------------------------------------------------------------------    -------------------
                         (clock clk rise edge)        0.000     0.000 r  
                                                      0.000     0.000 r  clk (IN)
                         net (fo=593, unset)          0.973     0.973    clk
    SLICE_X3Y20          FDCE                                         r  FSM_onehot_state_reg[11]/C
  -------------------------------------------------------------------    -------------------
    SLICE_X3Y20          FDCE (Prop_fdce_C_Q)         0.456     1.429 f  FSM_onehot_state_reg[11]/Q
                         net (fo=11, routed)          1.285     2.714    FSM_onehot_state_reg_n_0_[11]
    SLICE_X5Y23                                                       f  mem_a_reg_r2_0_63_0_2_i_30/I1
    SLICE_X5Y23          LUT5 (Prop_lut5_I1_O)        0.152     2.866 f  mem_a_reg_r2_0_63_0_2_i_30/O
                         net (fo=1, routed)           0.864     3.730    mem_a_reg_r2_0_63_0_2_i_30_n_0
    SLICE_X5Y24                                                       f  mem_a_reg_r2_0_63_0_2_i_12/I0
    SLICE_X5Y24          LUT4 (Prop_lut4_I0_O)        0.326     4.056 f  mem_a_reg_r2_0_63_0_2_i_12/O
                         net (fo=2, routed)           0.679     4.735    state_reg[0]
    SLICE_X5Y24                                                       f  mem_a_reg_r2_0_63_0_2_i_7/I2
    SLICE_X5Y24          LUT6 (Prop_lut6_I2_O)        0.124     4.859 r  mem_a_reg_r2_0_63_0_2_i_7/O
                         net (fo=22, routed)          1.090     5.949    in_bm
    SLICE_X2Y33                                                       r  mem_b_reg_r1_0_63_0_2_i_9/I1
    SLICE_X2Y33          LUT3 (Prop_lut3_I1_O)        0.148     6.097 f  mem_b_reg_r1_0_63_0_2_i_9/O
                         net (fo=48, routed)          1.701     7.798    mem_b_reg_r1_192_255_3_5/ADDRB1
    SLICE_X10Y28                                                      f  mem_b_reg_r1_192_255_3_5/RAMB/RADR1
    SLICE_X10Y28         RAMD64E (Prop_ramd64e_RADR1_O)
                                                      0.328     8.126 r  mem_b_reg_r1_192_255_3_5/RAMB/O
                         net (fo=1, routed)           0.955     9.080    mem_b_reg_r1_192_255_3_5_n_1
    SLICE_X13Y28                                                      r  wc[4]_i_1/I0
    SLICE_X13Y28         LUT6 (Prop_lut6_I0_O)        0.124     9.204 r  wc[4]_i_1/O
                         net (fo=2, routed)           1.086    10.291    b_rd0[4]
    SLICE_X7Y27                                                       r  wa[4]_i_1/I0
    SLICE_X7Y27          LUT6 (Prop_lut6_I0_O)        0.124    10.415 r  wa[4]_i_1/O
                         net (fo=1, routed)           0.000    10.415    wa[4]_i_1_n_0
    SLICE_X7Y27          FDCE                                         r  wa_reg[4]/D
  -------------------------------------------------------------------    -------------------

                         (clock clk rise edge)       10.000    10.000 r  
                                                      0.000    10.000 r  clk (IN)
                         net (fo=593, unset)          0.924    10.924    clk
    SLICE_X7Y27          FDCE                                         r  wa_reg[4]/C
                         clock pessimism              0.000    10.924    
                         clock uncertainty           -0.035    10.889    
    SLICE_X7Y27          FDCE (Setup_fdce_C_D)        0.029    10.918    wa_reg[4]
  -------------------------------------------------------------------
                         required time                         10.918    
                         arrival time                         -10.415    
  -------------------------------------------------------------------
                         slack                                  0.503    




