Copyright 1986-2022 Xilinx, Inc. All Rights Reserved. Copyright 2022-2024 Advanced Micro Devices, Inc. All Rights Reserved.
-------------------------------------------------------------------------------------------------------------------------------------------------------------------------------------------------------------------------------
| Tool Version : Vivado v.2024.2 (lin64) Build 5239630 Fri Nov 08 22:34:34 MST 2024
| Date         : Thu Oct  1 17:39:15 2026
| Host         : <redacted> running 64-bit Ubuntu 24.04.4 LTS
| Command      : report_timing -max_paths 3 -nworst 3 -input_pins -file {<repo>/reports/generated/pipelined_barrett/t8p100_paths.rpt}
| Design       : ntt_core_shared
| Device       : 7a35t-cpg236
| Speed File   : -1  PRODUCTION 1.23 2018-06-13
| Design State : Routed
-------------------------------------------------------------------------------------------------------------------------------------------------------------------------------------------------------------------------------

Timing Report

Slack (VIOLATED) :        -0.210ns  (required time - arrival time)
  Source:                 r0_i_15/C
                            (rising edge-triggered cell FDCE clocked by clk  {rise@0.000ns fall@4.050ns period=8.100ns})
  Destination:            u_mult/u_mult/result_reg[6]/D
                            (rising edge-triggered cell FDCE clocked by clk  {rise@0.000ns fall@4.050ns period=8.100ns})
  Path Group:             clk
  Path Type:              Setup (Max at Slow Process Corner)
  Requirement:            8.100ns  (clk rise@8.100ns - clk rise@0.000ns)
  Data Path Delay:        8.255ns  (logic 4.979ns (60.317%)  route 3.276ns (39.683%))
  Logic Levels:           6  (DSP48E1=1 LUT2=1 LUT3=1 LUT5=2 LUT6=1)
  Clock Path Skew:        -0.049ns (DCD - SCD + CPR)
    Destination Clock Delay (DCD):    0.924ns = ( 9.024 - 8.100 ) 
    Source Clock Delay      (SCD):    0.973ns
    Clock Pessimism Removal (CPR):    0.000ns
  Clock Uncertainty:      0.035ns  ((TSJ^2 + TIJ^2)^1/2 + DJ) / 2 + PE
    Total System Jitter     (TSJ):    0.071ns
    Total Input Jitter      (TIJ):    0.000ns
    Discrete Jitter          (DJ):    0.000ns
    Phase Error              (PE):    0.000ns

    Location             Delay type                Incr(ns)  Path(ns)    Netlist Resource(s)
  -------------------------------------------------------------------    -------------------
                         (clock clk rise edge)        0.000     0.000 r  
                                                      0.000     0.000 r  clk (IN)
                         net (fo=606, unset)          0.973     0.973    clk
    SLICE_X14Y10         FDCE                                         r  r0_i_15/C
  -------------------------------------------------------------------    -------------------
    SLICE_X14Y10         FDCE (Prop_fdce_C_Q)         0.518     1.491 r  r0_i_15/Q
                         net (fo=14, routed)          0.584     2.075    u_mult/u_mult/u_est/r0
    SLICE_X11Y11                                                      r  u_mult/u_mult/u_est/r0_i_5/I1
    SLICE_X11Y11         LUT2 (Prop_lut2_I1_O)        0.124     2.199 r  u_mult/u_mult/u_est/r0_i_5/O
                         net (fo=1, routed)           0.393     2.592    u_mult/u_mult/u_red/A[8]
    DSP48_X0Y5                                                        r  u_mult/u_mult/u_red/r0/A[8]
    DSP48_X0Y5           DSP48E1 (Prop_dsp48e1_A[8]_P[21])
                                                      3.841     6.433 f  u_mult/u_mult/u_red/r0/P[21]
                         net (fo=1, routed)           1.160     7.593    u_mult/u_mult/u_red/r0_n_84
    SLICE_X12Y11                                                      f  u_mult/u_mult/u_red/result[11]_i_5/I2
    SLICE_X12Y11         LUT6 (Prop_lut6_I2_O)        0.124     7.717 f  u_mult/u_mult/u_red/result[11]_i_5/O
                         net (fo=1, routed)           0.282     7.999    u_mult/u_mult/u_red/result[11]_i_5_n_0
    SLICE_X12Y11                                                      f  u_mult/u_mult/u_red/result[11]_i_3/I0
    SLICE_X12Y11         LUT5 (Prop_lut5_I0_O)        0.124     8.123 f  u_mult/u_mult/u_red/result[11]_i_3/O
                         net (fo=5, routed)           0.198     8.321    u_mult/u_mult/u_red/result[11]_i_3_n_0
    SLICE_X12Y11                                                      f  u_mult/u_mult/u_red/result[8]_i_2/I4
    SLICE_X12Y11         LUT5 (Prop_lut5_I4_O)        0.124     8.445 r  u_mult/u_mult/u_red/result[8]_i_2/O
                         net (fo=8, routed)           0.659     9.104    u_mult/u_mult/u_red/result[8]_i_2_n_0
    SLICE_X13Y11                                                      r  u_mult/u_mult/u_red/result[6]_i_1/I1
    SLICE_X13Y11         LUT3 (Prop_lut3_I1_O)        0.124     9.228 r  u_mult/u_mult/u_red/result[6]_i_1/O
                         net (fo=1, routed)           0.000     9.228    u_mult/u_mult/reduced[6]
    SLICE_X13Y11         FDCE                                         r  u_mult/u_mult/result_reg[6]/D
  -------------------------------------------------------------------    -------------------

                         (clock clk rise edge)        8.100     8.100 r  
                                                      0.000     8.100 r  clk (IN)
                         net (fo=606, unset)          0.924     9.024    u_mult/u_mult/clk
    SLICE_X13Y11         FDCE                                         r  u_mult/u_mult/result_reg[6]/C
                         clock pessimism              0.000     9.024    
                         clock uncertainty           -0.035     8.989    
    SLICE_X13Y11         FDCE (Setup_fdce_C_D)        0.029     9.018    u_mult/u_mult/result_reg[6]
  -------------------------------------------------------------------
                         required time                          9.018    
                         arrival time                          -9.228    
  -------------------------------------------------------------------
                         slack                                 -0.210    

Slack (VIOLATED) :        -0.210ns  (required time - arrival time)
  Source:                 r0_i_15/C
                            (rising edge-triggered cell FDCE clocked by clk  {rise@0.000ns fall@4.050ns period=8.100ns})
  Destination:            u_mult/u_mult/result_reg[6]/D
                            (rising edge-triggered cell FDCE clocked by clk  {rise@0.000ns fall@4.050ns period=8.100ns})
  Path Group:             clk
  Path Type:              Setup (Max at Slow Process Corner)
  Requirement:            8.100ns  (clk rise@8.100ns - clk rise@0.000ns)
  Data Path Delay:        8.255ns  (logic 4.979ns (60.317%)  route 3.276ns (39.683%))
  Logic Levels:           6  (DSP48E1=1 LUT2=1 LUT3=1 LUT5=2 LUT6=1)
  Clock Path Skew:        -0.049ns (DCD - SCD + CPR)
    Destination Clock Delay (DCD):    0.924ns = ( 9.024 - 8.100 ) 
    Source Clock Delay      (SCD):    0.973ns
    Clock Pessimism Removal (CPR):    0.000ns
  Clock Uncertainty:      0.035ns  ((TSJ^2 + TIJ^2)^1/2 + DJ) / 2 + PE
    Total System Jitter     (TSJ):    0.071ns
    Total Input Jitter      (TIJ):    0.000ns
    Discrete Jitter          (DJ):    0.000ns
    Phase Error              (PE):    0.000ns

    Location             Delay type                Incr(ns)  Path(ns)    Netlist Resource(s)
  -------------------------------------------------------------------    -------------------
                         (clock clk rise edge)        0.000     0.000 r  
                                                      0.000     0.000 r  clk (IN)
                         net (fo=606, unset)          0.973     0.973    clk
    SLICE_X14Y10         FDCE                                         r  r0_i_15/C
  -------------------------------------------------------------------    -------------------
    SLICE_X14Y10         FDCE (Prop_fdce_C_Q)         0.518     1.491 f  r0_i_15/Q
                         net (fo=14, routed)          0.584     2.075    u_mult/u_mult/u_est/r0
    SLICE_X11Y11                                                      f  u_mult/u_mult/u_est/r0_i_5/I1
    SLICE_X11Y11         LUT2 (Prop_lut2_I1_O)        0.124     2.199 f  u_mult/u_mult/u_est/r0_i_5/O
                         net (fo=1, routed)           0.393     2.592    u_mult/u_mult/u_red/A[8]
    DSP48_X0Y5                                                        f  u_mult/u_mult/u_red/r0/A[8]
    DSP48_X0Y5           DSP48E1 (Prop_dsp48e1_A[8]_P[21])
                                                      3.841     6.433 f  u_mult/u_mult/u_red/r0/P[21]
                         net (fo=1, routed)           1.160     7.593    u_mult/u_mult/u_red/r0_n_84
    SLICE_X12Y11                                                      f  u_mult/u_mult/u_red/result[11]_i_5/I2
    SLICE_X12Y11         LUT6 (Prop_lut6_I2_O)        0.124     7.717 f  u_mult/u_mult/u_red/result[11]_i_5/O
                         net (fo=1, routed)           0.282     7.999    u_mult/u_mult/u_red/result[11]_i_5_n_0
    SLICE_X12Y11                                                      f  u_mult/u_mult/u_red/result[11]_i_3/I0
    SLICE_X12Y11         LUT5 (Prop_lut5_I0_O)        0.124     8.123 f  u_mult/u_mult/u_red/result[11]_i_3/O
                         net (fo=5, routed)           0.198     8.321    u_mult/u_mult/u_red/result[11]_i_3_n_0
    SLICE_X12Y11                                                      f  u_mult/u_mult/u_red/result[8]_i_2/I4
    SLICE_X12Y11         LUT5 (Prop_lut5_I4_O)        0.124     8.445 r  u_mult/u_mult/u_red/result[8]_i_2/O
                         net (fo=8, routed)           0.659     9.104    u_mult/u_mult/u_red/result[8]_i_2_n_0
    SLICE_X13Y11                                                      r  u_mult/u_mult/u_red/result[6]_i_1/I1
    SLICE_X13Y11         LUT3 (Prop_lut3_I1_O)        0.124     9.228 r  u_mult/u_mult/u_red/result[6]_i_1/O
                         net (fo=1, routed)           0.000     9.228    u_mult/u_mult/reduced[6]
    SLICE_X13Y11         FDCE                                         r  u_mult/u_mult/result_reg[6]/D
  -------------------------------------------------------------------    -------------------

                         (clock clk rise edge)        8.100     8.100 r  
                                                      0.000     8.100 r  clk (IN)
                         net (fo=606, unset)          0.924     9.024    u_mult/u_mult/clk
    SLICE_X13Y11         FDCE                                         r  u_mult/u_mult/result_reg[6]/C
                         clock pessimism              0.000     9.024    
                         clock uncertainty           -0.035     8.989    
    SLICE_X13Y11         FDCE (Setup_fdce_C_D)        0.029     9.018    u_mult/u_mult/result_reg[6]
  -------------------------------------------------------------------
                         required time                          9.018    
                         arrival time                          -9.228    
  -------------------------------------------------------------------
                         slack                                 -0.210    

Slack (VIOLATED) :        -0.210ns  (required time - arrival time)
  Source:                 r0_i_15/C
                            (rising edge-triggered cell FDCE clocked by clk  {rise@0.000ns fall@4.050ns period=8.100ns})
  Destination:            u_mult/u_mult/result_reg[6]/D
                            (rising edge-triggered cell FDCE clocked by clk  {rise@0.000ns fall@4.050ns period=8.100ns})
  Path Group:             clk
  Path Type:              Setup (Max at Slow Process Corner)
  Requirement:            8.100ns  (clk rise@8.100ns - clk rise@0.000ns)
  Data Path Delay:        8.255ns  (logic 4.979ns (60.317%)  route 3.276ns (39.683%))
  Logic Levels:           6  (DSP48E1=1 LUT2=1 LUT3=1 LUT5=2 LUT6=1)
  Clock Path Skew:        -0.049ns (DCD - SCD + CPR)
    Destination Clock Delay (DCD):    0.924ns = ( 9.024 - 8.100 ) 
    Source Clock Delay      (SCD):    0.973ns
    Clock Pessimism Removal (CPR):    0.000ns
  Clock Uncertainty:      0.035ns  ((TSJ^2 + TIJ^2)^1/2 + DJ) / 2 + PE
    Total System Jitter     (TSJ):    0.071ns
    Total Input Jitter      (TIJ):    0.000ns
    Discrete Jitter          (DJ):    0.000ns
    Phase Error              (PE):    0.000ns

    Location             Delay type                Incr(ns)  Path(ns)    Netlist Resource(s)
  -------------------------------------------------------------------    -------------------
                         (clock clk rise edge)        0.000     0.000 r  
                                                      0.000     0.000 r  clk (IN)
                         net (fo=606, unset)          0.973     0.973    clk
    SLICE_X14Y10         FDCE                                         r  r0_i_15/C
  -------------------------------------------------------------------    -------------------
    SLICE_X14Y10         FDCE (Prop_fdce_C_Q)         0.518     1.491 r  r0_i_15/Q
                         net (fo=14, routed)          0.584     2.075    u_mult/u_mult/u_est/r0
    SLICE_X11Y11                                                      r  u_mult/u_mult/u_est/r0_i_5/I1
    SLICE_X11Y11         LUT2 (Prop_lut2_I1_O)        0.124     2.199 r  u_mult/u_mult/u_est/r0_i_5/O
                         net (fo=1, routed)           0.393     2.592    u_mult/u_mult/u_red/A[8]
    DSP48_X0Y5                                                        r  u_mult/u_mult/u_red/r0/A[8]
    DSP48_X0Y5           DSP48E1 (Prop_dsp48e1_A[8]_P[21])
                                                      3.841     6.433 r  u_mult/u_mult/u_red/r0/P[21]
                         net (fo=1, routed)           1.160     7.593    u_mult/u_mult/u_red/r0_n_84
    SLICE_X12Y11                                                      r  u_mult/u_mult/u_red/result[11]_i_5/I2
    SLICE_X12Y11         LUT6 (Prop_lut6_I2_O)        0.124     7.717 r  u_mult/u_mult/u_red/result[11]_i_5/O
                         net (fo=1, routed)           0.282     7.999    u_mult/u_mult/u_red/result[11]_i_5_n_0
    SLICE_X12Y11                                                      r  u_mult/u_mult/u_red/result[11]_i_3/I0
    SLICE_X12Y11         LUT5 (Prop_lut5_I0_O)        0.124     8.123 r  u_mult/u_mult/u_red/result[11]_i_3/O
                         net (fo=5, routed)           0.198     8.321    u_mult/u_mult/u_red/result[11]_i_3_n_0
    SLICE_X12Y11                                                      r  u_mult/u_mult/u_red/result[8]_i_2/I4
    SLICE_X12Y11         LUT5 (Prop_lut5_I4_O)        0.124     8.445 f  u_mult/u_mult/u_red/result[8]_i_2/O
                         net (fo=8, routed)           0.659     9.104    u_mult/u_mult/u_red/result[8]_i_2_n_0
    SLICE_X13Y11                                                      f  u_mult/u_mult/u_red/result[6]_i_1/I1
    SLICE_X13Y11         LUT3 (Prop_lut3_I1_O)        0.124     9.228 r  u_mult/u_mult/u_red/result[6]_i_1/O
                         net (fo=1, routed)           0.000     9.228    u_mult/u_mult/reduced[6]
    SLICE_X13Y11         FDCE                                         r  u_mult/u_mult/result_reg[6]/D
  -------------------------------------------------------------------    -------------------

                         (clock clk rise edge)        8.100     8.100 r  
                                                      0.000     8.100 r  clk (IN)
                         net (fo=606, unset)          0.924     9.024    u_mult/u_mult/clk
    SLICE_X13Y11         FDCE                                         r  u_mult/u_mult/result_reg[6]/C
                         clock pessimism              0.000     9.024    
                         clock uncertainty           -0.035     8.989    
    SLICE_X13Y11         FDCE (Setup_fdce_C_D)        0.029     9.018    u_mult/u_mult/result_reg[6]
  -------------------------------------------------------------------
                         required time                          9.018    
                         arrival time                          -9.228    
  -------------------------------------------------------------------
                         slack                                 -0.210    




