Copyright 1986-2022 Xilinx, Inc. All Rights Reserved. Copyright 2022-2024 Advanced Micro Devices, Inc. All Rights Reserved.
-------------------------------------------------------------------------------------------------------------------------------------------------------------------------------------------------------------------------------
| Tool Version : Vivado v.2024.2 (lin64) Build 5239630 Fri Nov 08 22:34:34 MST 2024
| Date         : Thu Oct  1 17:38:28 2026
| Host         : <redacted> running 64-bit Ubuntu 24.04.4 LTS
| Command      : report_timing -max_paths 3 -nworst 3 -input_pins -file {<repo>/reports/generated/pipelined_barrett/t8p300_paths.rpt}
| Design       : ntt_core_shared
| Device       : 7a35t-cpg236
| Speed File   : -1  PRODUCTION 1.23 2018-06-13
| Design State : Routed
-------------------------------------------------------------------------------------------------------------------------------------------------------------------------------------------------------------------------------

Timing Report

Slack (MET) :             0.008ns  (required time - arrival time)
  Source:                 FSM_onehot_state_reg[31]/C
                            (rising edge-triggered cell FDCE clocked by clk  {rise@0.000ns fall@4.150ns period=8.300ns})
  Destination:            wa_reg[8]/D
                            (rising edge-triggered cell FDCE clocked by clk  {rise@0.000ns fall@4.150ns period=8.300ns})
  Path Group:             clk
  Path Type:              Setup (Max at Slow Process Corner)
  Requirement:            8.300ns  (clk rise@8.300ns - clk rise@0.000ns)
  Data Path Delay:        8.239ns  (logic 1.572ns (19.081%)  route 6.667ns (80.919%))
  Logic Levels:           9  (LUT3=1 LUT4=1 LUT5=2 LUT6=4 RAMD64E=1)
  Clock Path Skew:        -0.049ns (DCD - SCD + CPR)
    Destination Clock Delay (DCD):    0.924ns = ( 9.224 - 8.300 ) 
    Source Clock Delay      (SCD):    0.973ns
    Clock Pessimism Removal (CPR):    0.000ns
  Clock Uncertainty:      0.035ns  ((TSJ^2 + TIJ^2)^1/2 + DJ) / 2 + PE
    Total System Jitter     (TSJ):    0.071ns
    Total Input Jitter      (TIJ):    0.000ns
    Discrete Jitter          (DJ):    0.000ns
    Phase Error              (PE):    0.000ns

    Location             Delay type                Incr(ns)  Path(ns)    Netlist Resource(s)
  -------------------------------------------------------------------    -------------------
                         (clock clk rise edge)        0.000     0.000 r  
                                                      0.000     0.000 r  clk (IN)
                         net (fo=606, unset)          0.973     0.973    clk
    SLICE_X11Y38         FDCE                                         r  FSM_onehot_state_reg[31]/C
  -------------------------------------------------------------------    -------------------
    SLICE_X11Y38         FDCE (Prop_fdce_C_Q)         0.456     1.429 r  FSM_onehot_state_reg[31]/Q
                         net (fo=7, routed)           0.761     2.190    u_mult/u_mult/Q[31]
    SLICE_X9Y36                                                       r  u_mult/u_mult/FSM_onehot_state[36]_i_2/I3
    SLICE_X9Y36          LUT4 (Prop_lut4_I3_O)        0.124     2.314 r  u_mult/u_mult/FSM_onehot_state[36]_i_2/O
                         net (fo=6, routed)           0.956     3.270    u_mult_n_17
    SLICE_X11Y32                                                      r  mem_a_reg_r2_0_63_0_2_i_15/I0
    SLICE_X11Y32         LUT6 (Prop_lut6_I0_O)        0.124     3.394 r  mem_a_reg_r2_0_63_0_2_i_15/O
                         net (fo=2, routed)           0.975     4.369    state_reg[3]
    SLICE_X9Y34                                                       r  mem_a_reg_r2_0_63_0_2_i_7/I5
    SLICE_X9Y34          LUT6 (Prop_lut6_I5_O)        0.124     4.493 r  mem_a_reg_r2_0_63_0_2_i_7/O
                         net (fo=22, routed)          0.248     4.741    in_bm
    SLICE_X9Y34                                                       r  mem_a_reg_r1_0_63_0_2_i_23/I2
    SLICE_X9Y34          LUT3 (Prop_lut3_I2_O)        0.124     4.865 r  mem_a_reg_r1_0_63_0_2_i_23/O
                         net (fo=29, routed)          0.844     5.708    mem_a_reg_r1_0_63_0_2_i_23_n_0
    SLICE_X13Y36                                                      r  mem_a_reg_r1_0_63_0_2_i_18/I1
    SLICE_X13Y36         LUT5 (Prop_lut5_I1_O)        0.124     5.832 r  mem_a_reg_r1_0_63_0_2_i_18/O
                         net (fo=1, routed)           0.662     6.494    mem_a_reg_r1_0_63_0_2_i_18_n_0
    SLICE_X9Y32                                                       r  mem_a_reg_r1_0_63_0_2_i_6/I4
    SLICE_X9Y32          LUT5 (Prop_lut5_I4_O)        0.124     6.618 r  mem_a_reg_r1_0_63_0_2_i_6/O
                         net (fo=48, routed)          1.214     7.833    mem_a_reg_r1_128_191_6_8/ADDRC4
    SLICE_X10Y34                                                      r  mem_a_reg_r1_128_191_6_8/RAMC/RADR4
    SLICE_X10Y34         RAMD64E (Prop_ramd64e_RADR4_O)
                                                      0.124     7.957 r  mem_a_reg_r1_128_191_6_8/RAMC/O
                         net (fo=2, routed)           0.602     8.558    mem_a_reg_r1_128_191_6_8_n_2
    SLICE_X13Y34                                                      r  wa[8]_i_2/I5
    SLICE_X13Y34         LUT6 (Prop_lut6_I5_O)        0.124     8.682 r  wa[8]_i_2/O
                         net (fo=1, routed)           0.405     9.088    wa[8]_i_2_n_0
    SLICE_X13Y35                                                      r  wa[8]_i_1/I2
    SLICE_X13Y35         LUT6 (Prop_lut6_I2_O)        0.124     9.212 r  wa[8]_i_1/O
                         net (fo=1, routed)           0.000     9.212    wa[8]_i_1_n_0
    SLICE_X13Y35         FDCE                                         r  wa_reg[8]/D
  -------------------------------------------------------------------    -------------------

                         (clock clk rise edge)        8.300     8.300 r  
                                                      0.000     8.300 r  clk (IN)
                         net (fo=606, unset)          0.924     9.224    clk
    SLICE_X13Y35         FDCE                                         r  wa_reg[8]/C
                         clock pessimism              0.000     9.224    
                         clock uncertainty           -0.035     9.189    
    SLICE_X13Y35         FDCE (Setup_fdce_C_D)        0.031     9.220    wa_reg[8]
  -------------------------------------------------------------------
                         required time                          9.220    
                         arrival time                          -9.212    
  -------------------------------------------------------------------
                         slack                                  0.008    

Slack (MET) :             0.008ns  (required time - arrival time)
  Source:                 FSM_onehot_state_reg[31]/C
                            (rising edge-triggered cell FDCE clocked by clk  {rise@0.000ns fall@4.150ns period=8.300ns})
  Destination:            wa_reg[8]/D
                            (rising edge-triggered cell FDCE clocked by clk  {rise@0.000ns fall@4.150ns period=8.300ns})
  Path Group:             clk
  Path Type:              Setup (Max at Slow Process Corner)
  Requirement:            8.300ns  (clk rise@8.300ns - clk rise@0.000ns)
  Data Path Delay:        8.239ns  (logic 1.572ns (19.081%)  route 6.667ns (80.919%))
  Logic Levels:           9  (LUT3=1 LUT4=1 LUT5=2 LUT6=4 RAMD64E=1)
  Clock Path Skew:        -0.049ns (DCD - SCD + CPR)
    Destination Clock Delay (DCD):    0.924ns = ( 9.224 - 8.300 ) 
    Source Clock Delay      (SCD):    0.973ns
    Clock Pessimism Removal (CPR):    0.000ns
  Clock Uncertainty:      0.035ns  ((TSJ^2 + TIJ^2)^1/2 + DJ) / 2 + PE
    Total System Jitter     (TSJ):    0.071ns
    Total Input Jitter      (TIJ):    0.000ns
    Discrete Jitter          (DJ):    0.000ns
    Phase Error              (PE):    0.000ns

    Location             Delay type                Incr(ns)  Path(ns)    Netlist Resource(s)
  -------------------------------------------------------------------    -------------------
                         (clock clk rise edge)        0.000     0.000 r  
                                                      0.000     0.000 r  clk (IN)
                         net (fo=606, unset)          0.973     0.973    clk
    SLICE_X11Y38         FDCE                                         r  FSM_onehot_state_reg[31]/C
  -------------------------------------------------------------------    -------------------
    SLICE_X11Y38         FDCE (Prop_fdce_C_Q)         0.456     1.429 f  FSM_onehot_state_reg[31]/Q
                         net (fo=7, routed)           0.761     2.190    u_mult/u_mult/Q[31]
    SLICE_X9Y36                                                       f  u_mult/u_mult/FSM_onehot_state[36]_i_2/I3
    SLICE_X9Y36          LUT4 (Prop_lut4_I3_O)        0.124     2.314 f  u_mult/u_mult/FSM_onehot_state[36]_i_2/O
                         net (fo=6, routed)           0.956     3.270    u_mult_n_17
    SLICE_X11Y32                                                      f  mem_a_reg_r2_0_63_0_2_i_15/I0
    SLICE_X11Y32         LUT6 (Prop_lut6_I0_O)        0.124     3.394 f  mem_a_reg_r2_0_63_0_2_i_15/O
                         net (fo=2, routed)           0.975     4.369    state_reg[3]
    SLICE_X9Y34                                                       f  mem_a_reg_r2_0_63_0_2_i_7/I5
    SLICE_X9Y34          LUT6 (Prop_lut6_I5_O)        0.124     4.493 r  mem_a_reg_r2_0_63_0_2_i_7/O
                         net (fo=22, routed)          0.248     4.741    in_bm
    SLICE_X9Y34                                                       r  mem_a_reg_r1_0_63_0_2_i_23/I2
    SLICE_X9Y34          LUT3 (Prop_lut3_I2_O)        0.124     4.865 r  mem_a_reg_r1_0_63_0_2_i_23/O
                         net (fo=29, routed)          0.844     5.708    mem_a_reg_r1_0_63_0_2_i_23_n_0
    SLICE_X13Y36                                                      r  mem_a_reg_r1_0_63_0_2_i_18/I1
    SLICE_X13Y36         LUT5 (Prop_lut5_I1_O)        0.124     5.832 r  mem_a_reg_r1_0_63_0_2_i_18/O
                         net (fo=1, routed)           0.662     6.494    mem_a_reg_r1_0_63_0_2_i_18_n_0
    SLICE_X9Y32                                                       r  mem_a_reg_r1_0_63_0_2_i_6/I4
    SLICE_X9Y32          LUT5 (Prop_lut5_I4_O)        0.124     6.618 r  mem_a_reg_r1_0_63_0_2_i_6/O
                         net (fo=48, routed)          1.214     7.833    mem_a_reg_r1_128_191_6_8/ADDRC4
    SLICE_X10Y34                                                      r  mem_a_reg_r1_128_191_6_8/RAMC/RADR4
    SLICE_X10Y34         RAMD64E (Prop_ramd64e_RADR4_O)
                                                      0.124     7.957 r  mem_a_reg_r1_128_191_6_8/RAMC/O
                         net (fo=2, routed)           0.602     8.558    mem_a_reg_r1_128_191_6_8_n_2
    SLICE_X13Y34                                                      r  wa[8]_i_2/I5
    SLICE_X13Y34         LUT6 (Prop_lut6_I5_O)        0.124     8.682 r  wa[8]_i_2/O
                         net (fo=1, routed)           0.405     9.088    wa[8]_i_2_n_0
    SLICE_X13Y35                                                      r  wa[8]_i_1/I2
    SLICE_X13Y35         LUT6 (Prop_lut6_I2_O)        0.124     9.212 r  wa[8]_i_1/O
                         net (fo=1, routed)           0.000     9.212    wa[8]_i_1_n_0
    SLICE_X13Y35         FDCE                                         r  wa_reg[8]/D
  -------------------------------------------------------------------    -------------------

                         (clock clk rise edge)        8.300     8.300 r  
                                                      0.000     8.300 r  clk (IN)
                         net (fo=606, unset)          0.924     9.224    clk
    SLICE_X13Y35         FDCE                                         r  wa_reg[8]/C
                         clock pessimism              0.000     9.224    
                         clock uncertainty           -0.035     9.189    
    SLICE_X13Y35         FDCE (Setup_fdce_C_D)        0.031     9.220    wa_reg[8]
  -------------------------------------------------------------------
                         required time                          9.220    
                         arrival time                          -9.212    
  -------------------------------------------------------------------
                         slack                                  0.008    

Slack (MET) :             0.008ns  (required time - arrival time)
  Source:                 FSM_onehot_state_reg[31]/C
                            (rising edge-triggered cell FDCE clocked by clk  {rise@0.000ns fall@4.150ns period=8.300ns})
  Destination:            wa_reg[8]/D
                            (rising edge-triggered cell FDCE clocked by clk  {rise@0.000ns fall@4.150ns period=8.300ns})
  Path Group:             clk
  Path Type:              Setup (Max at Slow Process Corner)
  Requirement:            8.300ns  (clk rise@8.300ns - clk rise@0.000ns)
  Data Path Delay:        8.239ns  (logic 1.572ns (19.081%)  route 6.667ns (80.919%))
  Logic Levels:           9  (LUT3=1 LUT4=1 LUT5=2 LUT6=4 RAMD64E=1)
  Clock Path Skew:        -0.049ns (DCD - SCD + CPR)
    Destination Clock Delay (DCD):    0.924ns = ( 9.224 - 8.300 ) 
    Source Clock Delay      (SCD):    0.973ns
    Clock Pessimism Removal (CPR):    0.000ns
  Clock Uncertainty:      0.035ns  ((TSJ^2 + TIJ^2)^1/2 + DJ) / 2 + PE
    Total System Jitter     (TSJ):    0.071ns
    Total Input Jitter      (TIJ):    0.000ns
    Discrete Jitter          (DJ):    0.000ns
    Phase Error              (PE):    0.000ns

    Location             Delay type                Incr(ns)  Path(ns)    Netlist Resource(s)
  -------------------------------------------------------------------    -------------------
                         (clock clk rise edge)        0.000     0.000 r  
                                                      0.000     0.000 r  clk (IN)
                         net (fo=606, unset)          0.973     0.973    clk
    SLICE_X11Y38         FDCE                                         r  FSM_onehot_state_reg[31]/C
  -------------------------------------------------------------------    -------------------
    SLICE_X11Y38         FDCE (Prop_fdce_C_Q)         0.456     1.429 r  FSM_onehot_state_reg[31]/Q
                         net (fo=7, routed)           0.761     2.190    u_mult/u_mult/Q[31]
    SLICE_X9Y36                                                       r  u_mult/u_mult/FSM_onehot_state[36]_i_2/I3
    SLICE_X9Y36          LUT4 (Prop_lut4_I3_O)        0.124     2.314 r  u_mult/u_mult/FSM_onehot_state[36]_i_2/O
                         net (fo=6, routed)           0.956     3.270    u_mult_n_17
    SLICE_X11Y32                                                      r  mem_a_reg_r2_0_63_0_2_i_15/I0
    SLICE_X11Y32         LUT6 (Prop_lut6_I0_O)        0.124     3.394 r  mem_a_reg_r2_0_63_0_2_i_15/O
                         net (fo=2, routed)           0.975     4.369    state_reg[3]
    SLICE_X9Y34                                                       r  mem_a_reg_r2_0_63_0_2_i_7/I5
    SLICE_X9Y34          LUT6 (Prop_lut6_I5_O)        0.124     4.493 f  mem_a_reg_r2_0_63_0_2_i_7/O
                         net (fo=22, routed)          0.248     4.741    in_bm
    SLICE_X9Y34                                                       f  mem_a_reg_r1_0_63_0_2_i_23/I2
    SLICE_X9Y34          LUT3 (Prop_lut3_I2_O)        0.124     4.865 f  mem_a_reg_r1_0_63_0_2_i_23/O
                         net (fo=29, routed)          0.844     5.708    mem_a_reg_r1_0_63_0_2_i_23_n_0
    SLICE_X13Y36                                                      f  mem_a_reg_r1_0_63_0_2_i_18/I1
    SLICE_X13Y36         LUT5 (Prop_lut5_I1_O)        0.124     5.832 f  mem_a_reg_r1_0_63_0_2_i_18/O
                         net (fo=1, routed)           0.662     6.494    mem_a_reg_r1_0_63_0_2_i_18_n_0
    SLICE_X9Y32                                                       f  mem_a_reg_r1_0_63_0_2_i_6/I4
    SLICE_X9Y32          LUT5 (Prop_lut5_I4_O)        0.124     6.618 f  mem_a_reg_r1_0_63_0_2_i_6/O
                         net (fo=48, routed)          1.214     7.833    mem_a_reg_r1_128_191_6_8/ADDRC4
    SLICE_X10Y34                                                      f  mem_a_reg_r1_128_191_6_8/RAMC/RADR4
    SLICE_X10Y34         RAMD64E (Prop_ramd64e_RADR4_O)
                                                      0.124     7.957 r  mem_a_reg_r1_128_191_6_8/RAMC/O
                         net (fo=2, routed)           0.602     8.558    mem_a_reg_r1_128_191_6_8_n_2
    SLICE_X13Y34                                                      r  wa[8]_i_2/I5
    SLICE_X13Y34         LUT6 (Prop_lut6_I5_O)        0.124     8.682 r  wa[8]_i_2/O
                         net (fo=1, routed)           0.405     9.088    wa[8]_i_2_n_0
    SLICE_X13Y35                                                      r  wa[8]_i_1/I2
    SLICE_X13Y35         LUT6 (Prop_lut6_I2_O)        0.124     9.212 r  wa[8]_i_1/O
                         net (fo=1, routed)           0.000     9.212    wa[8]_i_1_n_0
    SLICE_X13Y35         FDCE                                         r  wa_reg[8]/D
  -------------------------------------------------------------------    -------------------

                         (clock clk rise edge)        8.300     8.300 r  
                                                      0.000     8.300 r  clk (IN)
                         net (fo=606, unset)          0.924     9.224    clk
    SLICE_X13Y35         FDCE                                         r  wa_reg[8]/C
                         clock pessimism              0.000     9.224    
                         clock uncertainty           -0.035     9.189    
    SLICE_X13Y35         FDCE (Setup_fdce_C_D)        0.031     9.220    wa_reg[8]
  -------------------------------------------------------------------
                         required time                          9.220    
                         arrival time                          -9.212    
  -------------------------------------------------------------------
                         slack                                  0.008    




