Copyright 1986-2022 Xilinx, Inc. All Rights Reserved. Copyright 2022-2024 Advanced Micro Devices, Inc. All Rights Reserved.
-----------------------------------------------------------------------------------------------------------------------------------------------------------------------------------------------------
| Tool Version : Vivado v.2024.2 (lin64) Build 5239630 Fri Nov 08 22:34:34 MST 2024
| Date         : Thu Oct  1 17:37:40 2026
| Host         : <redacted> running 64-bit Ubuntu 24.04.4 LTS
| Command      : report_timing_summary -file {<repo>/reports/generated/pipelined_barrett/t8p500_timing.rpt}
| Design       : ntt_core_shared
| Device       : 7a35t-cpg236
| Speed File   : -1  PRODUCTION 1.23 2018-06-13
| Design State : Routed
-----------------------------------------------------------------------------------------------------------------------------------------------------------------------------------------------------

Timing Summary Report

------------------------------------------------------------------------------------------------
| Timer Settings
| --------------
------------------------------------------------------------------------------------------------

  Enable Multi Corner Analysis               :  Yes
  Enable Pessimism Removal                   :  Yes
  Pessimism Removal Resolution               :  Nearest Common Node
  Enable Input Delay Default Clock           :  No
  Enable Preset / Clear Arcs                 :  No
  Disable Flight Delays                      :  No
  Ignore I/O Paths                           :  No
  Timing Early Launch at Borrowing Latches   :  No
  Borrow Time for Max Delay Exceptions       :  Yes
  Merge Timing Exceptions                    :  Yes
  Inter-SLR Compensation                     :  Conservative

  Corner  Analyze    Analyze    
  Name    Max Paths  Min Paths  
  ------  ---------  ---------  
  Slow    Yes        Yes        
  Fast    Yes        Yes        


------------------------------------------------------------------------------------------------
| Report Methodology
| ------------------
------------------------------------------------------------------------------------------------

No report available as report_methodology has not been run prior. Run report_methodology on the current design for the summary of methodology violations.



check_timing report

Table of Contents
-----------------
1. checking no_clock (0)
2. checking constant_clock (0)
3. checking pulse_width_clock (0)
4. checking unconstrained_internal_endpoints (0)
5. checking no_input_delay (32)
6. checking no_output_delay (13)
7. checking multiple_clock (0)
8. checking generated_clocks (0)
9. checking loops (0)
10. checking partial_input_delay (0)
11. checking partial_output_delay (0)
12. checking latch_loops (0)

1. checking no_clock (0)
------------------------
 There are 0 register/latch pins with no clock.


2. checking constant_clock (0)
------------------------------
 There are 0 register/latch pins with constant_clock.


3. checking pulse_width_clock (0)
---------------------------------
 There are 0 register/latch pins which need pulse_width check


4. checking unconstrained_internal_endpoints (0)
------------------------------------------------
 There are 0 pins that are not constrained for maximum delay.

 There are 0 pins that are not constrained for maximum delay due to constant clock.


5. checking no_input_delay (32)
-------------------------------
 There are 32 input ports with no input delay specified. (HIGH)

 There are 0 input ports with no input delay but user has a false path constraint.


6. checking no_output_delay (13)
--------------------------------
 There are 13 ports with no output delay specified. (HIGH)

 There are 0 ports with no output delay but user has a false path constraint

 There are 0 ports with no output delay but with a timing clock defined on it or propagating through it


7. checking multiple_clock (0)
------------------------------
 There are 0 register/latch pins with multiple clocks.


8. checking generated_clocks (0)
--------------------------------
 There are 0 generated clocks that are not connected to a clock source.


9. checking loops (0)
---------------------
 There are 0 combinational loops in the design.


10. checking partial_input_delay (0)
------------------------------------
 There are 0 input ports with partial input delay specified.


11. checking partial_output_delay (0)
-------------------------------------
 There are 0 ports with partial output delay specified.


12. checking latch_loops (0)
----------------------------
 There are 0 combinational latch loops in the design through latch input



------------------------------------------------------------------------------------------------
| Design Timing Summary
| ---------------------
------------------------------------------------------------------------------------------------

    WNS(ns)      TNS(ns)  TNS Failing Endpoints  TNS Total Endpoints      WHS(ns)      THS(ns)  THS Failing Endpoints  THS Total Endpoints     WPWS(ns)     TPWS(ns)  TPWS Failing Endpoints  TPWS Total Endpoints  
    -------      -------  ---------------------  -------------------      -------      -------  ---------------------  -------------------     --------     --------  ----------------------  --------------------  
      0.046        0.000                      0                 2696        0.183        0.000                      0                 2696        3.000        0.000                       0                   606  


All user specified timing constraints are met.


------------------------------------------------------------------------------------------------
| Clock Summary
| -------------
------------------------------------------------------------------------------------------------

Clock  Waveform(ns)         Period(ns)      Frequency(MHz)
-----  ------------         ----------      --------------
clk    {0.000 4.250}        8.500           117.647         


------------------------------------------------------------------------------------------------
| Intra Clock Table
| -----------------
------------------------------------------------------------------------------------------------

Clock             WNS(ns)      TNS(ns)  TNS Failing Endpoints  TNS Total Endpoints      WHS(ns)      THS(ns)  THS Failing Endpoints  THS Total Endpoints     WPWS(ns)     TPWS(ns)  TPWS Failing Endpoints  TPWS Total Endpoints  
-----             -------      -------  ---------------------  -------------------      -------      -------  ---------------------  -------------------     --------     --------  ----------------------  --------------------  
clk                 0.046        0.000                      0                 2696        0.183        0.000                      0                 2696        3.000        0.000                       0                   606  


------------------------------------------------------------------------------------------------
| Inter Clock Table
| -----------------
------------------------------------------------------------------------------------------------

From Clock    To Clock          WNS(ns)      TNS(ns)  TNS Failing Endpoints  TNS Total Endpoints      WHS(ns)      THS(ns)  THS Failing Endpoints  THS Total Endpoints  
----------    --------          -------      -------  ---------------------  -------------------      -------      -------  ---------------------  -------------------  


------------------------------------------------------------------------------------------------
| Other Path Groups Table
| -----------------------
------------------------------------------------------------------------------------------------

Path Group    From Clock    To Clock          WNS(ns)      TNS(ns)  TNS Failing Endpoints  TNS Total Endpoints      WHS(ns)      THS(ns)  THS Failing Endpoints  THS Total Endpoints  
----------    ----------    --------          -------      -------  ---------------------  -------------------      -------      -------  ---------------------  -------------------  


------------------------------------------------------------------------------------------------
| Timing Details
| --------------
------------------------------------------------------------------------------------------------


---------------------------------------------------------------------------------------------------
From Clock:  clk
  To Clock:  clk

Setup :            0  Failing Endpoints,  Worst Slack        0.046ns,  Total Violation        0.000ns
Hold  :            0  Failing Endpoints,  Worst Slack        0.183ns,  Total Violation        0.000ns
PW    :            0  Failing Endpoints,  Worst Slack        3.000ns,  Total Violation        0.000ns
---------------------------------------------------------------------------------------------------


Max Delay Paths
--------------------------------------------------------------------------------------
Slack (MET) :             0.046ns  (required time - arrival time)
  Source:                 r0_i_15/C
                            (rising edge-triggered cell FDCE clocked by clk  {rise@0.000ns fall@4.250ns period=8.500ns})
  Destination:            u_mult/u_mult/result_reg[1]/D
                            (rising edge-triggered cell FDCE clocked by clk  {rise@0.000ns fall@4.250ns period=8.500ns})
  Path Group:             clk
  Path Type:              Setup (Max at Slow Process Corner)
  Requirement:            8.500ns  (clk rise@8.500ns - clk rise@0.000ns)
  Data Path Delay:        8.402ns  (logic 4.917ns (58.521%)  route 3.485ns (41.479%))
  Logic Levels:           6  (DSP48E1=1 LUT2=1 LUT3=1 LUT4=1 LUT5=1 LUT6=1)
  Clock Path Skew:        -0.049ns (DCD - SCD + CPR)
    Destination Clock Delay (DCD):    0.924ns = ( 9.424 - 8.500 ) 
    Source Clock Delay      (SCD):    0.973ns
    Clock Pessimism Removal (CPR):    0.000ns
  Clock Uncertainty:      0.035ns  ((TSJ^2 + TIJ^2)^1/2 + DJ) / 2 + PE
    Total System Jitter     (TSJ):    0.071ns
    Total Input Jitter      (TIJ):    0.000ns
    Discrete Jitter          (DJ):    0.000ns
    Phase Error              (PE):    0.000ns

    Location             Delay type                Incr(ns)  Path(ns)    Netlist Resource(s)
  -------------------------------------------------------------------    -------------------
                         (clock clk rise edge)        0.000     0.000 r  
                                                      0.000     0.000 r  clk (IN)
                         net (fo=606, unset)          0.973     0.973    clk
    SLICE_X15Y15         FDCE                                         r  r0_i_15/C
  -------------------------------------------------------------------    -------------------
    SLICE_X15Y15         FDCE (Prop_fdce_C_Q)         0.456     1.429 r  r0_i_15/Q
                         net (fo=14, routed)          0.633     2.062    u_mult/u_mult/u_est/r0
    SLICE_X13Y16         LUT2 (Prop_lut2_I1_O)        0.124     2.186 r  u_mult/u_mult/u_est/r0_i_3/O
                         net (fo=1, routed)           0.543     2.730    u_mult/u_mult/u_red/A[10]
    DSP48_X0Y7           DSP48E1 (Prop_dsp48e1_A[10]_P[7])
                                                      3.841     6.571 f  u_mult/u_mult/u_red/r0/P[7]
                         net (fo=4, routed)           0.947     7.517    u_mult/u_mult/u_red/r0_n_98
    SLICE_X15Y15         LUT4 (Prop_lut4_I1_O)        0.124     7.641 f  u_mult/u_mult/u_red/result[11]_i_4/O
                         net (fo=1, routed)           0.433     8.075    u_mult/u_mult/u_red/result[11]_i_4_n_0
    SLICE_X15Y15         LUT6 (Prop_lut6_I1_O)        0.124     8.199 f  u_mult/u_mult/u_red/result[11]_i_2/O
                         net (fo=5, routed)           0.443     8.642    u_mult/u_mult/u_red/result[11]_i_2_n_0
    SLICE_X15Y16         LUT5 (Prop_lut5_I3_O)        0.124     8.766 r  u_mult/u_mult/u_red/result[8]_i_2/O
                         net (fo=8, routed)           0.486     9.251    u_mult/u_mult/u_red/result[8]_i_2_n_0
    SLICE_X13Y17         LUT3 (Prop_lut3_I1_O)        0.124     9.375 r  u_mult/u_mult/u_red/result[1]_i_1/O
                         net (fo=1, routed)           0.000     9.375    u_mult/u_mult/reduced[1]
    SLICE_X13Y17         FDCE                                         r  u_mult/u_mult/result_reg[1]/D
  -------------------------------------------------------------------    -------------------

                         (clock clk rise edge)        8.500     8.500 r  
                                                      0.000     8.500 r  clk (IN)
                         net (fo=606, unset)          0.924     9.424    u_mult/u_mult/clk
    SLICE_X13Y17         FDCE                                         r  u_mult/u_mult/result_reg[1]/C
                         clock pessimism              0.000     9.424    
                         clock uncertainty           -0.035     9.389    
    SLICE_X13Y17         FDCE (Setup_fdce_C_D)        0.032     9.421    u_mult/u_mult/result_reg[1]
  -------------------------------------------------------------------
                         required time                          9.421    
                         arrival time                          -9.375    
  -------------------------------------------------------------------
                         slack                                  0.046    





Min Delay Paths
--------------------------------------------------------------------------------------
Slack (MET) :             0.183ns  (arrival time - required time)
  Source:                 FSM_onehot_state_reg[3]/C
                            (rising edge-triggered cell FDCE clocked by clk  {rise@0.000ns fall@4.250ns period=8.500ns})
  Destination:            FSM_onehot_state_reg[2]/D
                            (rising edge-triggered cell FDCE clocked by clk  {rise@0.000ns fall@4.250ns period=8.500ns})
  Path Group:             clk
  Path Type:              Hold (Min at Fast Process Corner)
  Requirement:            0.000ns  (clk rise@0.000ns - clk rise@0.000ns)
  Data Path Delay:        0.326ns  (logic 0.186ns (57.088%)  route 0.140ns (42.912%))
  Logic Levels:           1  (LUT6=1)
  Clock Path Skew:        0.022ns (DCD - SCD - CPR)
    Destination Clock Delay (DCD):    0.432ns
    Source Clock Delay      (SCD):    0.410ns
    Clock Pessimism Removal (CPR):    -0.000ns

    Location             Delay type                Incr(ns)  Path(ns)    Netlist Resource(s)
  -------------------------------------------------------------------    -------------------
                         (clock clk rise edge)        0.000     0.000 r  
                                                      0.000     0.000 r  clk (IN)
                         net (fo=606, unset)          0.410     0.410    clk
    SLICE_X9Y47          FDCE                                         r  FSM_onehot_state_reg[3]/C
  -------------------------------------------------------------------    -------------------
    SLICE_X9Y47          FDCE (Prop_fdce_C_Q)         0.141     0.551 f  FSM_onehot_state_reg[3]/Q
                         net (fo=24, routed)          0.140     0.691    FSM_onehot_state_reg_n_0_[3]
    SLICE_X8Y47          LUT6 (Prop_lut6_I3_O)        0.045     0.736 r  FSM_onehot_state[2]_i_1/O
                         net (fo=1, routed)           0.000     0.736    FSM_onehot_state[2]_i_1_n_0
    SLICE_X8Y47          FDCE                                         r  FSM_onehot_state_reg[2]/D
  -------------------------------------------------------------------    -------------------

                         (clock clk rise edge)        0.000     0.000 r  
                                                      0.000     0.000 r  clk (IN)
                         net (fo=606, unset)          0.432     0.432    clk
    SLICE_X8Y47          FDCE                                         r  FSM_onehot_state_reg[2]/C
                         clock pessimism              0.000     0.432    
    SLICE_X8Y47          FDCE (Hold_fdce_C_D)         0.121     0.553    FSM_onehot_state_reg[2]
  -------------------------------------------------------------------
                         required time                         -0.553    
                         arrival time                           0.736    
  -------------------------------------------------------------------
                         slack                                  0.183    





Pulse Width Checks
--------------------------------------------------------------------------------------
Clock Name:         clk
Waveform(ns):       { 0.000 4.250 }
Period(ns):         8.500
Sources:            { clk }

Check Type        Corner  Lib Pin      Reference Pin  Required(ns)  Actual(ns)  Slack(ns)  Location     Pin
Min Period        n/a     DSP48E1/CLK  n/a            2.154         8.500       6.346      DSP48_X0Y8   u_mult/u_mult/prod_r0/CLK
Low Pulse Width   Slow    RAMD64E/CLK  n/a            1.250         4.250       3.000      SLICE_X6Y49  mem_a_reg_r1_0_63_0_2/RAMA/CLK
High Pulse Width  Slow    RAMD64E/CLK  n/a            1.250         4.250       3.000      SLICE_X6Y49  mem_a_reg_r1_0_63_0_2/RAMA/CLK



