Copyright 1986-2022 Xilinx, Inc. All Rights Reserved. Copyright 2022-2024 Advanced Micro Devices, Inc. All Rights Reserved.
-------------------------------------------------------------------------------------------------------------------------------------------------------------------------------------------------------------------------------
| Tool Version : Vivado v.2024.2 (lin64) Build 5239630 Fri Nov 08 22:34:34 MST 2024
| Date         : Thu Oct  1 17:36:56 2026
| Host         : <redacted> running 64-bit Ubuntu 24.04.4 LTS
| Command      : report_timing -max_paths 3 -nworst 3 -input_pins -file {<repo>/reports/generated/pipelined_barrett/t8p700_paths.rpt}
| Design       : ntt_core_shared
| Device       : 7a35t-cpg236
| Speed File   : -1  PRODUCTION 1.23 2018-06-13
| Design State : Routed
-------------------------------------------------------------------------------------------------------------------------------------------------------------------------------------------------------------------------------

Timing Report

Slack (MET) :             0.104ns  (required time - arrival time)
  Source:                 r0_i_15/C
                            (rising edge-triggered cell FDCE clocked by clk  {rise@0.000ns fall@4.350ns period=8.700ns})
  Destination:            u_mult/u_mult/result_reg[4]/D
                            (rising edge-triggered cell FDCE clocked by clk  {rise@0.000ns fall@4.350ns period=8.700ns})
  Path Group:             clk
  Path Type:              Setup (Max at Slow Process Corner)
  Requirement:            8.700ns  (clk rise@8.700ns - clk rise@0.000ns)
  Data Path Delay:        8.593ns  (logic 4.979ns (57.940%)  route 3.614ns (42.060%))
  Logic Levels:           6  (DSP48E1=1 LUT2=1 LUT3=1 LUT5=2 LUT6=1)
  Clock Path Skew:        -0.049ns (DCD - SCD + CPR)
    Destination Clock Delay (DCD):    0.924ns = ( 9.624 - 8.700 ) 
    Source Clock Delay      (SCD):    0.973ns
    Clock Pessimism Removal (CPR):    0.000ns
  Clock Uncertainty:      0.035ns  ((TSJ^2 + TIJ^2)^1/2 + DJ) / 2 + PE
    Total System Jitter     (TSJ):    0.071ns
    Total Input Jitter      (TIJ):    0.000ns
    Discrete Jitter          (DJ):    0.000ns
    Phase Error              (PE):    0.000ns

    Location             Delay type                Incr(ns)  Path(ns)    Netlist Resource(s)
  -------------------------------------------------------------------    -------------------
                         (clock clk rise edge)        0.000     0.000 r  
                                                      0.000     0.000 r  clk (IN)
                         net (fo=606, unset)          0.973     0.973    clk
    SLICE_X14Y23         FDCE                                         r  r0_i_15/C
  -------------------------------------------------------------------    -------------------
    SLICE_X14Y23         FDCE (Prop_fdce_C_Q)         0.518     1.491 r  r0_i_15/Q
                         net (fo=14, routed)          0.586     2.077    u_mult/u_mult/u_est/r0
    SLICE_X12Y25                                                      r  u_mult/u_mult/u_est/r0_i_1/I1
    SLICE_X12Y25         LUT2 (Prop_lut2_I1_O)        0.124     2.201 r  u_mult/u_mult/u_est/r0_i_1/O
                         net (fo=1, routed)           0.561     2.762    u_mult/u_mult/u_red/A[12]
    DSP48_X0Y11                                                       r  u_mult/u_mult/u_red/r0/A[12]
    DSP48_X0Y11          DSP48E1 (Prop_dsp48e1_A[12]_P[23])
                                                      3.841     6.603 f  u_mult/u_mult/u_red/r0/P[23]
                         net (fo=1, routed)           1.176     7.779    u_mult/u_mult/u_red/r0_n_82
    SLICE_X11Y25                                                      f  u_mult/u_mult/u_red/result[11]_i_5/I0
    SLICE_X11Y25         LUT6 (Prop_lut6_I0_O)        0.124     7.903 f  u_mult/u_mult/u_red/result[11]_i_5/O
                         net (fo=1, routed)           0.404     8.307    u_mult/u_mult/u_red/result[11]_i_5_n_0
    SLICE_X11Y26                                                      f  u_mult/u_mult/u_red/result[11]_i_3/I0
    SLICE_X11Y26         LUT5 (Prop_lut5_I0_O)        0.124     8.431 f  u_mult/u_mult/u_red/result[11]_i_3/O
                         net (fo=5, routed)           0.344     8.775    u_mult/u_mult/u_red/result[11]_i_3_n_0
    SLICE_X11Y27                                                      f  u_mult/u_mult/u_red/result[8]_i_2/I4
    SLICE_X11Y27         LUT5 (Prop_lut5_I4_O)        0.124     8.899 r  u_mult/u_mult/u_red/result[8]_i_2/O
                         net (fo=8, routed)           0.543     9.442    u_mult/u_mult/u_red/result[8]_i_2_n_0
    SLICE_X10Y26                                                      r  u_mult/u_mult/u_red/result[4]_i_1/I1
    SLICE_X10Y26         LUT3 (Prop_lut3_I1_O)        0.124     9.566 r  u_mult/u_mult/u_red/result[4]_i_1/O
                         net (fo=1, routed)           0.000     9.566    u_mult/u_mult/reduced[4]
    SLICE_X10Y26         FDCE                                         r  u_mult/u_mult/result_reg[4]/D
  -------------------------------------------------------------------    -------------------

                         (clock clk rise edge)        8.700     8.700 r  
                                                      0.000     8.700 r  clk (IN)
                         net (fo=606, unset)          0.924     9.624    u_mult/u_mult/clk
    SLICE_X10Y26         FDCE                                         r  u_mult/u_mult/result_reg[4]/C
                         clock pessimism              0.000     9.624    
                         clock uncertainty           -0.035     9.589    
    SLICE_X10Y26         FDCE (Setup_fdce_C_D)        0.081     9.670    u_mult/u_mult/result_reg[4]
  -------------------------------------------------------------------
                         required time                          9.670    
                         arrival time                          -9.566    
  -------------------------------------------------------------------
                         slack                                  0.104    

Slack (MET) :             0.104ns  (required time - arrival time)
  Source:                 r0_i_15/C
                            (rising edge-triggered cell FDCE clocked by clk  {rise@0.000ns fall@4.350ns period=8.700ns})
  Destination:            u_mult/u_mult/result_reg[4]/D
                            (rising edge-triggered cell FDCE clocked by clk  {rise@0.000ns fall@4.350ns period=8.700ns})
  Path Group:             clk
  Path Type:              Setup (Max at Slow Process Corner)
  Requirement:            8.700ns  (clk rise@8.700ns - clk rise@0.000ns)
  Data Path Delay:        8.593ns  (logic 4.979ns (57.940%)  route 3.614ns (42.060%))
  Logic Levels:           6  (DSP48E1=1 LUT2=1 LUT3=1 LUT5=2 LUT6=1)
  Clock Path Skew:        -0.049ns (DCD - SCD + CPR)
    Destination Clock Delay (DCD):    0.924ns = ( 9.624 - 8.700 ) 
    Source Clock Delay      (SCD):    0.973ns
    Clock Pessimism Removal (CPR):    0.000ns
  Clock Uncertainty:      0.035ns  ((TSJ^2 + TIJ^2)^1/2 + DJ) / 2 + PE
    Total System Jitter     (TSJ):    0.071ns
    Total Input Jitter      (TIJ):    0.000ns
    Discrete Jitter          (DJ):    0.000ns
    Phase Error              (PE):    0.000ns

    Location             Delay type                Incr(ns)  Path(ns)    Netlist Resource(s)
  -------------------------------------------------------------------    -------------------
                         (clock clk rise edge)        0.000     0.000 r  
                                                      0.000     0.000 r  clk (IN)
                         net (fo=606, unset)          0.973     0.973    clk
    SLICE_X14Y23         FDCE                                         r  r0_i_15/C
  -------------------------------------------------------------------    -------------------
    SLICE_X14Y23         FDCE (Prop_fdce_C_Q)         0.518     1.491 f  r0_i_15/Q
                         net (fo=14, routed)          0.586     2.077    u_mult/u_mult/u_est/r0
    SLICE_X12Y25                                                      f  u_mult/u_mult/u_est/r0_i_1/I1
    SLICE_X12Y25         LUT2 (Prop_lut2_I1_O)        0.124     2.201 f  u_mult/u_mult/u_est/r0_i_1/O
                         net (fo=1, routed)           0.561     2.762    u_mult/u_mult/u_red/A[12]
    DSP48_X0Y11                                                       f  u_mult/u_mult/u_red/r0/A[12]
    DSP48_X0Y11          DSP48E1 (Prop_dsp48e1_A[12]_P[23])
                                                      3.841     6.603 f  u_mult/u_mult/u_red/r0/P[23]
                         net (fo=1, routed)           1.176     7.779    u_mult/u_mult/u_red/r0_n_82
    SLICE_X11Y25                                                      f  u_mult/u_mult/u_red/result[11]_i_5/I0
    SLICE_X11Y25         LUT6 (Prop_lut6_I0_O)        0.124     7.903 f  u_mult/u_mult/u_red/result[11]_i_5/O
                         net (fo=1, routed)           0.404     8.307    u_mult/u_mult/u_red/result[11]_i_5_n_0
    SLICE_X11Y26                                                      f  u_mult/u_mult/u_red/result[11]_i_3/I0
    SLICE_X11Y26         LUT5 (Prop_lut5_I0_O)        0.124     8.431 f  u_mult/u_mult/u_red/result[11]_i_3/O
                         net (fo=5, routed)           0.344     8.775    u_mult/u_mult/u_red/result[11]_i_3_n_0
    SLICE_X11Y27                                                      f  u_mult/u_mult/u_red/result[8]_i_2/I4
    SLICE_X11Y27         LUT5 (Prop_lut5_I4_O)        0.124     8.899 r  u_mult/u_mult/u_red/result[8]_i_2/O
                         net (fo=8, routed)           0.543     9.442    u_mult/u_mult/u_red/result[8]_i_2_n_0
    SLICE_X10Y26                                                      r  u_mult/u_mult/u_red/result[4]_i_1/I1
    SLICE_X10Y26         LUT3 (Prop_lut3_I1_O)        0.124     9.566 r  u_mult/u_mult/u_red/result[4]_i_1/O
                         net (fo=1, routed)           0.000     9.566    u_mult/u_mult/reduced[4]
    SLICE_X10Y26         FDCE                                         r  u_mult/u_mult/result_reg[4]/D
  -------------------------------------------------------------------    -------------------

                         (clock clk rise edge)        8.700     8.700 r  
                                                      0.000     8.700 r  clk (IN)
                         net (fo=606, unset)          0.924     9.624    u_mult/u_mult/clk
    SLICE_X10Y26         FDCE                                         r  u_mult/u_mult/result_reg[4]/C
                         clock pessimism              0.000     9.624    
                         clock uncertainty           -0.035     9.589    
    SLICE_X10Y26         FDCE (Setup_fdce_C_D)        0.081     9.670    u_mult/u_mult/result_reg[4]
  -------------------------------------------------------------------
                         required time                          9.670    
                         arrival time                          -9.566    
  -------------------------------------------------------------------
                         slack                                  0.104    

Slack (MET) :             0.104ns  (required time - arrival time)
  Source:                 r0_i_15/C
                            (rising edge-triggered cell FDCE clocked by clk  {rise@0.000ns fall@4.350ns period=8.700ns})
  Destination:            u_mult/u_mult/result_reg[4]/D
                            (rising edge-triggered cell FDCE clocked by clk  {rise@0.000ns fall@4.350ns period=8.700ns})
  Path Group:             clk
  Path Type:              Setup (Max at Slow Process Corner)
  Requirement:            8.700ns  (clk rise@8.700ns - clk rise@0.000ns)
  Data Path Delay:        8.593ns  (logic 4.979ns (57.940%)  route 3.614ns (42.060%))
  Logic Levels:           6  (DSP48E1=1 LUT2=1 LUT3=1 LUT5=2 LUT6=1)
  Clock Path Skew:        -0.049ns (DCD - SCD + CPR)
    Destination Clock Delay (DCD):    0.924ns = ( 9.624 - 8.700 ) 
    Source Clock Delay      (SCD):    0.973ns
    Clock Pessimism Removal (CPR):    0.000ns
  Clock Uncertainty:      0.035ns  ((TSJ^2 + TIJ^2)^1/2 + DJ) / 2 + PE
    Total System Jitter     (TSJ):    0.071ns
    Total Input Jitter      (TIJ):    0.000ns
    Discrete Jitter          (DJ):    0.000ns
    Phase Error              (PE):    0.000ns

    Location             Delay type                Incr(ns)  Path(ns)    Netlist Resource(s)
  -------------------------------------------------------------------    -------------------
                         (clock clk rise edge)        0.000     0.000 r  
                                                      0.000     0.000 r  clk (IN)
                         net (fo=606, unset)          0.973     0.973    clk
    SLICE_X14Y23         FDCE                                         r  r0_i_15/C
  -------------------------------------------------------------------    -------------------
    SLICE_X14Y23         FDCE (Prop_fdce_C_Q)         0.518     1.491 r  r0_i_15/Q
                         net (fo=14, routed)          0.586     2.077    u_mult/u_mult/u_est/r0
    SLICE_X12Y25                                                      r  u_mult/u_mult/u_est/r0_i_1/I1
    SLICE_X12Y25         LUT2 (Prop_lut2_I1_O)        0.124     2.201 r  u_mult/u_mult/u_est/r0_i_1/O
                         net (fo=1, routed)           0.561     2.762    u_mult/u_mult/u_red/A[12]
    DSP48_X0Y11                                                       r  u_mult/u_mult/u_red/r0/A[12]
    DSP48_X0Y11          DSP48E1 (Prop_dsp48e1_A[12]_P[23])
                                                      3.841     6.603 r  u_mult/u_mult/u_red/r0/P[23]
                         net (fo=1, routed)           1.176     7.779    u_mult/u_mult/u_red/r0_n_82
    SLICE_X11Y25                                                      r  u_mult/u_mult/u_red/result[11]_i_5/I0
    SLICE_X11Y25         LUT6 (Prop_lut6_I0_O)        0.124     7.903 r  u_mult/u_mult/u_red/result[11]_i_5/O
                         net (fo=1, routed)           0.404     8.307    u_mult/u_mult/u_red/result[11]_i_5_n_0
    SLICE_X11Y26                                                      r  u_mult/u_mult/u_red/result[11]_i_3/I0
    SLICE_X11Y26         LUT5 (Prop_lut5_I0_O)        0.124     8.431 r  u_mult/u_mult/u_red/result[11]_i_3/O
                         net (fo=5, routed)           0.344     8.775    u_mult/u_mult/u_red/result[11]_i_3_n_0
    SLICE_X11Y27                                                      r  u_mult/u_mult/u_red/result[8]_i_2/I4
    SLICE_X11Y27         LUT5 (Prop_lut5_I4_O)        0.124     8.899 f  u_mult/u_mult/u_red/result[8]_i_2/O
                         net (fo=8, routed)           0.543     9.442    u_mult/u_mult/u_red/result[8]_i_2_n_0
    SLICE_X10Y26                                                      f  u_mult/u_mult/u_red/result[4]_i_1/I1
    SLICE_X10Y26         LUT3 (Prop_lut3_I1_O)        0.124     9.566 r  u_mult/u_mult/u_red/result[4]_i_1/O
                         net (fo=1, routed)           0.000     9.566    u_mult/u_mult/reduced[4]
    SLICE_X10Y26         FDCE                                         r  u_mult/u_mult/result_reg[4]/D
  -------------------------------------------------------------------    -------------------

                         (clock clk rise edge)        8.700     8.700 r  
                                                      0.000     8.700 r  clk (IN)
                         net (fo=606, unset)          0.924     9.624    u_mult/u_mult/clk
    SLICE_X10Y26         FDCE                                         r  u_mult/u_mult/result_reg[4]/C
                         clock pessimism              0.000     9.624    
                         clock uncertainty           -0.035     9.589    
    SLICE_X10Y26         FDCE (Setup_fdce_C_D)        0.081     9.670    u_mult/u_mult/result_reg[4]
  -------------------------------------------------------------------
                         required time                          9.670    
                         arrival time                          -9.566    
  -------------------------------------------------------------------
                         slack                                  0.104    




