Copyright 1986-2022 Xilinx, Inc. All Rights Reserved. Copyright 2022-2024 Advanced Micro Devices, Inc. All Rights Reserved.
-------------------------------------------------------------------------------------------------------------------------------------------------------------------------------------------------------------------------------
| Tool Version : Vivado v.2024.2 (lin64) Build 5239630 Fri Nov 08 22:34:34 MST 2024
| Date         : Thu Oct  1 17:36:16 2026
| Host         : <redacted> running 64-bit Ubuntu 24.04.4 LTS
| Command      : report_timing -max_paths 3 -nworst 3 -input_pins -file {<repo>/reports/generated/pipelined_barrett/t8p900_paths.rpt}
| Design       : ntt_core_shared
| Device       : 7a35t-cpg236
| Speed File   : -1  PRODUCTION 1.23 2018-06-13
| Design State : Routed
-------------------------------------------------------------------------------------------------------------------------------------------------------------------------------------------------------------------------------

Timing Report

Slack (MET) :             0.086ns  (required time - arrival time)
  Source:                 r0_i_15/C
                            (rising edge-triggered cell FDCE clocked by clk  {rise@0.000ns fall@4.450ns period=8.900ns})
  Destination:            u_mult/u_mult/result_reg[6]/D
                            (rising edge-triggered cell FDCE clocked by clk  {rise@0.000ns fall@4.450ns period=8.900ns})
  Path Group:             clk
  Path Type:              Setup (Max at Slow Process Corner)
  Requirement:            8.900ns  (clk rise@8.900ns - clk rise@0.000ns)
  Data Path Delay:        8.761ns  (logic 5.113ns (58.364%)  route 3.648ns (41.636%))
  Logic Levels:           6  (DSP48E1=1 LUT2=1 LUT3=1 LUT5=2 LUT6=1)
  Clock Path Skew:        -0.049ns (DCD - SCD + CPR)
    Destination Clock Delay (DCD):    0.924ns = ( 9.824 - 8.900 ) 
    Source Clock Delay      (SCD):    0.973ns
    Clock Pessimism Removal (CPR):    0.000ns
  Clock Uncertainty:      0.035ns  ((TSJ^2 + TIJ^2)^1/2 + DJ) / 2 + PE
    Total System Jitter     (TSJ):    0.071ns
    Total Input Jitter      (TIJ):    0.000ns
    Discrete Jitter          (DJ):    0.000ns
    Phase Error              (PE):    0.000ns

    Location             Delay type                Incr(ns)  Path(ns)    Netlist Resource(s)
  -------------------------------------------------------------------    -------------------
                         (clock clk rise edge)        0.000     0.000 r  
                                                      0.000     0.000 r  clk (IN)
                         net (fo=606, unset)          0.973     0.973    clk
    SLICE_X13Y24         FDCE                                         r  r0_i_15/C
  -------------------------------------------------------------------    -------------------
    SLICE_X13Y24         FDCE (Prop_fdce_C_Q)         0.456     1.429 r  r0_i_15/Q
                         net (fo=14, routed)          0.566     1.995    u_mult/u_mult/u_est/r0
    SLICE_X13Y25                                                      r  u_mult/u_mult/u_est/r0_i_10/I1
    SLICE_X13Y25         LUT2 (Prop_lut2_I1_O)        0.118     2.113 r  u_mult/u_mult/u_est/r0_i_10/O
                         net (fo=1, routed)           0.741     2.853    u_mult/u_mult/u_red/A[3]
    DSP48_X0Y11                                                       r  u_mult/u_mult/u_red/r0/A[3]
    DSP48_X0Y11          DSP48E1 (Prop_dsp48e1_A[3]_P[21])
                                                      4.043     6.896 f  u_mult/u_mult/u_red/r0/P[21]
                         net (fo=1, routed)           1.057     7.953    u_mult/u_mult/u_red/r0_n_84
    SLICE_X10Y26                                                      f  u_mult/u_mult/u_red/result[11]_i_5/I2
    SLICE_X10Y26         LUT6 (Prop_lut6_I2_O)        0.124     8.077 f  u_mult/u_mult/u_red/result[11]_i_5/O
                         net (fo=1, routed)           0.423     8.500    u_mult/u_mult/u_red/result[11]_i_5_n_0
    SLICE_X13Y26                                                      f  u_mult/u_mult/u_red/result[11]_i_3/I0
    SLICE_X13Y26         LUT5 (Prop_lut5_I0_O)        0.124     8.624 f  u_mult/u_mult/u_red/result[11]_i_3/O
                         net (fo=5, routed)           0.341     8.965    u_mult/u_mult/u_red/result[11]_i_3_n_0
    SLICE_X15Y27                                                      f  u_mult/u_mult/u_red/result[8]_i_2/I4
    SLICE_X15Y27         LUT5 (Prop_lut5_I4_O)        0.124     9.089 r  u_mult/u_mult/u_red/result[8]_i_2/O
                         net (fo=8, routed)           0.521     9.610    u_mult/u_mult/u_red/result[8]_i_2_n_0
    SLICE_X15Y27                                                      r  u_mult/u_mult/u_red/result[6]_i_1/I1
    SLICE_X15Y27         LUT3 (Prop_lut3_I1_O)        0.124     9.734 r  u_mult/u_mult/u_red/result[6]_i_1/O
                         net (fo=1, routed)           0.000     9.734    u_mult/u_mult/reduced[6]
    SLICE_X15Y27         FDCE                                         r  u_mult/u_mult/result_reg[6]/D
  -------------------------------------------------------------------    -------------------

                         (clock clk rise edge)        8.900     8.900 r  
                                                      0.000     8.900 r  clk (IN)
                         net (fo=606, unset)          0.924     9.824    u_mult/u_mult/clk
    SLICE_X15Y27         FDCE                                         r  u_mult/u_mult/result_reg[6]/C
                         clock pessimism              0.000     9.824    
                         clock uncertainty           -0.035     9.789    
    SLICE_X15Y27         FDCE (Setup_fdce_C_D)        0.031     9.820    u_mult/u_mult/result_reg[6]
  -------------------------------------------------------------------
                         required time                          9.820    
                         arrival time                          -9.734    
  -------------------------------------------------------------------
                         slack                                  0.086    

Slack (MET) :             0.086ns  (required time - arrival time)
  Source:                 r0_i_15/C
                            (rising edge-triggered cell FDCE clocked by clk  {rise@0.000ns fall@4.450ns period=8.900ns})
  Destination:            u_mult/u_mult/result_reg[6]/D
                            (rising edge-triggered cell FDCE clocked by clk  {rise@0.000ns fall@4.450ns period=8.900ns})
  Path Group:             clk
  Path Type:              Setup (Max at Slow Process Corner)
  Requirement:            8.900ns  (clk rise@8.900ns - clk rise@0.000ns)
  Data Path Delay:        8.761ns  (logic 5.113ns (58.364%)  route 3.648ns (41.636%))
  Logic Levels:           6  (DSP48E1=1 LUT2=1 LUT3=1 LUT5=2 LUT6=1)
  Clock Path Skew:        -0.049ns (DCD - SCD + CPR)
    Destination Clock Delay (DCD):    0.924ns = ( 9.824 - 8.900 ) 
    Source Clock Delay      (SCD):    0.973ns
    Clock Pessimism Removal (CPR):    0.000ns
  Clock Uncertainty:      0.035ns  ((TSJ^2 + TIJ^2)^1/2 + DJ) / 2 + PE
    Total System Jitter     (TSJ):    0.071ns
    Total Input Jitter      (TIJ):    0.000ns
    Discrete Jitter          (DJ):    0.000ns
    Phase Error              (PE):    0.000ns

    Location             Delay type                Incr(ns)  Path(ns)    Netlist Resource(s)
  -------------------------------------------------------------------    -------------------
                         (clock clk rise edge)        0.000     0.000 r  
                                                      0.000     0.000 r  clk (IN)
                         net (fo=606, unset)          0.973     0.973    clk
    SLICE_X13Y24         FDCE                                         r  r0_i_15/C
  -------------------------------------------------------------------    -------------------
    SLICE_X13Y24         FDCE (Prop_fdce_C_Q)         0.456     1.429 f  r0_i_15/Q
                         net (fo=14, routed)          0.566     1.995    u_mult/u_mult/u_est/r0
    SLICE_X13Y25                                                      f  u_mult/u_mult/u_est/r0_i_10/I1
    SLICE_X13Y25         LUT2 (Prop_lut2_I1_O)        0.118     2.113 f  u_mult/u_mult/u_est/r0_i_10/O
                         net (fo=1, routed)           0.741     2.853    u_mult/u_mult/u_red/A[3]
    DSP48_X0Y11                                                       f  u_mult/u_mult/u_red/r0/A[3]
    DSP48_X0Y11          DSP48E1 (Prop_dsp48e1_A[3]_P[21])
                                                      4.043     6.896 f  u_mult/u_mult/u_red/r0/P[21]
                         net (fo=1, routed)           1.057     7.953    u_mult/u_mult/u_red/r0_n_84
    SLICE_X10Y26                                                      f  u_mult/u_mult/u_red/result[11]_i_5/I2
    SLICE_X10Y26         LUT6 (Prop_lut6_I2_O)        0.124     8.077 f  u_mult/u_mult/u_red/result[11]_i_5/O
                         net (fo=1, routed)           0.423     8.500    u_mult/u_mult/u_red/result[11]_i_5_n_0
    SLICE_X13Y26                                                      f  u_mult/u_mult/u_red/result[11]_i_3/I0
    SLICE_X13Y26         LUT5 (Prop_lut5_I0_O)        0.124     8.624 f  u_mult/u_mult/u_red/result[11]_i_3/O
                         net (fo=5, routed)           0.341     8.965    u_mult/u_mult/u_red/result[11]_i_3_n_0
    SLICE_X15Y27                                                      f  u_mult/u_mult/u_red/result[8]_i_2/I4
    SLICE_X15Y27         LUT5 (Prop_lut5_I4_O)        0.124     9.089 r  u_mult/u_mult/u_red/result[8]_i_2/O
                         net (fo=8, routed)           0.521     9.610    u_mult/u_mult/u_red/result[8]_i_2_n_0
    SLICE_X15Y27                                                      r  u_mult/u_mult/u_red/result[6]_i_1/I1
    SLICE_X15Y27         LUT3 (Prop_lut3_I1_O)        0.124     9.734 r  u_mult/u_mult/u_red/result[6]_i_1/O
                         net (fo=1, routed)           0.000     9.734    u_mult/u_mult/reduced[6]
    SLICE_X15Y27         FDCE                                         r  u_mult/u_mult/result_reg[6]/D
  -------------------------------------------------------------------    -------------------

                         (clock clk rise edge)        8.900     8.900 r  
                                                      0.000     8.900 r  clk (IN)
                         net (fo=606, unset)          0.924     9.824    u_mult/u_mult/clk
    SLICE_X15Y27         FDCE                                         r  u_mult/u_mult/result_reg[6]/C
                         clock pessimism              0.000     9.824    
                         clock uncertainty           -0.035     9.789    
    SLICE_X15Y27         FDCE (Setup_fdce_C_D)        0.031     9.820    u_mult/u_mult/result_reg[6]
  -------------------------------------------------------------------
                         required time                          9.820    
                         arrival time                          -9.734    
  -------------------------------------------------------------------
                         slack                                  0.086    

Slack (MET) :             0.086ns  (required time - arrival time)
  Source:                 r0_i_15/C
                            (rising edge-triggered cell FDCE clocked by clk  {rise@0.000ns fall@4.450ns period=8.900ns})
  Destination:            u_mult/u_mult/result_reg[6]/D
                            (rising edge-triggered cell FDCE clocked by clk  {rise@0.000ns fall@4.450ns period=8.900ns})
  Path Group:             clk
  Path Type:              Setup (Max at Slow Process Corner)
  Requirement:            8.900ns  (clk rise@8.900ns - clk rise@0.000ns)
  Data Path Delay:        8.761ns  (logic 5.113ns (58.364%)  route 3.648ns (41.636%))
  Logic Levels:           6  (DSP48E1=1 LUT2=1 LUT3=1 LUT5=2 LUT6=1)
  Clock Path Skew:        -0.049ns (DCD - SCD + CPR)
    Destination Clock Delay (DCD):    0.924ns = ( 9.824 - 8.900 ) 
    Source Clock Delay      (SCD):    0.973ns
    Clock Pessimism Removal (CPR):    0.000ns
  Clock Uncertainty:      0.035ns  ((TSJ^2 + TIJ^2)^1/2 + DJ) / 2 + PE
    Total System Jitter     (TSJ):    0.071ns
    Total Input Jitter      (TIJ):    0.000ns
    Discrete Jitter          (DJ):    0.000ns
    Phase Error              (PE):    0.000ns

    Location             Delay type                Incr(ns)  Path(ns)    Netlist Resource(s)
  -------------------------------------------------------------------    -------------------
                         (clock clk rise edge)        0.000     0.000 r  
                                                      0.000     0.000 r  clk (IN)
                         net (fo=606, unset)          0.973     0.973    clk
    SLICE_X13Y24         FDCE                                         r  r0_i_15/C
  -------------------------------------------------------------------    -------------------
    SLICE_X13Y24         FDCE (Prop_fdce_C_Q)         0.456     1.429 r  r0_i_15/Q
                         net (fo=14, routed)          0.566     1.995    u_mult/u_mult/u_est/r0
    SLICE_X13Y25                                                      r  u_mult/u_mult/u_est/r0_i_10/I1
    SLICE_X13Y25         LUT2 (Prop_lut2_I1_O)        0.118     2.113 r  u_mult/u_mult/u_est/r0_i_10/O
                         net (fo=1, routed)           0.741     2.853    u_mult/u_mult/u_red/A[3]
    DSP48_X0Y11                                                       r  u_mult/u_mult/u_red/r0/A[3]
    DSP48_X0Y11          DSP48E1 (Prop_dsp48e1_A[3]_P[21])
                                                      4.043     6.896 r  u_mult/u_mult/u_red/r0/P[21]
                         net (fo=1, routed)           1.057     7.953    u_mult/u_mult/u_red/r0_n_84
    SLICE_X10Y26                                                      r  u_mult/u_mult/u_red/result[11]_i_5/I2
    SLICE_X10Y26         LUT6 (Prop_lut6_I2_O)        0.124     8.077 r  u_mult/u_mult/u_red/result[11]_i_5/O
                         net (fo=1, routed)           0.423     8.500    u_mult/u_mult/u_red/result[11]_i_5_n_0
    SLICE_X13Y26                                                      r  u_mult/u_mult/u_red/result[11]_i_3/I0
    SLICE_X13Y26         LUT5 (Prop_lut5_I0_O)        0.124     8.624 r  u_mult/u_mult/u_red/result[11]_i_3/O
                         net (fo=5, routed)           0.341     8.965    u_mult/u_mult/u_red/result[11]_i_3_n_0
    SLICE_X15Y27                                                      r  u_mult/u_mult/u_red/result[8]_i_2/I4
    SLICE_X15Y27         LUT5 (Prop_lut5_I4_O)        0.124     9.089 f  u_mult/u_mult/u_red/result[8]_i_2/O
                         net (fo=8, routed)           0.521     9.610    u_mult/u_mult/u_red/result[8]_i_2_n_0
    SLICE_X15Y27                                                      f  u_mult/u_mult/u_red/result[6]_i_1/I1
    SLICE_X15Y27         LUT3 (Prop_lut3_I1_O)        0.124     9.734 r  u_mult/u_mult/u_red/result[6]_i_1/O
                         net (fo=1, routed)           0.000     9.734    u_mult/u_mult/reduced[6]
    SLICE_X15Y27         FDCE                                         r  u_mult/u_mult/result_reg[6]/D
  -------------------------------------------------------------------    -------------------

                         (clock clk rise edge)        8.900     8.900 r  
                                                      0.000     8.900 r  clk (IN)
                         net (fo=606, unset)          0.924     9.824    u_mult/u_mult/clk
    SLICE_X15Y27         FDCE                                         r  u_mult/u_mult/result_reg[6]/C
                         clock pessimism              0.000     9.824    
                         clock uncertainty           -0.035     9.789    
    SLICE_X15Y27         FDCE (Setup_fdce_C_D)        0.031     9.820    u_mult/u_mult/result_reg[6]
  -------------------------------------------------------------------
                         required time                          9.820    
                         arrival time                          -9.734    
  -------------------------------------------------------------------
                         slack                                  0.086    




