Copyright 1986-2022 Xilinx, Inc. All Rights Reserved. Copyright 2022-2024 Advanced Micro Devices, Inc. All Rights Reserved.
-------------------------------------------------------------------------------------------------------------------------------------------------------------------------------------------------------------------------------
| Tool Version : Vivado v.2024.2 (lin64) Build 5239630 Fri Nov 08 22:34:34 MST 2024
| Date         : Thu Oct  1 17:35:38 2026
| Host         : <redacted> running 64-bit Ubuntu 24.04.4 LTS
| Command      : report_timing -max_paths 3 -nworst 3 -input_pins -file {<repo>/reports/generated/pipelined_barrett/t9p100_paths.rpt}
| Design       : ntt_core_shared
| Device       : 7a35t-cpg236
| Speed File   : -1  PRODUCTION 1.23 2018-06-13
| Design State : Routed
-------------------------------------------------------------------------------------------------------------------------------------------------------------------------------------------------------------------------------

Timing Report

Slack (MET) :             0.282ns  (required time - arrival time)
  Source:                 FSM_onehot_state_reg[21]/C
                            (rising edge-triggered cell FDCE clocked by clk  {rise@0.000ns fall@4.550ns period=9.100ns})
  Destination:            w_sum_reg[2]/D
                            (rising edge-triggered cell FDCE clocked by clk  {rise@0.000ns fall@4.550ns period=9.100ns})
  Path Group:             clk
  Path Type:              Setup (Max at Slow Process Corner)
  Requirement:            9.100ns  (clk rise@9.100ns - clk rise@0.000ns)
  Data Path Delay:        8.425ns  (logic 2.476ns (29.389%)  route 5.949ns (70.611%))
  Logic Levels:           10  (CARRY4=3 LUT3=2 LUT4=1 LUT6=4)
  Clock Path Skew:        -0.049ns (DCD - SCD + CPR)
    Destination Clock Delay (DCD):    0.924ns = ( 10.024 - 9.100 ) 
    Source Clock Delay      (SCD):    0.973ns
    Clock Pessimism Removal (CPR):    0.000ns
  Clock Uncertainty:      0.035ns  ((TSJ^2 + TIJ^2)^1/2 + DJ) / 2 + PE
    Total System Jitter     (TSJ):    0.071ns
    Total Input Jitter      (TIJ):    0.000ns
    Discrete Jitter          (DJ):    0.000ns
    Phase Error              (PE):    0.000ns

    Location             Delay type                Incr(ns)  Path(ns)    Netlist Resource(s)
  -------------------------------------------------------------------    -------------------
                         (clock clk rise edge)        0.000     0.000 r  
                                                      0.000     0.000 r  clk (IN)
                         net (fo=593, unset)          0.973     0.973    clk
    SLICE_X13Y60         FDCE                                         r  FSM_onehot_state_reg[21]/C
  -------------------------------------------------------------------    -------------------
    SLICE_X13Y60         FDCE (Prop_fdce_C_Q)         0.456     1.429 f  FSM_onehot_state_reg[21]/Q
                         net (fo=47, routed)          1.597     3.026    u_add/mem_a_wd_reg[0][2]
    SLICE_X13Y39                                                      f  u_add/sum_corrected0_carry_i_23/I1
    SLICE_X13Y39         LUT4 (Prop_lut4_I1_O)        0.124     3.150 r  u_add/sum_corrected0_carry_i_23/O
                         net (fo=12, routed)          0.619     3.769    u_add/sum_corrected0_carry_i_23_n_0
    SLICE_X13Y36                                                      r  u_add/sum_corrected0_carry_i_10/I0
    SLICE_X13Y36         LUT6 (Prop_lut6_I0_O)        0.124     3.893 r  u_add/sum_corrected0_carry_i_10/O
                         net (fo=2, routed)           0.716     4.609    u_add/add_a[0]
    SLICE_X14Y34                                                      r  u_add/sum_corrected0_carry_i_14/I0
    SLICE_X14Y34         LUT6 (Prop_lut6_I0_O)        0.124     4.733 r  u_add/sum_corrected0_carry_i_14/O
                         net (fo=1, routed)           0.000     4.733    u_add/sum_corrected0_carry_i_14_n_0
    SLICE_X14Y34                                                      r  u_add/sum_corrected0_carry_i_1/S[0]
    SLICE_X14Y34         CARRY4 (Prop_carry4_S[0]_CO[3])
                                                      0.513     5.246 r  u_add/sum_corrected0_carry_i_1/CO[3]
                         net (fo=1, routed)           0.000     5.246    u_add/sum_corrected0_carry_i_1_n_0
    SLICE_X14Y35                                                      r  u_add/sum_corrected0_carry_i_2/CI
    SLICE_X14Y35         CARRY4 (Prop_carry4_CI_CO[3])
                                                      0.117     5.363 r  u_add/sum_corrected0_carry_i_2/CO[3]
                         net (fo=1, routed)           0.000     5.363    u_add/sum_corrected0_carry_i_2_n_0
    SLICE_X14Y36                                                      r  u_add/sum_corrected0_carry__0_i_1/CI
    SLICE_X14Y36         CARRY4 (Prop_carry4_CI_O[3])
                                                      0.315     5.678 r  u_add/sum_corrected0_carry__0_i_1/O[3]
                         net (fo=6, routed)           0.802     6.480    u_add/sum_corrected0_carry__0_i_1_n_4
    SLICE_X15Y38                                                      r  u_add/w_sum[11]_i_4/I0
    SLICE_X15Y38         LUT3 (Prop_lut3_I0_O)        0.307     6.787 r  u_add/w_sum[11]_i_4/O
                         net (fo=2, routed)           0.414     7.201    u_add/w_sum[11]_i_4_n_0
    SLICE_X15Y37                                                      r  u_add/w_sum[11]_i_3/I3
    SLICE_X15Y37         LUT6 (Prop_lut6_I3_O)        0.124     7.325 r  u_add/w_sum[11]_i_3/O
                         net (fo=1, routed)           0.151     7.477    u_add/w_sum[11]_i_3_n_0
    SLICE_X15Y37                                                      r  u_add/w_sum[11]_i_2/I0
    SLICE_X15Y37         LUT6 (Prop_lut6_I0_O)        0.124     7.601 r  u_add/w_sum[11]_i_2/O
                         net (fo=36, routed)          0.998     8.598    u_add/sum_corrected1__11
    SLICE_X8Y35                                                       r  u_add/w_sum[2]_i_1/I1
    SLICE_X8Y35          LUT3 (Prop_lut3_I1_O)        0.148     8.746 r  u_add/w_sum[2]_i_1/O
                         net (fo=1, routed)           0.652     9.398    add_y[2]
    SLICE_X9Y35          FDCE                                         r  w_sum_reg[2]/D
  -------------------------------------------------------------------    -------------------

                         (clock clk rise edge)        9.100     9.100 r  
                                                      0.000     9.100 r  clk (IN)
                         net (fo=593, unset)          0.924    10.024    clk
    SLICE_X9Y35          FDCE                                         r  w_sum_reg[2]/C
                         clock pessimism              0.000    10.024    
                         clock uncertainty           -0.035     9.989    
    SLICE_X9Y35          FDCE (Setup_fdce_C_D)       -0.309     9.680    w_sum_reg[2]
  -------------------------------------------------------------------
                         required time                          9.680    
                         arrival time                          -9.398    
  -------------------------------------------------------------------
                         slack                                  0.282    

Slack (MET) :             0.282ns  (required time - arrival time)
  Source:                 FSM_onehot_state_reg[21]/C
                            (rising edge-triggered cell FDCE clocked by clk  {rise@0.000ns fall@4.550ns period=9.100ns})
  Destination:            w_sum_reg[2]/D
                            (rising edge-triggered cell FDCE clocked by clk  {rise@0.000ns fall@4.550ns period=9.100ns})
  Path Group:             clk
  Path Type:              Setup (Max at Slow Process Corner)
  Requirement:            9.100ns  (clk rise@9.100ns - clk rise@0.000ns)
  Data Path Delay:        8.425ns  (logic 2.476ns (29.389%)  route 5.949ns (70.611%))
  Logic Levels:           10  (CARRY4=3 LUT3=2 LUT4=1 LUT6=4)
  Clock Path Skew:        -0.049ns (DCD - SCD + CPR)
    Destination Clock Delay (DCD):    0.924ns = ( 10.024 - 9.100 ) 
    Source Clock Delay      (SCD):    0.973ns
    Clock Pessimism Removal (CPR):    0.000ns
  Clock Uncertainty:      0.035ns  ((TSJ^2 + TIJ^2)^1/2 + DJ) / 2 + PE
    Total System Jitter     (TSJ):    0.071ns
    Total Input Jitter      (TIJ):    0.000ns
    Discrete Jitter          (DJ):    0.000ns
    Phase Error              (PE):    0.000ns

    Location             Delay type                Incr(ns)  Path(ns)    Netlist Resource(s)
  -------------------------------------------------------------------    -------------------
                         (clock clk rise edge)        0.000     0.000 r  
                                                      0.000     0.000 r  clk (IN)
                         net (fo=593, unset)          0.973     0.973    clk
    SLICE_X13Y60         FDCE                                         r  FSM_onehot_state_reg[21]/C
  -------------------------------------------------------------------    -------------------
    SLICE_X13Y60         FDCE (Prop_fdce_C_Q)         0.456     1.429 f  FSM_onehot_state_reg[21]/Q
                         net (fo=47, routed)          1.597     3.026    u_add/mem_a_wd_reg[0][2]
    SLICE_X13Y39                                                      f  u_add/sum_corrected0_carry_i_23/I1
    SLICE_X13Y39         LUT4 (Prop_lut4_I1_O)        0.124     3.150 r  u_add/sum_corrected0_carry_i_23/O
                         net (fo=12, routed)          0.619     3.769    u_add/sum_corrected0_carry_i_23_n_0
    SLICE_X13Y36                                                      r  u_add/sum_corrected0_carry_i_10/I0
    SLICE_X13Y36         LUT6 (Prop_lut6_I0_O)        0.124     3.893 r  u_add/sum_corrected0_carry_i_10/O
                         net (fo=2, routed)           0.716     4.609    u_add/add_a[0]
    SLICE_X14Y34                                                      r  u_add/sum_corrected0_carry_i_14/I0
    SLICE_X14Y34         LUT6 (Prop_lut6_I0_O)        0.124     4.733 f  u_add/sum_corrected0_carry_i_14/O
                         net (fo=1, routed)           0.000     4.733    u_add/sum_corrected0_carry_i_14_n_0
    SLICE_X14Y34                                                      f  u_add/sum_corrected0_carry_i_1/S[0]
    SLICE_X14Y34         CARRY4 (Prop_carry4_S[0]_CO[3])
                                                      0.513     5.246 r  u_add/sum_corrected0_carry_i_1/CO[3]
                         net (fo=1, routed)           0.000     5.246    u_add/sum_corrected0_carry_i_1_n_0
    SLICE_X14Y35                                                      r  u_add/sum_corrected0_carry_i_2/CI
    SLICE_X14Y35         CARRY4 (Prop_carry4_CI_CO[3])
                                                      0.117     5.363 r  u_add/sum_corrected0_carry_i_2/CO[3]
                         net (fo=1, routed)           0.000     5.363    u_add/sum_corrected0_carry_i_2_n_0
    SLICE_X14Y36                                                      r  u_add/sum_corrected0_carry__0_i_1/CI
    SLICE_X14Y36         CARRY4 (Prop_carry4_CI_O[3])
                                                      0.315     5.678 r  u_add/sum_corrected0_carry__0_i_1/O[3]
                         net (fo=6, routed)           0.802     6.480    u_add/sum_corrected0_carry__0_i_1_n_4
    SLICE_X15Y38                                                      r  u_add/w_sum[11]_i_4/I0
    SLICE_X15Y38         LUT3 (Prop_lut3_I0_O)        0.307     6.787 r  u_add/w_sum[11]_i_4/O
                         net (fo=2, routed)           0.414     7.201    u_add/w_sum[11]_i_4_n_0
    SLICE_X15Y37                                                      r  u_add/w_sum[11]_i_3/I3
    SLICE_X15Y37         LUT6 (Prop_lut6_I3_O)        0.124     7.325 r  u_add/w_sum[11]_i_3/O
                         net (fo=1, routed)           0.151     7.477    u_add/w_sum[11]_i_3_n_0
    SLICE_X15Y37                                                      r  u_add/w_sum[11]_i_2/I0
    SLICE_X15Y37         LUT6 (Prop_lut6_I0_O)        0.124     7.601 r  u_add/w_sum[11]_i_2/O
                         net (fo=36, routed)          0.998     8.598    u_add/sum_corrected1__11
    SLICE_X8Y35                                                       r  u_add/w_sum[2]_i_1/I1
    SLICE_X8Y35          LUT3 (Prop_lut3_I1_O)        0.148     8.746 r  u_add/w_sum[2]_i_1/O
                         net (fo=1, routed)           0.652     9.398    add_y[2]
    SLICE_X9Y35          FDCE                                         r  w_sum_reg[2]/D
  -------------------------------------------------------------------    -------------------

                         (clock clk rise edge)        9.100     9.100 r  
                                                      0.000     9.100 r  clk (IN)
                         net (fo=593, unset)          0.924    10.024    clk
    SLICE_X9Y35          FDCE                                         r  w_sum_reg[2]/C
                         clock pessimism              0.000    10.024    
                         clock uncertainty           -0.035     9.989    
    SLICE_X9Y35          FDCE (Setup_fdce_C_D)       -0.309     9.680    w_sum_reg[2]
  -------------------------------------------------------------------
                         required time                          9.680    
                         arrival time                          -9.398    
  -------------------------------------------------------------------
                         slack                                  0.282    

Slack (MET) :             0.282ns  (required time - arrival time)
  Source:                 FSM_onehot_state_reg[21]/C
                            (rising edge-triggered cell FDCE clocked by clk  {rise@0.000ns fall@4.550ns period=9.100ns})
  Destination:            w_sum_reg[2]/D
                            (rising edge-triggered cell FDCE clocked by clk  {rise@0.000ns fall@4.550ns period=9.100ns})
  Path Group:             clk
  Path Type:              Setup (Max at Slow Process Corner)
  Requirement:            9.100ns  (clk rise@9.100ns - clk rise@0.000ns)
  Data Path Delay:        8.425ns  (logic 2.476ns (29.389%)  route 5.949ns (70.611%))
  Logic Levels:           10  (CARRY4=3 LUT3=2 LUT4=1 LUT6=4)
  Clock Path Skew:        -0.049ns (DCD - SCD + CPR)
    Destination Clock Delay (DCD):    0.924ns = ( 10.024 - 9.100 ) 
    Source Clock Delay      (SCD):    0.973ns
    Clock Pessimism Removal (CPR):    0.000ns
  Clock Uncertainty:      0.035ns  ((TSJ^2 + TIJ^2)^1/2 + DJ) / 2 + PE
    Total System Jitter     (TSJ):    0.071ns
    Total Input Jitter      (TIJ):    0.000ns
    Discrete Jitter          (DJ):    0.000ns
    Phase Error              (PE):    0.000ns

    Location             Delay type                Incr(ns)  Path(ns)    Netlist Resource(s)
  -------------------------------------------------------------------    -------------------
                         (clock clk rise edge)        0.000     0.000 r  
                                                      0.000     0.000 r  clk (IN)
                         net (fo=593, unset)          0.973     0.973    clk
    SLICE_X13Y60         FDCE                                         r  FSM_onehot_state_reg[21]/C
  -------------------------------------------------------------------    -------------------
    SLICE_X13Y60         FDCE (Prop_fdce_C_Q)         0.456     1.429 f  FSM_onehot_state_reg[21]/Q
                         net (fo=47, routed)          1.597     3.026    u_add/mem_a_wd_reg[0][2]
    SLICE_X13Y39                                                      f  u_add/sum_corrected0_carry_i_23/I1
    SLICE_X13Y39         LUT4 (Prop_lut4_I1_O)        0.124     3.150 r  u_add/sum_corrected0_carry_i_23/O
                         net (fo=12, routed)          0.619     3.769    u_add/sum_corrected0_carry_i_23_n_0
    SLICE_X13Y36                                                      r  u_add/sum_corrected0_carry_i_10/I0
    SLICE_X13Y36         LUT6 (Prop_lut6_I0_O)        0.124     3.893 r  u_add/sum_corrected0_carry_i_10/O
                         net (fo=2, routed)           0.716     4.609    u_add/add_a[0]
    SLICE_X14Y34                                                      r  u_add/sum_corrected0_carry_i_14/I0
    SLICE_X14Y34         LUT6 (Prop_lut6_I0_O)        0.124     4.733 r  u_add/sum_corrected0_carry_i_14/O
                         net (fo=1, routed)           0.000     4.733    u_add/sum_corrected0_carry_i_14_n_0
    SLICE_X14Y34                                                      r  u_add/sum_corrected0_carry_i_1/S[0]
    SLICE_X14Y34         CARRY4 (Prop_carry4_S[0]_CO[3])
                                                      0.513     5.246 r  u_add/sum_corrected0_carry_i_1/CO[3]
                         net (fo=1, routed)           0.000     5.246    u_add/sum_corrected0_carry_i_1_n_0
    SLICE_X14Y35                                                      r  u_add/sum_corrected0_carry_i_2/CI
    SLICE_X14Y35         CARRY4 (Prop_carry4_CI_CO[3])
                                                      0.117     5.363 f  u_add/sum_corrected0_carry_i_2/CO[3]
                         net (fo=1, routed)           0.000     5.363    u_add/sum_corrected0_carry_i_2_n_0
    SLICE_X14Y36                                                      f  u_add/sum_corrected0_carry__0_i_1/CI
    SLICE_X14Y36         CARRY4 (Prop_carry4_CI_O[3])
                                                      0.315     5.678 r  u_add/sum_corrected0_carry__0_i_1/O[3]
                         net (fo=6, routed)           0.802     6.480    u_add/sum_corrected0_carry__0_i_1_n_4
    SLICE_X15Y38                                                      r  u_add/w_sum[11]_i_4/I0
    SLICE_X15Y38         LUT3 (Prop_lut3_I0_O)        0.307     6.787 r  u_add/w_sum[11]_i_4/O
                         net (fo=2, routed)           0.414     7.201    u_add/w_sum[11]_i_4_n_0
    SLICE_X15Y37                                                      r  u_add/w_sum[11]_i_3/I3
    SLICE_X15Y37         LUT6 (Prop_lut6_I3_O)        0.124     7.325 r  u_add/w_sum[11]_i_3/O
                         net (fo=1, routed)           0.151     7.477    u_add/w_sum[11]_i_3_n_0
    SLICE_X15Y37                                                      r  u_add/w_sum[11]_i_2/I0
    SLICE_X15Y37         LUT6 (Prop_lut6_I0_O)        0.124     7.601 r  u_add/w_sum[11]_i_2/O
                         net (fo=36, routed)          0.998     8.598    u_add/sum_corrected1__11
    SLICE_X8Y35                                                       r  u_add/w_sum[2]_i_1/I1
    SLICE_X8Y35          LUT3 (Prop_lut3_I1_O)        0.148     8.746 r  u_add/w_sum[2]_i_1/O
                         net (fo=1, routed)           0.652     9.398    add_y[2]
    SLICE_X9Y35          FDCE                                         r  w_sum_reg[2]/D
  -------------------------------------------------------------------    -------------------

                         (clock clk rise edge)        9.100     9.100 r  
                                                      0.000     9.100 r  clk (IN)
                         net (fo=593, unset)          0.924    10.024    clk
    SLICE_X9Y35          FDCE                                         r  w_sum_reg[2]/C
                         clock pessimism              0.000    10.024    
                         clock uncertainty           -0.035     9.989    
    SLICE_X9Y35          FDCE (Setup_fdce_C_D)       -0.309     9.680    w_sum_reg[2]
  -------------------------------------------------------------------
                         required time                          9.680    
                         arrival time                          -9.398    
  -------------------------------------------------------------------
                         slack                                  0.282    




