Copyright 1986-2022 Xilinx, Inc. All Rights Reserved. Copyright 2022-2024 Advanced Micro Devices, Inc. All Rights Reserved.
-------------------------------------------------------------------------------------------------------------------------------------------------------------------------------------------------------------------
| Tool Version : Vivado v.2024.2 (lin64) Build 5239630 Fri Nov 08 22:34:34 MST 2024
| Date         : Thu Oct  1 17:35:38 2026
| Host         : <redacted> running 64-bit Ubuntu 24.04.4 LTS
| Command      : report_utilization -hierarchical -file {<repo>/reports/generated/pipelined_barrett/t9p100_util_hier.rpt}
| Design       : ntt_core_shared
| Device       : xc7a35tcpg236-1
| Speed File   : -1
| Design State : Routed
-------------------------------------------------------------------------------------------------------------------------------------------------------------------------------------------------------------------

Utilization Design Information

Table of Contents
-----------------
1. Utilization by Hierarchy

1. Utilization by Hierarchy
---------------------------

+---------------------+-----------------------------+------------+------------+---------+------+-----+--------+--------+------------+
|       Instance      |            Module           | Total LUTs | Logic LUTs | LUTRAMs | SRLs | FFs | RAMB36 | RAMB18 | DSP Blocks |
+---------------------+-----------------------------+------------+------------+---------+------+-----+--------+--------+------------+
| ntt_core_shared     |                       (top) |        916 |        660 |     256 |    0 | 336 |      0 |      0 |          3 |
|   (ntt_core_shared) |                       (top) |        713 |        457 |     256 |    0 | 320 |      0 |      0 |          0 |
|   u_add             |                     mod_add |         87 |         87 |       0 |    0 |   0 |      0 |      0 |          0 |
|   u_mult            |                   mult_unit |         69 |         69 |       0 |    0 |  16 |      0 |      0 |          3 |
|     u_mult          | mult_conventional_pipelined |         69 |         69 |       0 |    0 |  16 |      0 |      0 |          3 |
|       (u_mult)      | mult_conventional_pipelined |         24 |         24 |       0 |    0 |  16 |      0 |      0 |          1 |
|       u_est         |   mod_reduce_barrett_stage1 |         19 |         19 |       0 |    0 |   0 |      0 |      0 |          1 |
|       u_red         |   mod_reduce_barrett_stage2 |         26 |         26 |       0 |    0 |   0 |      0 |      0 |          1 |
|   u_sub             |                     mod_sub |         49 |         49 |       0 |    0 |   0 |      0 |      0 |          0 |
+---------------------+-----------------------------+------------+------------+---------+------+-----+--------+--------+------------+
* Note: The sum of lower-level cells may be larger than their parent cells total, due to cross-hierarchy LUT combining


