Copyright 1986-2022 Xilinx, Inc. All Rights Reserved. Copyright 2022-2024 Advanced Micro Devices, Inc. All Rights Reserved.
-------------------------------------------------------------------------------------------------------------------------------------------------------------------------------------------------------------------------------
| Tool Version : Vivado v.2024.2 (lin64) Build 5239630 Fri Nov 08 22:34:34 MST 2024
| Date         : Thu Oct  1 17:34:58 2026
| Host         : <redacted> running 64-bit Ubuntu 24.04.4 LTS
| Command      : report_timing -max_paths 3 -nworst 3 -input_pins -file {<repo>/reports/generated/pipelined_barrett/t9p300_paths.rpt}
| Design       : ntt_core_shared
| Device       : 7a35t-cpg236
| Speed File   : -1  PRODUCTION 1.23 2018-06-13
| Design State : Routed
-------------------------------------------------------------------------------------------------------------------------------------------------------------------------------------------------------------------------------

Timing Report

Slack (MET) :             0.318ns  (required time - arrival time)
  Source:                 r0_i_15/C
                            (rising edge-triggered cell FDCE clocked by clk  {rise@0.000ns fall@4.650ns period=9.300ns})
  Destination:            u_mult/u_mult/result_reg[10]/D
                            (rising edge-triggered cell FDCE clocked by clk  {rise@0.000ns fall@4.650ns period=9.300ns})
  Path Group:             clk
  Path Type:              Setup (Max at Slow Process Corner)
  Requirement:            9.300ns  (clk rise@9.300ns - clk rise@0.000ns)
  Data Path Delay:        8.977ns  (logic 4.855ns (54.083%)  route 4.122ns (45.917%))
  Logic Levels:           5  (DSP48E1=1 LUT2=1 LUT3=1 LUT5=1 LUT6=1)
  Clock Path Skew:        -0.049ns (DCD - SCD + CPR)
    Destination Clock Delay (DCD):    0.924ns = ( 10.224 - 9.300 ) 
    Source Clock Delay      (SCD):    0.973ns
    Clock Pessimism Removal (CPR):    0.000ns
  Clock Uncertainty:      0.035ns  ((TSJ^2 + TIJ^2)^1/2 + DJ) / 2 + PE
    Total System Jitter     (TSJ):    0.071ns
    Total Input Jitter      (TIJ):    0.000ns
    Discrete Jitter          (DJ):    0.000ns
    Phase Error              (PE):    0.000ns

    Location             Delay type                Incr(ns)  Path(ns)    Netlist Resource(s)
  -------------------------------------------------------------------    -------------------
                         (clock clk rise edge)        0.000     0.000 r  
                                                      0.000     0.000 r  clk (IN)
                         net (fo=606, unset)          0.973     0.973    clk
    SLICE_X12Y15         FDCE                                         r  r0_i_15/C
  -------------------------------------------------------------------    -------------------
    SLICE_X12Y15         FDCE (Prop_fdce_C_Q)         0.518     1.491 r  r0_i_15/Q
                         net (fo=14, routed)          0.777     2.268    u_mult/u_mult/u_est/r0
    SLICE_X13Y18                                                      r  u_mult/u_mult/u_est/r0_i_13/I1
    SLICE_X13Y18         LUT2 (Prop_lut2_I1_O)        0.124     2.392 r  u_mult/u_mult/u_est/r0_i_13/O
                         net (fo=1, routed)           0.733     3.125    u_mult/u_mult/u_red/A[0]
    DSP48_X0Y8                                                        r  u_mult/u_mult/u_red/r0/A[0]
    DSP48_X0Y8           DSP48E1 (Prop_dsp48e1_A[0]_P[8])
                                                      3.841     6.966 f  u_mult/u_mult/u_red/r0/P[8]
                         net (fo=3, routed)           1.341     8.307    u_mult/u_mult/u_red/r0_n_97
    SLICE_X13Y19                                                      f  u_mult/u_mult/u_red/result[11]_i_3/I0
    SLICE_X13Y19         LUT6 (Prop_lut6_I0_O)        0.124     8.431 f  u_mult/u_mult/u_red/result[11]_i_3/O
                         net (fo=1, routed)           0.553     8.984    u_mult/u_mult/u_red/result[11]_i_3_n_0
    SLICE_X13Y18                                                      f  u_mult/u_mult/u_red/result[11]_i_2/I3
    SLICE_X13Y18         LUT5 (Prop_lut5_I3_O)        0.124     9.108 r  u_mult/u_mult/u_red/result[11]_i_2/O
                         net (fo=12, routed)          0.718     9.826    u_mult/u_mult/u_red/result[11]_i_2_n_0
    SLICE_X14Y17                                                      r  u_mult/u_mult/u_red/result[10]_i_1/I1
    SLICE_X14Y17         LUT3 (Prop_lut3_I1_O)        0.124     9.950 r  u_mult/u_mult/u_red/result[10]_i_1/O
                         net (fo=1, routed)           0.000     9.950    u_mult/u_mult/reduced[10]
    SLICE_X14Y17         FDCE                                         r  u_mult/u_mult/result_reg[10]/D
  -------------------------------------------------------------------    -------------------

                         (clock clk rise edge)        9.300     9.300 r  
                                                      0.000     9.300 r  clk (IN)
                         net (fo=606, unset)          0.924    10.224    u_mult/u_mult/clk
    SLICE_X14Y17         FDCE                                         r  u_mult/u_mult/result_reg[10]/C
                         clock pessimism              0.000    10.224    
                         clock uncertainty           -0.035    10.189    
    SLICE_X14Y17         FDCE (Setup_fdce_C_D)        0.079    10.268    u_mult/u_mult/result_reg[10]
  -------------------------------------------------------------------
                         required time                         10.268    
                         arrival time                          -9.950    
  -------------------------------------------------------------------
                         slack                                  0.318    

Slack (MET) :             0.318ns  (required time - arrival time)
  Source:                 r0_i_15/C
                            (rising edge-triggered cell FDCE clocked by clk  {rise@0.000ns fall@4.650ns period=9.300ns})
  Destination:            u_mult/u_mult/result_reg[10]/D
                            (rising edge-triggered cell FDCE clocked by clk  {rise@0.000ns fall@4.650ns period=9.300ns})
  Path Group:             clk
  Path Type:              Setup (Max at Slow Process Corner)
  Requirement:            9.300ns  (clk rise@9.300ns - clk rise@0.000ns)
  Data Path Delay:        8.977ns  (logic 4.855ns (54.083%)  route 4.122ns (45.917%))
  Logic Levels:           5  (DSP48E1=1 LUT2=1 LUT3=1 LUT5=1 LUT6=1)
  Clock Path Skew:        -0.049ns (DCD - SCD + CPR)
    Destination Clock Delay (DCD):    0.924ns = ( 10.224 - 9.300 ) 
    Source Clock Delay      (SCD):    0.973ns
    Clock Pessimism Removal (CPR):    0.000ns
  Clock Uncertainty:      0.035ns  ((TSJ^2 + TIJ^2)^1/2 + DJ) / 2 + PE
    Total System Jitter     (TSJ):    0.071ns
    Total Input Jitter      (TIJ):    0.000ns
    Discrete Jitter          (DJ):    0.000ns
    Phase Error              (PE):    0.000ns

    Location             Delay type                Incr(ns)  Path(ns)    Netlist Resource(s)
  -------------------------------------------------------------------    -------------------
                         (clock clk rise edge)        0.000     0.000 r  
                                                      0.000     0.000 r  clk (IN)
                         net (fo=606, unset)          0.973     0.973    clk
    SLICE_X12Y15         FDCE                                         r  r0_i_15/C
  -------------------------------------------------------------------    -------------------
    SLICE_X12Y15         FDCE (Prop_fdce_C_Q)         0.518     1.491 f  r0_i_15/Q
                         net (fo=14, routed)          0.777     2.268    u_mult/u_mult/u_est/r0
    SLICE_X13Y18                                                      f  u_mult/u_mult/u_est/r0_i_13/I1
    SLICE_X13Y18         LUT2 (Prop_lut2_I1_O)        0.124     2.392 f  u_mult/u_mult/u_est/r0_i_13/O
                         net (fo=1, routed)           0.733     3.125    u_mult/u_mult/u_red/A[0]
    DSP48_X0Y8                                                        f  u_mult/u_mult/u_red/r0/A[0]
    DSP48_X0Y8           DSP48E1 (Prop_dsp48e1_A[0]_P[8])
                                                      3.841     6.966 f  u_mult/u_mult/u_red/r0/P[8]
                         net (fo=3, routed)           1.341     8.307    u_mult/u_mult/u_red/r0_n_97
    SLICE_X13Y19                                                      f  u_mult/u_mult/u_red/result[11]_i_3/I0
    SLICE_X13Y19         LUT6 (Prop_lut6_I0_O)        0.124     8.431 f  u_mult/u_mult/u_red/result[11]_i_3/O
                         net (fo=1, routed)           0.553     8.984    u_mult/u_mult/u_red/result[11]_i_3_n_0
    SLICE_X13Y18                                                      f  u_mult/u_mult/u_red/result[11]_i_2/I3
    SLICE_X13Y18         LUT5 (Prop_lut5_I3_O)        0.124     9.108 r  u_mult/u_mult/u_red/result[11]_i_2/O
                         net (fo=12, routed)          0.718     9.826    u_mult/u_mult/u_red/result[11]_i_2_n_0
    SLICE_X14Y17                                                      r  u_mult/u_mult/u_red/result[10]_i_1/I1
    SLICE_X14Y17         LUT3 (Prop_lut3_I1_O)        0.124     9.950 r  u_mult/u_mult/u_red/result[10]_i_1/O
                         net (fo=1, routed)           0.000     9.950    u_mult/u_mult/reduced[10]
    SLICE_X14Y17         FDCE                                         r  u_mult/u_mult/result_reg[10]/D
  -------------------------------------------------------------------    -------------------

                         (clock clk rise edge)        9.300     9.300 r  
                                                      0.000     9.300 r  clk (IN)
                         net (fo=606, unset)          0.924    10.224    u_mult/u_mult/clk
    SLICE_X14Y17         FDCE                                         r  u_mult/u_mult/result_reg[10]/C
                         clock pessimism              0.000    10.224    
                         clock uncertainty           -0.035    10.189    
    SLICE_X14Y17         FDCE (Setup_fdce_C_D)        0.079    10.268    u_mult/u_mult/result_reg[10]
  -------------------------------------------------------------------
                         required time                         10.268    
                         arrival time                          -9.950    
  -------------------------------------------------------------------
                         slack                                  0.318    

Slack (MET) :             0.318ns  (required time - arrival time)
  Source:                 r0_i_15/C
                            (rising edge-triggered cell FDCE clocked by clk  {rise@0.000ns fall@4.650ns period=9.300ns})
  Destination:            u_mult/u_mult/result_reg[10]/D
                            (rising edge-triggered cell FDCE clocked by clk  {rise@0.000ns fall@4.650ns period=9.300ns})
  Path Group:             clk
  Path Type:              Setup (Max at Slow Process Corner)
  Requirement:            9.300ns  (clk rise@9.300ns - clk rise@0.000ns)
  Data Path Delay:        8.977ns  (logic 4.855ns (54.083%)  route 4.122ns (45.917%))
  Logic Levels:           5  (DSP48E1=1 LUT2=1 LUT3=1 LUT5=1 LUT6=1)
  Clock Path Skew:        -0.049ns (DCD - SCD + CPR)
    Destination Clock Delay (DCD):    0.924ns = ( 10.224 - 9.300 ) 
    Source Clock Delay      (SCD):    0.973ns
    Clock Pessimism Removal (CPR):    0.000ns
  Clock Uncertainty:      0.035ns  ((TSJ^2 + TIJ^2)^1/2 + DJ) / 2 + PE
    Total System Jitter     (TSJ):    0.071ns
    Total Input Jitter      (TIJ):    0.000ns
    Discrete Jitter          (DJ):    0.000ns
    Phase Error              (PE):    0.000ns

    Location             Delay type                Incr(ns)  Path(ns)    Netlist Resource(s)
  -------------------------------------------------------------------    -------------------
                         (clock clk rise edge)        0.000     0.000 r  
                                                      0.000     0.000 r  clk (IN)
                         net (fo=606, unset)          0.973     0.973    clk
    SLICE_X12Y15         FDCE                                         r  r0_i_15/C
  -------------------------------------------------------------------    -------------------
    SLICE_X12Y15         FDCE (Prop_fdce_C_Q)         0.518     1.491 r  r0_i_15/Q
                         net (fo=14, routed)          0.777     2.268    u_mult/u_mult/u_est/r0
    SLICE_X13Y18                                                      r  u_mult/u_mult/u_est/r0_i_13/I1
    SLICE_X13Y18         LUT2 (Prop_lut2_I1_O)        0.124     2.392 r  u_mult/u_mult/u_est/r0_i_13/O
                         net (fo=1, routed)           0.733     3.125    u_mult/u_mult/u_red/A[0]
    DSP48_X0Y8                                                        r  u_mult/u_mult/u_red/r0/A[0]
    DSP48_X0Y8           DSP48E1 (Prop_dsp48e1_A[0]_P[8])
                                                      3.841     6.966 r  u_mult/u_mult/u_red/r0/P[8]
                         net (fo=3, routed)           1.341     8.307    u_mult/u_mult/u_red/r0_n_97
    SLICE_X13Y19                                                      r  u_mult/u_mult/u_red/result[11]_i_3/I0
    SLICE_X13Y19         LUT6 (Prop_lut6_I0_O)        0.124     8.431 r  u_mult/u_mult/u_red/result[11]_i_3/O
                         net (fo=1, routed)           0.553     8.984    u_mult/u_mult/u_red/result[11]_i_3_n_0
    SLICE_X13Y18                                                      r  u_mult/u_mult/u_red/result[11]_i_2/I3
    SLICE_X13Y18         LUT5 (Prop_lut5_I3_O)        0.124     9.108 f  u_mult/u_mult/u_red/result[11]_i_2/O
                         net (fo=12, routed)          0.718     9.826    u_mult/u_mult/u_red/result[11]_i_2_n_0
    SLICE_X14Y17                                                      f  u_mult/u_mult/u_red/result[10]_i_1/I1
    SLICE_X14Y17         LUT3 (Prop_lut3_I1_O)        0.124     9.950 r  u_mult/u_mult/u_red/result[10]_i_1/O
                         net (fo=1, routed)           0.000     9.950    u_mult/u_mult/reduced[10]
    SLICE_X14Y17         FDCE                                         r  u_mult/u_mult/result_reg[10]/D
  -------------------------------------------------------------------    -------------------

                         (clock clk rise edge)        9.300     9.300 r  
                                                      0.000     9.300 r  clk (IN)
                         net (fo=606, unset)          0.924    10.224    u_mult/u_mult/clk
    SLICE_X14Y17         FDCE                                         r  u_mult/u_mult/result_reg[10]/C
                         clock pessimism              0.000    10.224    
                         clock uncertainty           -0.035    10.189    
    SLICE_X14Y17         FDCE (Setup_fdce_C_D)        0.079    10.268    u_mult/u_mult/result_reg[10]
  -------------------------------------------------------------------
                         required time                         10.268    
                         arrival time                          -9.950    
  -------------------------------------------------------------------
                         slack                                  0.318    




