Copyright 1986-2022 Xilinx, Inc. All Rights Reserved. Copyright 2022-2024 Advanced Micro Devices, Inc. All Rights Reserved.
-------------------------------------------------------------------------------------------------------------------------------------------------------------------------------------------------------------------------------
| Tool Version : Vivado v.2024.2 (lin64) Build 5239630 Fri Nov 08 22:34:34 MST 2024
| Date         : Thu Oct  1 17:34:20 2026
| Host         : <redacted> running 64-bit Ubuntu 24.04.4 LTS
| Command      : report_timing -max_paths 3 -nworst 3 -input_pins -file {<repo>/reports/generated/pipelined_barrett/t9p500_paths.rpt}
| Design       : ntt_core_shared
| Device       : 7a35t-cpg236
| Speed File   : -1  PRODUCTION 1.23 2018-06-13
| Design State : Routed
-------------------------------------------------------------------------------------------------------------------------------------------------------------------------------------------------------------------------------

Timing Report

Slack (MET) :             0.416ns  (required time - arrival time)
  Source:                 FSM_onehot_state_reg[30]/C
                            (rising edge-triggered cell FDCE clocked by clk  {rise@0.000ns fall@4.750ns period=9.500ns})
  Destination:            wa_reg[1]/D
                            (rising edge-triggered cell FDCE clocked by clk  {rise@0.000ns fall@4.750ns period=9.500ns})
  Path Group:             clk
  Path Type:              Setup (Max at Slow Process Corner)
  Requirement:            9.500ns  (clk rise@9.500ns - clk rise@0.000ns)
  Data Path Delay:        9.029ns  (logic 1.710ns (18.940%)  route 7.319ns (81.060%))
  Logic Levels:           9  (LUT3=1 LUT4=1 LUT5=2 LUT6=4 RAMD64E=1)
  Clock Path Skew:        -0.049ns (DCD - SCD + CPR)
    Destination Clock Delay (DCD):    0.924ns = ( 10.424 - 9.500 ) 
    Source Clock Delay      (SCD):    0.973ns
    Clock Pessimism Removal (CPR):    0.000ns
  Clock Uncertainty:      0.035ns  ((TSJ^2 + TIJ^2)^1/2 + DJ) / 2 + PE
    Total System Jitter     (TSJ):    0.071ns
    Total Input Jitter      (TIJ):    0.000ns
    Discrete Jitter          (DJ):    0.000ns
    Phase Error              (PE):    0.000ns

    Location             Delay type                Incr(ns)  Path(ns)    Netlist Resource(s)
  -------------------------------------------------------------------    -------------------
                         (clock clk rise edge)        0.000     0.000 r  
                                                      0.000     0.000 r  clk (IN)
                         net (fo=593, unset)          0.973     0.973    clk
    SLICE_X1Y24          FDCE                                         r  FSM_onehot_state_reg[30]/C
  -------------------------------------------------------------------    -------------------
    SLICE_X1Y24          FDCE (Prop_fdce_C_Q)         0.419     1.392 f  FSM_onehot_state_reg[30]/Q
                         net (fo=40, routed)          0.997     2.389    u_mult/u_mult/Q[30]
    SLICE_X3Y23                                                       f  u_mult/u_mult/FSM_onehot_state[36]_i_2/I0
    SLICE_X3Y23          LUT4 (Prop_lut4_I0_O)        0.299     2.688 f  u_mult/u_mult/FSM_onehot_state[36]_i_2/O
                         net (fo=6, routed)           0.972     3.660    u_mult_n_17
    SLICE_X1Y25                                                       f  mem_a_reg_r2_0_63_0_2_i_10/I4
    SLICE_X1Y25          LUT6 (Prop_lut6_I4_O)        0.124     3.784 f  mem_a_reg_r2_0_63_0_2_i_10/O
                         net (fo=2, routed)           0.798     4.582    state_reg[2]
    SLICE_X3Y25                                                       f  mem_a_reg_r2_0_63_0_2_i_7/I0
    SLICE_X3Y25          LUT6 (Prop_lut6_I0_O)        0.124     4.706 r  mem_a_reg_r2_0_63_0_2_i_7/O
                         net (fo=22, routed)          0.465     5.171    in_bm
    SLICE_X3Y26                                                       r  mem_a_reg_r1_0_63_0_2_i_23/I2
    SLICE_X3Y26          LUT3 (Prop_lut3_I2_O)        0.124     5.295 r  mem_a_reg_r1_0_63_0_2_i_23/O
                         net (fo=29, routed)          0.991     6.286    mem_a_reg_r1_0_63_0_2_i_23_n_0
    SLICE_X5Y29                                                       r  mem_a_reg_r1_0_63_0_2_i_18/I1
    SLICE_X5Y29          LUT5 (Prop_lut5_I1_O)        0.124     6.410 r  mem_a_reg_r1_0_63_0_2_i_18/O
                         net (fo=1, routed)           0.433     6.843    mem_a_reg_r1_0_63_0_2_i_18_n_0
    SLICE_X5Y29                                                       r  mem_a_reg_r1_0_63_0_2_i_6/I4
    SLICE_X5Y29          LUT5 (Prop_lut5_I4_O)        0.124     6.967 r  mem_a_reg_r1_0_63_0_2_i_6/O
                         net (fo=48, routed)          1.095     8.062    mem_a_reg_r1_192_255_0_2/ADDRB4
    SLICE_X6Y21                                                       r  mem_a_reg_r1_192_255_0_2/RAMB/RADR4
    SLICE_X6Y21          RAMD64E (Prop_ramd64e_RADR4_O)
                                                      0.124     8.186 r  mem_a_reg_r1_192_255_0_2/RAMB/O
                         net (fo=2, routed)           0.893     9.080    mem_a_reg_r1_192_255_0_2_n_1
    SLICE_X4Y24                                                       r  wa[1]_i_2/I0
    SLICE_X4Y24          LUT6 (Prop_lut6_I0_O)        0.124     9.204 r  wa[1]_i_2/O
                         net (fo=1, routed)           0.674     9.878    wa[1]_i_2_n_0
    SLICE_X4Y24                                                       r  wa[1]_i_1/I2
    SLICE_X4Y24          LUT6 (Prop_lut6_I2_O)        0.124    10.002 r  wa[1]_i_1/O
                         net (fo=1, routed)           0.000    10.002    wa[1]_i_1_n_0
    SLICE_X4Y24          FDCE                                         r  wa_reg[1]/D
  -------------------------------------------------------------------    -------------------

                         (clock clk rise edge)        9.500     9.500 r  
                                                      0.000     9.500 r  clk (IN)
                         net (fo=593, unset)          0.924    10.424    clk
    SLICE_X4Y24          FDCE                                         r  wa_reg[1]/C
                         clock pessimism              0.000    10.424    
                         clock uncertainty           -0.035    10.389    
    SLICE_X4Y24          FDCE (Setup_fdce_C_D)        0.029    10.418    wa_reg[1]
  -------------------------------------------------------------------
                         required time                         10.418    
                         arrival time                         -10.002    
  -------------------------------------------------------------------
                         slack                                  0.416    

Slack (MET) :             0.416ns  (required time - arrival time)
  Source:                 FSM_onehot_state_reg[30]/C
                            (rising edge-triggered cell FDCE clocked by clk  {rise@0.000ns fall@4.750ns period=9.500ns})
  Destination:            wa_reg[1]/D
                            (rising edge-triggered cell FDCE clocked by clk  {rise@0.000ns fall@4.750ns period=9.500ns})
  Path Group:             clk
  Path Type:              Setup (Max at Slow Process Corner)
  Requirement:            9.500ns  (clk rise@9.500ns - clk rise@0.000ns)
  Data Path Delay:        9.029ns  (logic 1.710ns (18.940%)  route 7.319ns (81.060%))
  Logic Levels:           9  (LUT3=1 LUT4=1 LUT5=2 LUT6=4 RAMD64E=1)
  Clock Path Skew:        -0.049ns (DCD - SCD + CPR)
    Destination Clock Delay (DCD):    0.924ns = ( 10.424 - 9.500 ) 
    Source Clock Delay      (SCD):    0.973ns
    Clock Pessimism Removal (CPR):    0.000ns
  Clock Uncertainty:      0.035ns  ((TSJ^2 + TIJ^2)^1/2 + DJ) / 2 + PE
    Total System Jitter     (TSJ):    0.071ns
    Total Input Jitter      (TIJ):    0.000ns
    Discrete Jitter          (DJ):    0.000ns
    Phase Error              (PE):    0.000ns

    Location             Delay type                Incr(ns)  Path(ns)    Netlist Resource(s)
  -------------------------------------------------------------------    -------------------
                         (clock clk rise edge)        0.000     0.000 r  
                                                      0.000     0.000 r  clk (IN)
                         net (fo=593, unset)          0.973     0.973    clk
    SLICE_X1Y24          FDCE                                         r  FSM_onehot_state_reg[30]/C
  -------------------------------------------------------------------    -------------------
    SLICE_X1Y24          FDCE (Prop_fdce_C_Q)         0.419     1.392 r  FSM_onehot_state_reg[30]/Q
                         net (fo=40, routed)          0.997     2.389    u_mult/u_mult/Q[30]
    SLICE_X3Y23                                                       r  u_mult/u_mult/FSM_onehot_state[36]_i_2/I0
    SLICE_X3Y23          LUT4 (Prop_lut4_I0_O)        0.299     2.688 r  u_mult/u_mult/FSM_onehot_state[36]_i_2/O
                         net (fo=6, routed)           0.972     3.660    u_mult_n_17
    SLICE_X1Y25                                                       r  mem_a_reg_r2_0_63_0_2_i_10/I4
    SLICE_X1Y25          LUT6 (Prop_lut6_I4_O)        0.124     3.784 r  mem_a_reg_r2_0_63_0_2_i_10/O
                         net (fo=2, routed)           0.798     4.582    state_reg[2]
    SLICE_X3Y25                                                       r  mem_a_reg_r2_0_63_0_2_i_7/I0
    SLICE_X3Y25          LUT6 (Prop_lut6_I0_O)        0.124     4.706 f  mem_a_reg_r2_0_63_0_2_i_7/O
                         net (fo=22, routed)          0.465     5.171    in_bm
    SLICE_X3Y26                                                       f  mem_a_reg_r1_0_63_0_2_i_23/I2
    SLICE_X3Y26          LUT3 (Prop_lut3_I2_O)        0.124     5.295 f  mem_a_reg_r1_0_63_0_2_i_23/O
                         net (fo=29, routed)          0.991     6.286    mem_a_reg_r1_0_63_0_2_i_23_n_0
    SLICE_X5Y29                                                       f  mem_a_reg_r1_0_63_0_2_i_18/I1
    SLICE_X5Y29          LUT5 (Prop_lut5_I1_O)        0.124     6.410 f  mem_a_reg_r1_0_63_0_2_i_18/O
                         net (fo=1, routed)           0.433     6.843    mem_a_reg_r1_0_63_0_2_i_18_n_0
    SLICE_X5Y29                                                       f  mem_a_reg_r1_0_63_0_2_i_6/I4
    SLICE_X5Y29          LUT5 (Prop_lut5_I4_O)        0.124     6.967 f  mem_a_reg_r1_0_63_0_2_i_6/O
                         net (fo=48, routed)          1.095     8.062    mem_a_reg_r1_192_255_0_2/ADDRB4
    SLICE_X6Y21                                                       f  mem_a_reg_r1_192_255_0_2/RAMB/RADR4
    SLICE_X6Y21          RAMD64E (Prop_ramd64e_RADR4_O)
                                                      0.124     8.186 r  mem_a_reg_r1_192_255_0_2/RAMB/O
                         net (fo=2, routed)           0.893     9.080    mem_a_reg_r1_192_255_0_2_n_1
    SLICE_X4Y24                                                       r  wa[1]_i_2/I0
    SLICE_X4Y24          LUT6 (Prop_lut6_I0_O)        0.124     9.204 r  wa[1]_i_2/O
                         net (fo=1, routed)           0.674     9.878    wa[1]_i_2_n_0
    SLICE_X4Y24                                                       r  wa[1]_i_1/I2
    SLICE_X4Y24          LUT6 (Prop_lut6_I2_O)        0.124    10.002 r  wa[1]_i_1/O
                         net (fo=1, routed)           0.000    10.002    wa[1]_i_1_n_0
    SLICE_X4Y24          FDCE                                         r  wa_reg[1]/D
  -------------------------------------------------------------------    -------------------

                         (clock clk rise edge)        9.500     9.500 r  
                                                      0.000     9.500 r  clk (IN)
                         net (fo=593, unset)          0.924    10.424    clk
    SLICE_X4Y24          FDCE                                         r  wa_reg[1]/C
                         clock pessimism              0.000    10.424    
                         clock uncertainty           -0.035    10.389    
    SLICE_X4Y24          FDCE (Setup_fdce_C_D)        0.029    10.418    wa_reg[1]
  -------------------------------------------------------------------
                         required time                         10.418    
                         arrival time                         -10.002    
  -------------------------------------------------------------------
                         slack                                  0.416    

Slack (MET) :             0.416ns  (required time - arrival time)
  Source:                 FSM_onehot_state_reg[30]/C
                            (rising edge-triggered cell FDCE clocked by clk  {rise@0.000ns fall@4.750ns period=9.500ns})
  Destination:            wa_reg[1]/D
                            (rising edge-triggered cell FDCE clocked by clk  {rise@0.000ns fall@4.750ns period=9.500ns})
  Path Group:             clk
  Path Type:              Setup (Max at Slow Process Corner)
  Requirement:            9.500ns  (clk rise@9.500ns - clk rise@0.000ns)
  Data Path Delay:        9.029ns  (logic 1.710ns (18.940%)  route 7.319ns (81.060%))
  Logic Levels:           9  (LUT3=1 LUT4=1 LUT5=2 LUT6=4 RAMD64E=1)
  Clock Path Skew:        -0.049ns (DCD - SCD + CPR)
    Destination Clock Delay (DCD):    0.924ns = ( 10.424 - 9.500 ) 
    Source Clock Delay      (SCD):    0.973ns
    Clock Pessimism Removal (CPR):    0.000ns
  Clock Uncertainty:      0.035ns  ((TSJ^2 + TIJ^2)^1/2 + DJ) / 2 + PE
    Total System Jitter     (TSJ):    0.071ns
    Total Input Jitter      (TIJ):    0.000ns
    Discrete Jitter          (DJ):    0.000ns
    Phase Error              (PE):    0.000ns

    Location             Delay type                Incr(ns)  Path(ns)    Netlist Resource(s)
  -------------------------------------------------------------------    -------------------
                         (clock clk rise edge)        0.000     0.000 r  
                                                      0.000     0.000 r  clk (IN)
                         net (fo=593, unset)          0.973     0.973    clk
    SLICE_X1Y24          FDCE                                         r  FSM_onehot_state_reg[30]/C
  -------------------------------------------------------------------    -------------------
    SLICE_X1Y24          FDCE (Prop_fdce_C_Q)         0.419     1.392 f  FSM_onehot_state_reg[30]/Q
                         net (fo=40, routed)          0.997     2.389    u_mult/u_mult/Q[30]
    SLICE_X3Y23                                                       f  u_mult/u_mult/FSM_onehot_state[36]_i_2/I0
    SLICE_X3Y23          LUT4 (Prop_lut4_I0_O)        0.299     2.688 f  u_mult/u_mult/FSM_onehot_state[36]_i_2/O
                         net (fo=6, routed)           0.972     3.660    u_mult_n_17
    SLICE_X1Y25                                                       f  mem_a_reg_r2_0_63_0_2_i_10/I4
    SLICE_X1Y25          LUT6 (Prop_lut6_I4_O)        0.124     3.784 f  mem_a_reg_r2_0_63_0_2_i_10/O
                         net (fo=2, routed)           0.798     4.582    state_reg[2]
    SLICE_X3Y25                                                       f  mem_a_reg_r2_0_63_0_2_i_7/I0
    SLICE_X3Y25          LUT6 (Prop_lut6_I0_O)        0.124     4.706 r  mem_a_reg_r2_0_63_0_2_i_7/O
                         net (fo=22, routed)          0.465     5.171    in_bm
    SLICE_X3Y26                                                       r  mem_a_reg_r1_0_63_0_2_i_23/I2
    SLICE_X3Y26          LUT3 (Prop_lut3_I2_O)        0.124     5.295 r  mem_a_reg_r1_0_63_0_2_i_23/O
                         net (fo=29, routed)          0.991     6.286    mem_a_reg_r1_0_63_0_2_i_23_n_0
    SLICE_X5Y29                                                       r  mem_a_reg_r1_0_63_0_2_i_18/I1
    SLICE_X5Y29          LUT5 (Prop_lut5_I1_O)        0.124     6.410 r  mem_a_reg_r1_0_63_0_2_i_18/O
                         net (fo=1, routed)           0.433     6.843    mem_a_reg_r1_0_63_0_2_i_18_n_0
    SLICE_X5Y29                                                       r  mem_a_reg_r1_0_63_0_2_i_6/I4
    SLICE_X5Y29          LUT5 (Prop_lut5_I4_O)        0.124     6.967 r  mem_a_reg_r1_0_63_0_2_i_6/O
                         net (fo=48, routed)          1.095     8.062    mem_a_reg_r1_192_255_0_2/ADDRB4
    SLICE_X6Y21                                                       r  mem_a_reg_r1_192_255_0_2/RAMB/RADR4
    SLICE_X6Y21          RAMD64E (Prop_ramd64e_RADR4_O)
                                                      0.124     8.186 f  mem_a_reg_r1_192_255_0_2/RAMB/O
                         net (fo=2, routed)           0.893     9.080    mem_a_reg_r1_192_255_0_2_n_1
    SLICE_X4Y24                                                       f  wa[1]_i_2/I0
    SLICE_X4Y24          LUT6 (Prop_lut6_I0_O)        0.124     9.204 f  wa[1]_i_2/O
                         net (fo=1, routed)           0.674     9.878    wa[1]_i_2_n_0
    SLICE_X4Y24                                                       f  wa[1]_i_1/I2
    SLICE_X4Y24          LUT6 (Prop_lut6_I2_O)        0.124    10.002 f  wa[1]_i_1/O
                         net (fo=1, routed)           0.000    10.002    wa[1]_i_1_n_0
    SLICE_X4Y24          FDCE                                         f  wa_reg[1]/D
  -------------------------------------------------------------------    -------------------

                         (clock clk rise edge)        9.500     9.500 r  
                                                      0.000     9.500 r  clk (IN)
                         net (fo=593, unset)          0.924    10.424    clk
    SLICE_X4Y24          FDCE                                         r  wa_reg[1]/C
                         clock pessimism              0.000    10.424    
                         clock uncertainty           -0.035    10.389    
    SLICE_X4Y24          FDCE (Setup_fdce_C_D)        0.029    10.418    wa_reg[1]
  -------------------------------------------------------------------
                         required time                         10.418    
                         arrival time                         -10.002    
  -------------------------------------------------------------------
                         slack                                  0.416    




