$ xvlog -sv -i <repo>/rtl/common -d ZETA_NTT_MEM="../../../data/test_vectors/zetas_ntt.mem" -d ZETA_BM_MEM="../../../data/test_vectors/zetas_basemul.mem" <repo>/rtl/common/mod_reduce_barrett.v <repo>/rtl/common/mod_addsub.v <repo>/rtl/common/mult_conventional.v <repo>/rtl/common/mult_unit.v <repo>/rtl/common/zeta_rom.v <repo>/rtl/shared_pe/ntt_core_shared.v <repo>/tb/functional/tb_masking.v
INFO: [VRFC 10-2263] Analyzing SystemVerilog file "<repo>/rtl/common/mod_reduce_barrett.v" into library work
INFO: [VRFC 10-311] analyzing module mod_reduce_barrett
INFO: [VRFC 10-2263] Analyzing SystemVerilog file "<repo>/rtl/common/mod_addsub.v" into library work
INFO: [VRFC 10-311] analyzing module mod_add
INFO: [VRFC 10-311] analyzing module mod_sub
INFO: [VRFC 10-2263] Analyzing SystemVerilog file "<repo>/rtl/common/mult_conventional.v" into library work
INFO: [VRFC 10-311] analyzing module mult_conventional
INFO: [VRFC 10-2263] Analyzing SystemVerilog file "<repo>/rtl/common/mult_unit.v" into library work
INFO: [VRFC 10-311] analyzing module mult_unit
INFO: [VRFC 10-2263] Analyzing SystemVerilog file "<repo>/rtl/common/zeta_rom.v" into library work
INFO: [VRFC 10-311] analyzing module zeta_rom
INFO: [VRFC 10-2263] Analyzing SystemVerilog file "<repo>/rtl/shared_pe/ntt_core_shared.v" into library work
INFO: [VRFC 10-311] analyzing module ntt_core_shared
INFO: [VRFC 10-2263] Analyzing SystemVerilog file "<repo>/tb/functional/tb_masking.v" into library work
INFO: [VRFC 10-311] analyzing module tb_masking
$ xelab tb_masking -s snap
Vivado Simulator v2024.2.0
Copyright 1986-2022 Xilinx, Inc. All Rights Reserved.
Copyright 2022-2024 Advanced Micro Devices, Inc. All Rights Reserved.
Running: <home>/Desktop/Xilinx/Vivado/2024.2/bin/unwrapped/lnx64.o/xelab tb_masking -s snap 
Multi-threading is on. Using 18 slave threads.
Starting static elaboration
Pass Through NonSizing Optimizer
Completed static elaboration
Starting simulation data flow analysis
Completed simulation data flow analysis
Time Resolution for simulation is 1ps
Compiling module work.mod_reduce_barrett
Compiling module work.mult_conventional
Compiling module work.mult_unit
Compiling module work.zeta_rom
Compiling module work.mod_add
Compiling module work.mod_sub
Compiling module work.ntt_core_shared
Compiling module work.tb_masking
Built simulation snapshot snap
$ xsim snap -R -testplusarg VEC_DIR=../../../data/test_vectors -testplusarg NUM_VEC=64

****** xsim v2024.2 (64-bit)
  **** SW Build 5239630 on Fri Nov 08 22:34:34 MST 2024
  **** IP Build 5239520 on Sun Nov 10 16:12:51 MST 2024
  **** SharedData Build 5239561 on Fri Nov 08 14:39:27 MST 2024
  **** Start of session at: Thu Oct  1 17:44:53 2026
    ** Copyright 1986-2022 Xilinx, Inc. All Rights Reserved.
    ** Copyright 2022-2024 Advanced Micro Devices, Inc. All Rights Reserved.

source xsim.dir/snap/xsim_script.tcl
# xsim {snap} -testplusarg VEC_DIR=../../../data/test_vectors -testplusarg NUM_VEC=64 -autoloadwcfg -runall
Time resolution is 1 ps
run -all
MASKRESULT vectors=64 invocations=192 coefficients=16384 mismatches_vs_unmasked_core=0 mismatches_vs_golden=0 latency_per_invocation_min=27269 latency_per_invocation_max=27269 masked_latency_min=54538 masked_latency_max=54538
MASKING PASS
$finish called at time : 53399082 ns : File "<repo>/tb/functional/tb_masking.v" Line 91
exit
INFO: [Common 17-206] Exiting xsim at Thu Oct  1 17:44:58 2026...
