$ xvlog -sv -i <repo>/rtl/common -d ZETA_NTT_MEM="../../../data/test_vectors/zetas_ntt.mem" -d ZETA_BM_MEM="../../../data/test_vectors/zetas_basemul.mem" <repo>/rtl/common/mod_reduce_barrett.v <repo>/rtl/common/mod_addsub.v <repo>/rtl/common/mult_conventional.v <repo>/rtl/common/mult_unit.v <repo>/rtl/common/zeta_rom.v <repo>/rtl/shared_pe/ntt_core_shared_shuffled.v <repo>/tb/functional/tb_shuffled.v
INFO: [VRFC 10-2263] Analyzing SystemVerilog file "<repo>/rtl/common/mod_reduce_barrett.v" into library work
INFO: [VRFC 10-311] analyzing module mod_reduce_barrett
INFO: [VRFC 10-2263] Analyzing SystemVerilog file "<repo>/rtl/common/mod_addsub.v" into library work
INFO: [VRFC 10-311] analyzing module mod_add
INFO: [VRFC 10-311] analyzing module mod_sub
INFO: [VRFC 10-2263] Analyzing SystemVerilog file "<repo>/rtl/common/mult_conventional.v" into library work
INFO: [VRFC 10-311] analyzing module mult_conventional
INFO: [VRFC 10-2263] Analyzing SystemVerilog file "<repo>/rtl/common/mult_unit.v" into library work
INFO: [VRFC 10-311] analyzing module mult_unit
INFO: [VRFC 10-2263] Analyzing SystemVerilog file "<repo>/rtl/common/zeta_rom.v" into library work
INFO: [VRFC 10-311] analyzing module zeta_rom
INFO: [VRFC 10-2263] Analyzing SystemVerilog file "<repo>/rtl/shared_pe/ntt_core_shared_shuffled.v" into library work
INFO: [VRFC 10-311] analyzing module ntt_core_shared_shuffled
INFO: [VRFC 10-2263] Analyzing SystemVerilog file "<repo>/tb/functional/tb_shuffled.v" into library work
INFO: [VRFC 10-311] analyzing module tb_shuffled
$ xelab tb_shuffled -s snap
Vivado Simulator v2024.2.0
Copyright 1986-2022 Xilinx, Inc. All Rights Reserved.
Copyright 2022-2024 Advanced Micro Devices, Inc. All Rights Reserved.
Running: <home>/Desktop/Xilinx/Vivado/2024.2/bin/unwrapped/lnx64.o/xelab tb_shuffled -s snap 
Multi-threading is on. Using 18 slave threads.
Starting static elaboration
Pass Through NonSizing Optimizer
Completed static elaboration
Starting simulation data flow analysis
Completed simulation data flow analysis
Time Resolution for simulation is 1ps
Compiling module work.mod_reduce_barrett
Compiling module work.mult_conventional
Compiling module work.mult_unit
Compiling module work.zeta_rom
Compiling module work.mod_add
Compiling module work.mod_sub
Compiling module work.ntt_core_shared_shuffled
Compiling module work.tb_shuffled
Built simulation snapshot snap
$ xsim snap -R -testplusarg VEC_DIR=../../../data/test_vectors -testplusarg NUM_VEC=64

****** xsim v2024.2 (64-bit)
  **** SW Build 5239630 on Fri Nov 08 22:34:34 MST 2024
  **** IP Build 5239520 on Sun Nov 10 16:12:51 MST 2024
  **** SharedData Build 5239561 on Fri Nov 08 14:39:27 MST 2024
  **** Start of session at: Thu Oct  1 17:44:37 2026
    ** Copyright 1986-2022 Xilinx, Inc. All Rights Reserved.
    ** Copyright 2022-2024 Advanced Micro Devices, Inc. All Rights Reserved.

source xsim.dir/snap/xsim_script.tcl
# xsim {snap} -testplusarg VEC_DIR=../../../data/test_vectors -testplusarg NUM_VEC=64 -autoloadwcfg -runall
Time resolution is 1 ps
run -all
SHUFSEED seed=ace12345 addr_trace_hash=c80811a4a34d008e
SHUFSEED seed=00000001 addr_trace_hash=8f293f85dc8cc86e
SHUFSEED seed=ffffffff addr_trace_hash=b442bf5f17ce55a3
SHUFSEED seed=deadbeef addr_trace_hash=b280b09555ff7acd
SHUFSEED seed=5a5a5a5a addr_trace_hash=88e1c519ac36efe1
SHUFSEED seed=13579bdf addr_trace_hash=005dd8839e070c16
SHUFRESULT seeds=6 vectors_per_seed=64 runs=384 coefficients=98304 mismatches=0 cycles_min=27269 cycles_max=27269 runs_with_wrong_issue_count=0 runs_with_seed_trace_hash_change=0 distinct_seed_hashes=6
SHUFFLED PASS
$finish called at time : 106805802 ns : File "<repo>/tb/functional/tb_shuffled.v" Line 117
run: Time (s): cpu = 00:00:00.01 ; elapsed = 00:00:12 . Memory (MB): peak = 1332.336 ; gain = 0.000 ; free physical = 12987 ; free virtual = 26288
exit
INFO: xsimkernel Simulation Memory Usage: 254700 KB (Peak: 319976 KB), Simulation CPU Usage: 12530 ms
INFO: [Common 17-206] Exiting xsim at Thu Oct  1 17:44:51 2026...
