Copyright 1986-2022 Xilinx, Inc. All Rights Reserved. Copyright 2022-2024 Advanced Micro Devices, Inc. All Rights Reserved.
------------------------------------------------------------------------------------------------------------------------------------------------------------------------------------------------------------------------
| Tool Version : Vivado v.2024.2 (lin64) Build 5239630 Fri Nov 08 22:34:34 MST 2024
| Date         : Thu Oct  1 17:33:48 2026
| Host         : <redacted> running 64-bit Ubuntu 24.04.4 LTS
| Command      : report_timing -max_paths 3 -nworst 3 -input_pins -file {<repo>/reports/generated/shared_pe/t10p000_paths.rpt}
| Design       : ntt_core_shared
| Device       : 7a35t-cpg236
| Speed File   : -1  PRODUCTION 1.23 2018-06-13
| Design State : Routed
------------------------------------------------------------------------------------------------------------------------------------------------------------------------------------------------------------------------

Timing Report

Slack (VIOLATED) :        -3.011ns  (required time - arrival time)
  Source:                 r0_i_1/C
                            (rising edge-triggered cell FDCE clocked by clk  {rise@0.000ns fall@5.000ns period=10.000ns})
  Destination:            u_mult/u_mult/result_reg[5]/D
                            (rising edge-triggered cell FDCE clocked by clk  {rise@0.000ns fall@5.000ns period=10.000ns})
  Path Group:             clk
  Path Type:              Setup (Max at Slow Process Corner)
  Requirement:            10.000ns  (clk rise@10.000ns - clk rise@0.000ns)
  Data Path Delay:        12.956ns  (logic 8.758ns (67.597%)  route 4.198ns (32.403%))
  Logic Levels:           7  (DSP48E1=2 LUT2=1 LUT3=1 LUT4=1 LUT5=1 LUT6=1)
  Clock Path Skew:        -0.049ns (DCD - SCD + CPR)
    Destination Clock Delay (DCD):    0.924ns = ( 10.924 - 10.000 ) 
    Source Clock Delay      (SCD):    0.973ns
    Clock Pessimism Removal (CPR):    0.000ns
  Clock Uncertainty:      0.035ns  ((TSJ^2 + TIJ^2)^1/2 + DJ) / 2 + PE
    Total System Jitter     (TSJ):    0.071ns
    Total Input Jitter      (TIJ):    0.000ns
    Discrete Jitter          (DJ):    0.000ns
    Phase Error              (PE):    0.000ns

    Location             Delay type                Incr(ns)  Path(ns)    Netlist Resource(s)
  -------------------------------------------------------------------    -------------------
                         (clock clk rise edge)        0.000     0.000 r  
                                                      0.000     0.000 r  clk (IN)
                         net (fo=613, unset)          0.973     0.973    clk
    SLICE_X15Y27         FDCE                                         r  r0_i_1/C
  -------------------------------------------------------------------    -------------------
    SLICE_X15Y27         FDCE (Prop_fdce_C_Q)         0.456     1.429 r  r0_i_1/Q
                         net (fo=27, routed)          0.423     1.852    u_mult/u_mult/u_barrett/OPMODE[0]
    SLICE_X13Y27                                                      r  u_mult/u_mult/u_barrett/mul_full_i_11/I1
    SLICE_X13Y27         LUT2 (Prop_lut2_I1_O)        0.124     1.976 r  u_mult/u_mult/u_barrett/mul_full_i_11/O
                         net (fo=1, routed)           0.683     2.659    u_mult/u_mult/u_barrett/prod_r[13]
    DSP48_X0Y10                                                       r  u_mult/u_mult/u_barrett/mul_full/A[13]
    DSP48_X0Y10          DSP48E1 (Prop_dsp48e1_A[13]_P[32])
                                                      3.841     6.500 r  u_mult/u_mult/u_barrett/mul_full/P[32]
                         net (fo=1, routed)           0.880     7.380    u_mult/u_mult/u_barrett/A[8]
    DSP48_X0Y13                                                       r  u_mult/u_mult/u_barrett/r0/A[8]
    DSP48_X0Y13          DSP48E1 (Prop_dsp48e1_A[8]_P[0])
                                                      3.841    11.221 f  u_mult/u_mult/u_barrett/r0/P[0]
                         net (fo=3, routed)           0.857    12.078    u_mult/u_mult/u_barrett/r0_n_105
    SLICE_X11Y30                                                      f  u_mult/u_mult/u_barrett/result[11]_i_4/I0
    SLICE_X11Y30         LUT4 (Prop_lut4_I0_O)        0.124    12.202 f  u_mult/u_mult/u_barrett/result[11]_i_4/O
                         net (fo=1, routed)           0.596    12.798    u_mult/u_mult/u_barrett/result[11]_i_4_n_0
    SLICE_X13Y31                                                      f  u_mult/u_mult/u_barrett/result[11]_i_2/I1
    SLICE_X13Y31         LUT6 (Prop_lut6_I1_O)        0.124    12.922 f  u_mult/u_mult/u_barrett/result[11]_i_2/O
                         net (fo=5, routed)           0.299    13.221    u_mult/u_mult/u_barrett/result[11]_i_2_n_0
    SLICE_X13Y31                                                      f  u_mult/u_mult/u_barrett/result[8]_i_2/I3
    SLICE_X13Y31         LUT5 (Prop_lut5_I3_O)        0.124    13.345 r  u_mult/u_mult/u_barrett/result[8]_i_2/O
                         net (fo=8, routed)           0.460    13.805    u_mult/u_mult/u_barrett/result[8]_i_2_n_0
    SLICE_X13Y32                                                      r  u_mult/u_mult/u_barrett/result[5]_i_1/I1
    SLICE_X13Y32         LUT3 (Prop_lut3_I1_O)        0.124    13.929 r  u_mult/u_mult/u_barrett/result[5]_i_1/O
                         net (fo=1, routed)           0.000    13.929    u_mult/u_mult/reduced[5]
    SLICE_X13Y32         FDCE                                         r  u_mult/u_mult/result_reg[5]/D
  -------------------------------------------------------------------    -------------------

                         (clock clk rise edge)       10.000    10.000 r  
                                                      0.000    10.000 r  clk (IN)
                         net (fo=613, unset)          0.924    10.924    u_mult/u_mult/clk
    SLICE_X13Y32         FDCE                                         r  u_mult/u_mult/result_reg[5]/C
                         clock pessimism              0.000    10.924    
                         clock uncertainty           -0.035    10.889    
    SLICE_X13Y32         FDCE (Setup_fdce_C_D)        0.029    10.918    u_mult/u_mult/result_reg[5]
  -------------------------------------------------------------------
                         required time                         10.918    
                         arrival time                         -13.929    
  -------------------------------------------------------------------
                         slack                                 -3.011    

Slack (VIOLATED) :        -3.011ns  (required time - arrival time)
  Source:                 r0_i_1/C
                            (rising edge-triggered cell FDCE clocked by clk  {rise@0.000ns fall@5.000ns period=10.000ns})
  Destination:            u_mult/u_mult/result_reg[5]/D
                            (rising edge-triggered cell FDCE clocked by clk  {rise@0.000ns fall@5.000ns period=10.000ns})
  Path Group:             clk
  Path Type:              Setup (Max at Slow Process Corner)
  Requirement:            10.000ns  (clk rise@10.000ns - clk rise@0.000ns)
  Data Path Delay:        12.956ns  (logic 8.758ns (67.597%)  route 4.198ns (32.403%))
  Logic Levels:           7  (DSP48E1=2 LUT2=1 LUT3=1 LUT4=1 LUT5=1 LUT6=1)
  Clock Path Skew:        -0.049ns (DCD - SCD + CPR)
    Destination Clock Delay (DCD):    0.924ns = ( 10.924 - 10.000 ) 
    Source Clock Delay      (SCD):    0.973ns
    Clock Pessimism Removal (CPR):    0.000ns
  Clock Uncertainty:      0.035ns  ((TSJ^2 + TIJ^2)^1/2 + DJ) / 2 + PE
    Total System Jitter     (TSJ):    0.071ns
    Total Input Jitter      (TIJ):    0.000ns
    Discrete Jitter          (DJ):    0.000ns
    Phase Error              (PE):    0.000ns

    Location             Delay type                Incr(ns)  Path(ns)    Netlist Resource(s)
  -------------------------------------------------------------------    -------------------
                         (clock clk rise edge)        0.000     0.000 r  
                                                      0.000     0.000 r  clk (IN)
                         net (fo=613, unset)          0.973     0.973    clk
    SLICE_X15Y27         FDCE                                         r  r0_i_1/C
  -------------------------------------------------------------------    -------------------
    SLICE_X15Y27         FDCE (Prop_fdce_C_Q)         0.456     1.429 f  r0_i_1/Q
                         net (fo=27, routed)          0.423     1.852    u_mult/u_mult/u_barrett/OPMODE[0]
    SLICE_X13Y27                                                      f  u_mult/u_mult/u_barrett/mul_full_i_11/I1
    SLICE_X13Y27         LUT2 (Prop_lut2_I1_O)        0.124     1.976 f  u_mult/u_mult/u_barrett/mul_full_i_11/O
                         net (fo=1, routed)           0.683     2.659    u_mult/u_mult/u_barrett/prod_r[13]
    DSP48_X0Y10                                                       f  u_mult/u_mult/u_barrett/mul_full/A[13]
    DSP48_X0Y10          DSP48E1 (Prop_dsp48e1_A[13]_P[32])
                                                      3.841     6.500 r  u_mult/u_mult/u_barrett/mul_full/P[32]
                         net (fo=1, routed)           0.880     7.380    u_mult/u_mult/u_barrett/A[8]
    DSP48_X0Y13                                                       r  u_mult/u_mult/u_barrett/r0/A[8]
    DSP48_X0Y13          DSP48E1 (Prop_dsp48e1_A[8]_P[0])
                                                      3.841    11.221 f  u_mult/u_mult/u_barrett/r0/P[0]
                         net (fo=3, routed)           0.857    12.078    u_mult/u_mult/u_barrett/r0_n_105
    SLICE_X11Y30                                                      f  u_mult/u_mult/u_barrett/result[11]_i_4/I0
    SLICE_X11Y30         LUT4 (Prop_lut4_I0_O)        0.124    12.202 f  u_mult/u_mult/u_barrett/result[11]_i_4/O
                         net (fo=1, routed)           0.596    12.798    u_mult/u_mult/u_barrett/result[11]_i_4_n_0
    SLICE_X13Y31                                                      f  u_mult/u_mult/u_barrett/result[11]_i_2/I1
    SLICE_X13Y31         LUT6 (Prop_lut6_I1_O)        0.124    12.922 f  u_mult/u_mult/u_barrett/result[11]_i_2/O
                         net (fo=5, routed)           0.299    13.221    u_mult/u_mult/u_barrett/result[11]_i_2_n_0
    SLICE_X13Y31                                                      f  u_mult/u_mult/u_barrett/result[8]_i_2/I3
    SLICE_X13Y31         LUT5 (Prop_lut5_I3_O)        0.124    13.345 r  u_mult/u_mult/u_barrett/result[8]_i_2/O
                         net (fo=8, routed)           0.460    13.805    u_mult/u_mult/u_barrett/result[8]_i_2_n_0
    SLICE_X13Y32                                                      r  u_mult/u_mult/u_barrett/result[5]_i_1/I1
    SLICE_X13Y32         LUT3 (Prop_lut3_I1_O)        0.124    13.929 r  u_mult/u_mult/u_barrett/result[5]_i_1/O
                         net (fo=1, routed)           0.000    13.929    u_mult/u_mult/reduced[5]
    SLICE_X13Y32         FDCE                                         r  u_mult/u_mult/result_reg[5]/D
  -------------------------------------------------------------------    -------------------

                         (clock clk rise edge)       10.000    10.000 r  
                                                      0.000    10.000 r  clk (IN)
                         net (fo=613, unset)          0.924    10.924    u_mult/u_mult/clk
    SLICE_X13Y32         FDCE                                         r  u_mult/u_mult/result_reg[5]/C
                         clock pessimism              0.000    10.924    
                         clock uncertainty           -0.035    10.889    
    SLICE_X13Y32         FDCE (Setup_fdce_C_D)        0.029    10.918    u_mult/u_mult/result_reg[5]
  -------------------------------------------------------------------
                         required time                         10.918    
                         arrival time                         -13.929    
  -------------------------------------------------------------------
                         slack                                 -3.011    

Slack (VIOLATED) :        -3.011ns  (required time - arrival time)
  Source:                 r0_i_1/C
                            (rising edge-triggered cell FDCE clocked by clk  {rise@0.000ns fall@5.000ns period=10.000ns})
  Destination:            u_mult/u_mult/result_reg[5]/D
                            (rising edge-triggered cell FDCE clocked by clk  {rise@0.000ns fall@5.000ns period=10.000ns})
  Path Group:             clk
  Path Type:              Setup (Max at Slow Process Corner)
  Requirement:            10.000ns  (clk rise@10.000ns - clk rise@0.000ns)
  Data Path Delay:        12.956ns  (logic 8.758ns (67.597%)  route 4.198ns (32.403%))
  Logic Levels:           7  (DSP48E1=2 LUT2=1 LUT3=1 LUT4=1 LUT5=1 LUT6=1)
  Clock Path Skew:        -0.049ns (DCD - SCD + CPR)
    Destination Clock Delay (DCD):    0.924ns = ( 10.924 - 10.000 ) 
    Source Clock Delay      (SCD):    0.973ns
    Clock Pessimism Removal (CPR):    0.000ns
  Clock Uncertainty:      0.035ns  ((TSJ^2 + TIJ^2)^1/2 + DJ) / 2 + PE
    Total System Jitter     (TSJ):    0.071ns
    Total Input Jitter      (TIJ):    0.000ns
    Discrete Jitter          (DJ):    0.000ns
    Phase Error              (PE):    0.000ns

    Location             Delay type                Incr(ns)  Path(ns)    Netlist Resource(s)
  -------------------------------------------------------------------    -------------------
                         (clock clk rise edge)        0.000     0.000 r  
                                                      0.000     0.000 r  clk (IN)
                         net (fo=613, unset)          0.973     0.973    clk
    SLICE_X15Y27         FDCE                                         r  r0_i_1/C
  -------------------------------------------------------------------    -------------------
    SLICE_X15Y27         FDCE (Prop_fdce_C_Q)         0.456     1.429 r  r0_i_1/Q
                         net (fo=27, routed)          0.423     1.852    u_mult/u_mult/u_barrett/OPMODE[0]
    SLICE_X13Y27                                                      r  u_mult/u_mult/u_barrett/mul_full_i_11/I1
    SLICE_X13Y27         LUT2 (Prop_lut2_I1_O)        0.124     1.976 r  u_mult/u_mult/u_barrett/mul_full_i_11/O
                         net (fo=1, routed)           0.683     2.659    u_mult/u_mult/u_barrett/prod_r[13]
    DSP48_X0Y10                                                       r  u_mult/u_mult/u_barrett/mul_full/A[13]
    DSP48_X0Y10          DSP48E1 (Prop_dsp48e1_A[13]_P[32])
                                                      3.841     6.500 r  u_mult/u_mult/u_barrett/mul_full/P[32]
                         net (fo=1, routed)           0.880     7.380    u_mult/u_mult/u_barrett/A[8]
    DSP48_X0Y13                                                       r  u_mult/u_mult/u_barrett/r0/A[8]
    DSP48_X0Y13          DSP48E1 (Prop_dsp48e1_A[8]_P[0])
                                                      3.841    11.221 r  u_mult/u_mult/u_barrett/r0/P[0]
                         net (fo=3, routed)           0.857    12.078    u_mult/u_mult/u_barrett/r0_n_105
    SLICE_X11Y30                                                      r  u_mult/u_mult/u_barrett/result[11]_i_4/I0
    SLICE_X11Y30         LUT4 (Prop_lut4_I0_O)        0.124    12.202 r  u_mult/u_mult/u_barrett/result[11]_i_4/O
                         net (fo=1, routed)           0.596    12.798    u_mult/u_mult/u_barrett/result[11]_i_4_n_0
    SLICE_X13Y31                                                      r  u_mult/u_mult/u_barrett/result[11]_i_2/I1
    SLICE_X13Y31         LUT6 (Prop_lut6_I1_O)        0.124    12.922 r  u_mult/u_mult/u_barrett/result[11]_i_2/O
                         net (fo=5, routed)           0.299    13.221    u_mult/u_mult/u_barrett/result[11]_i_2_n_0
    SLICE_X13Y31                                                      r  u_mult/u_mult/u_barrett/result[8]_i_2/I3
    SLICE_X13Y31         LUT5 (Prop_lut5_I3_O)        0.124    13.345 f  u_mult/u_mult/u_barrett/result[8]_i_2/O
                         net (fo=8, routed)           0.460    13.805    u_mult/u_mult/u_barrett/result[8]_i_2_n_0
    SLICE_X13Y32                                                      f  u_mult/u_mult/u_barrett/result[5]_i_1/I1
    SLICE_X13Y32         LUT3 (Prop_lut3_I1_O)        0.124    13.929 r  u_mult/u_mult/u_barrett/result[5]_i_1/O
                         net (fo=1, routed)           0.000    13.929    u_mult/u_mult/reduced[5]
    SLICE_X13Y32         FDCE                                         r  u_mult/u_mult/result_reg[5]/D
  -------------------------------------------------------------------    -------------------

                         (clock clk rise edge)       10.000    10.000 r  
                                                      0.000    10.000 r  clk (IN)
                         net (fo=613, unset)          0.924    10.924    u_mult/u_mult/clk
    SLICE_X13Y32         FDCE                                         r  u_mult/u_mult/result_reg[5]/C
                         clock pessimism              0.000    10.924    
                         clock uncertainty           -0.035    10.889    
    SLICE_X13Y32         FDCE (Setup_fdce_C_D)        0.029    10.918    u_mult/u_mult/result_reg[5]
  -------------------------------------------------------------------
                         required time                         10.918    
                         arrival time                         -13.929    
  -------------------------------------------------------------------
                         slack                                 -3.011    




