Copyright 1986-2022 Xilinx, Inc. All Rights Reserved. Copyright 2022-2024 Advanced Micro Devices, Inc. All Rights Reserved.
------------------------------------------------------------------------------------------------------------------------------------------------------------------------------------------------------------------------
| Tool Version : Vivado v.2024.2 (lin64) Build 5239630 Fri Nov 08 22:34:34 MST 2024
| Date         : Thu Oct  1 17:35:08 2026
| Host         : <redacted> running 64-bit Ubuntu 24.04.4 LTS
| Command      : report_timing -max_paths 3 -nworst 3 -input_pins -file {<repo>/reports/generated/shared_pe/t13p418_paths.rpt}
| Design       : ntt_core_shared
| Device       : 7a35t-cpg236
| Speed File   : -1  PRODUCTION 1.23 2018-06-13
| Design State : Routed
------------------------------------------------------------------------------------------------------------------------------------------------------------------------------------------------------------------------

Timing Report

Slack (MET) :             0.022ns  (required time - arrival time)
  Source:                 r0_i_1/C
                            (rising edge-triggered cell FDCE clocked by clk  {rise@0.000ns fall@6.709ns period=13.418ns})
  Destination:            u_mult/u_mult/result_reg[8]/D
                            (rising edge-triggered cell FDCE clocked by clk  {rise@0.000ns fall@6.709ns period=13.418ns})
  Path Group:             clk
  Path Type:              Setup (Max at Slow Process Corner)
  Requirement:            13.418ns  (clk rise@13.418ns - clk rise@0.000ns)
  Data Path Delay:        13.343ns  (logic 8.820ns (66.101%)  route 4.523ns (33.899%))
  Logic Levels:           7  (DSP48E1=2 LUT2=1 LUT3=1 LUT5=2 LUT6=1)
  Clock Path Skew:        -0.049ns (DCD - SCD + CPR)
    Destination Clock Delay (DCD):    0.924ns = ( 14.342 - 13.418 ) 
    Source Clock Delay      (SCD):    0.973ns
    Clock Pessimism Removal (CPR):    0.000ns
  Clock Uncertainty:      0.035ns  ((TSJ^2 + TIJ^2)^1/2 + DJ) / 2 + PE
    Total System Jitter     (TSJ):    0.071ns
    Total Input Jitter      (TIJ):    0.000ns
    Discrete Jitter          (DJ):    0.000ns
    Phase Error              (PE):    0.000ns

    Location             Delay type                Incr(ns)  Path(ns)    Netlist Resource(s)
  -------------------------------------------------------------------    -------------------
                         (clock clk rise edge)        0.000     0.000 r  
                                                      0.000     0.000 r  clk (IN)
                         net (fo=613, unset)          0.973     0.973    clk
    SLICE_X12Y21         FDCE                                         r  r0_i_1/C
  -------------------------------------------------------------------    -------------------
    SLICE_X12Y21         FDCE (Prop_fdce_C_Q)         0.518     1.491 r  r0_i_1/Q
                         net (fo=27, routed)          0.793     2.284    u_mult/u_mult/u_barrett/OPMODE[0]
    SLICE_X12Y23                                                      r  u_mult/u_mult/u_barrett/mul_full_i_8/I1
    SLICE_X12Y23         LUT2 (Prop_lut2_I1_O)        0.124     2.408 r  u_mult/u_mult/u_barrett/mul_full_i_8/O
                         net (fo=1, routed)           0.418     2.826    u_mult/u_mult/u_barrett/prod_r[16]
    DSP48_X0Y9                                                        r  u_mult/u_mult/u_barrett/mul_full/A[16]
    DSP48_X0Y9           DSP48E1 (Prop_dsp48e1_A[16]_P[32])
                                                      3.841     6.667 r  u_mult/u_mult/u_barrett/mul_full/P[32]
                         net (fo=1, routed)           0.910     7.577    u_mult/u_mult/u_barrett/A[8]
    DSP48_X0Y10                                                       r  u_mult/u_mult/u_barrett/r0/A[8]
    DSP48_X0Y10          DSP48E1 (Prop_dsp48e1_A[8]_P[24])
                                                      3.841    11.418 f  u_mult/u_mult/u_barrett/r0/P[24]
                         net (fo=1, routed)           1.196    12.614    u_mult/u_mult/u_barrett/r0_n_81
    SLICE_X12Y25                                                      f  u_mult/u_mult/u_barrett/result[11]_i_5/I1
    SLICE_X12Y25         LUT6 (Prop_lut6_I1_O)        0.124    12.738 f  u_mult/u_mult/u_barrett/result[11]_i_5/O
                         net (fo=1, routed)           0.406    13.145    u_mult/u_mult/u_barrett/result[11]_i_5_n_0
    SLICE_X13Y27                                                      f  u_mult/u_mult/u_barrett/result[11]_i_3/I0
    SLICE_X13Y27         LUT5 (Prop_lut5_I0_O)        0.124    13.269 f  u_mult/u_mult/u_barrett/result[11]_i_3/O
                         net (fo=5, routed)           0.332    13.600    u_mult/u_mult/u_barrett/result[11]_i_3_n_0
    SLICE_X13Y29                                                      f  u_mult/u_mult/u_barrett/result[8]_i_2/I4
    SLICE_X13Y29         LUT5 (Prop_lut5_I4_O)        0.124    13.724 r  u_mult/u_mult/u_barrett/result[8]_i_2/O
                         net (fo=8, routed)           0.468    14.192    u_mult/u_mult/u_barrett/result[8]_i_2_n_0
    SLICE_X13Y28                                                      r  u_mult/u_mult/u_barrett/result[8]_i_1/I1
    SLICE_X13Y28         LUT3 (Prop_lut3_I1_O)        0.124    14.316 r  u_mult/u_mult/u_barrett/result[8]_i_1/O
                         net (fo=1, routed)           0.000    14.316    u_mult/u_mult/reduced[8]
    SLICE_X13Y28         FDCE                                         r  u_mult/u_mult/result_reg[8]/D
  -------------------------------------------------------------------    -------------------

                         (clock clk rise edge)       13.418    13.418 r  
                                                      0.000    13.418 r  clk (IN)
                         net (fo=613, unset)          0.924    14.342    u_mult/u_mult/clk
    SLICE_X13Y28         FDCE                                         r  u_mult/u_mult/result_reg[8]/C
                         clock pessimism              0.000    14.342    
                         clock uncertainty           -0.035    14.307    
    SLICE_X13Y28         FDCE (Setup_fdce_C_D)        0.031    14.338    u_mult/u_mult/result_reg[8]
  -------------------------------------------------------------------
                         required time                         14.338    
                         arrival time                         -14.316    
  -------------------------------------------------------------------
                         slack                                  0.022    

Slack (MET) :             0.022ns  (required time - arrival time)
  Source:                 r0_i_1/C
                            (rising edge-triggered cell FDCE clocked by clk  {rise@0.000ns fall@6.709ns period=13.418ns})
  Destination:            u_mult/u_mult/result_reg[8]/D
                            (rising edge-triggered cell FDCE clocked by clk  {rise@0.000ns fall@6.709ns period=13.418ns})
  Path Group:             clk
  Path Type:              Setup (Max at Slow Process Corner)
  Requirement:            13.418ns  (clk rise@13.418ns - clk rise@0.000ns)
  Data Path Delay:        13.343ns  (logic 8.820ns (66.101%)  route 4.523ns (33.899%))
  Logic Levels:           7  (DSP48E1=2 LUT2=1 LUT3=1 LUT5=2 LUT6=1)
  Clock Path Skew:        -0.049ns (DCD - SCD + CPR)
    Destination Clock Delay (DCD):    0.924ns = ( 14.342 - 13.418 ) 
    Source Clock Delay      (SCD):    0.973ns
    Clock Pessimism Removal (CPR):    0.000ns
  Clock Uncertainty:      0.035ns  ((TSJ^2 + TIJ^2)^1/2 + DJ) / 2 + PE
    Total System Jitter     (TSJ):    0.071ns
    Total Input Jitter      (TIJ):    0.000ns
    Discrete Jitter          (DJ):    0.000ns
    Phase Error              (PE):    0.000ns

    Location             Delay type                Incr(ns)  Path(ns)    Netlist Resource(s)
  -------------------------------------------------------------------    -------------------
                         (clock clk rise edge)        0.000     0.000 r  
                                                      0.000     0.000 r  clk (IN)
                         net (fo=613, unset)          0.973     0.973    clk
    SLICE_X12Y21         FDCE                                         r  r0_i_1/C
  -------------------------------------------------------------------    -------------------
    SLICE_X12Y21         FDCE (Prop_fdce_C_Q)         0.518     1.491 f  r0_i_1/Q
                         net (fo=27, routed)          0.793     2.284    u_mult/u_mult/u_barrett/OPMODE[0]
    SLICE_X12Y23                                                      f  u_mult/u_mult/u_barrett/mul_full_i_8/I1
    SLICE_X12Y23         LUT2 (Prop_lut2_I1_O)        0.124     2.408 f  u_mult/u_mult/u_barrett/mul_full_i_8/O
                         net (fo=1, routed)           0.418     2.826    u_mult/u_mult/u_barrett/prod_r[16]
    DSP48_X0Y9                                                        f  u_mult/u_mult/u_barrett/mul_full/A[16]
    DSP48_X0Y9           DSP48E1 (Prop_dsp48e1_A[16]_P[32])
                                                      3.841     6.667 r  u_mult/u_mult/u_barrett/mul_full/P[32]
                         net (fo=1, routed)           0.910     7.577    u_mult/u_mult/u_barrett/A[8]
    DSP48_X0Y10                                                       r  u_mult/u_mult/u_barrett/r0/A[8]
    DSP48_X0Y10          DSP48E1 (Prop_dsp48e1_A[8]_P[24])
                                                      3.841    11.418 f  u_mult/u_mult/u_barrett/r0/P[24]
                         net (fo=1, routed)           1.196    12.614    u_mult/u_mult/u_barrett/r0_n_81
    SLICE_X12Y25                                                      f  u_mult/u_mult/u_barrett/result[11]_i_5/I1
    SLICE_X12Y25         LUT6 (Prop_lut6_I1_O)        0.124    12.738 f  u_mult/u_mult/u_barrett/result[11]_i_5/O
                         net (fo=1, routed)           0.406    13.145    u_mult/u_mult/u_barrett/result[11]_i_5_n_0
    SLICE_X13Y27                                                      f  u_mult/u_mult/u_barrett/result[11]_i_3/I0
    SLICE_X13Y27         LUT5 (Prop_lut5_I0_O)        0.124    13.269 f  u_mult/u_mult/u_barrett/result[11]_i_3/O
                         net (fo=5, routed)           0.332    13.600    u_mult/u_mult/u_barrett/result[11]_i_3_n_0
    SLICE_X13Y29                                                      f  u_mult/u_mult/u_barrett/result[8]_i_2/I4
    SLICE_X13Y29         LUT5 (Prop_lut5_I4_O)        0.124    13.724 r  u_mult/u_mult/u_barrett/result[8]_i_2/O
                         net (fo=8, routed)           0.468    14.192    u_mult/u_mult/u_barrett/result[8]_i_2_n_0
    SLICE_X13Y28                                                      r  u_mult/u_mult/u_barrett/result[8]_i_1/I1
    SLICE_X13Y28         LUT3 (Prop_lut3_I1_O)        0.124    14.316 r  u_mult/u_mult/u_barrett/result[8]_i_1/O
                         net (fo=1, routed)           0.000    14.316    u_mult/u_mult/reduced[8]
    SLICE_X13Y28         FDCE                                         r  u_mult/u_mult/result_reg[8]/D
  -------------------------------------------------------------------    -------------------

                         (clock clk rise edge)       13.418    13.418 r  
                                                      0.000    13.418 r  clk (IN)
                         net (fo=613, unset)          0.924    14.342    u_mult/u_mult/clk
    SLICE_X13Y28         FDCE                                         r  u_mult/u_mult/result_reg[8]/C
                         clock pessimism              0.000    14.342    
                         clock uncertainty           -0.035    14.307    
    SLICE_X13Y28         FDCE (Setup_fdce_C_D)        0.031    14.338    u_mult/u_mult/result_reg[8]
  -------------------------------------------------------------------
                         required time                         14.338    
                         arrival time                         -14.316    
  -------------------------------------------------------------------
                         slack                                  0.022    

Slack (MET) :             0.022ns  (required time - arrival time)
  Source:                 r0_i_1/C
                            (rising edge-triggered cell FDCE clocked by clk  {rise@0.000ns fall@6.709ns period=13.418ns})
  Destination:            u_mult/u_mult/result_reg[8]/D
                            (rising edge-triggered cell FDCE clocked by clk  {rise@0.000ns fall@6.709ns period=13.418ns})
  Path Group:             clk
  Path Type:              Setup (Max at Slow Process Corner)
  Requirement:            13.418ns  (clk rise@13.418ns - clk rise@0.000ns)
  Data Path Delay:        13.343ns  (logic 8.820ns (66.101%)  route 4.523ns (33.899%))
  Logic Levels:           7  (DSP48E1=2 LUT2=1 LUT3=1 LUT5=2 LUT6=1)
  Clock Path Skew:        -0.049ns (DCD - SCD + CPR)
    Destination Clock Delay (DCD):    0.924ns = ( 14.342 - 13.418 ) 
    Source Clock Delay      (SCD):    0.973ns
    Clock Pessimism Removal (CPR):    0.000ns
  Clock Uncertainty:      0.035ns  ((TSJ^2 + TIJ^2)^1/2 + DJ) / 2 + PE
    Total System Jitter     (TSJ):    0.071ns
    Total Input Jitter      (TIJ):    0.000ns
    Discrete Jitter          (DJ):    0.000ns
    Phase Error              (PE):    0.000ns

    Location             Delay type                Incr(ns)  Path(ns)    Netlist Resource(s)
  -------------------------------------------------------------------    -------------------
                         (clock clk rise edge)        0.000     0.000 r  
                                                      0.000     0.000 r  clk (IN)
                         net (fo=613, unset)          0.973     0.973    clk
    SLICE_X12Y21         FDCE                                         r  r0_i_1/C
  -------------------------------------------------------------------    -------------------
    SLICE_X12Y21         FDCE (Prop_fdce_C_Q)         0.518     1.491 r  r0_i_1/Q
                         net (fo=27, routed)          0.793     2.284    u_mult/u_mult/u_barrett/OPMODE[0]
    SLICE_X12Y23                                                      r  u_mult/u_mult/u_barrett/mul_full_i_8/I1
    SLICE_X12Y23         LUT2 (Prop_lut2_I1_O)        0.124     2.408 r  u_mult/u_mult/u_barrett/mul_full_i_8/O
                         net (fo=1, routed)           0.418     2.826    u_mult/u_mult/u_barrett/prod_r[16]
    DSP48_X0Y9                                                        r  u_mult/u_mult/u_barrett/mul_full/A[16]
    DSP48_X0Y9           DSP48E1 (Prop_dsp48e1_A[16]_P[32])
                                                      3.841     6.667 r  u_mult/u_mult/u_barrett/mul_full/P[32]
                         net (fo=1, routed)           0.910     7.577    u_mult/u_mult/u_barrett/A[8]
    DSP48_X0Y10                                                       r  u_mult/u_mult/u_barrett/r0/A[8]
    DSP48_X0Y10          DSP48E1 (Prop_dsp48e1_A[8]_P[24])
                                                      3.841    11.418 r  u_mult/u_mult/u_barrett/r0/P[24]
                         net (fo=1, routed)           1.196    12.614    u_mult/u_mult/u_barrett/r0_n_81
    SLICE_X12Y25                                                      r  u_mult/u_mult/u_barrett/result[11]_i_5/I1
    SLICE_X12Y25         LUT6 (Prop_lut6_I1_O)        0.124    12.738 r  u_mult/u_mult/u_barrett/result[11]_i_5/O
                         net (fo=1, routed)           0.406    13.145    u_mult/u_mult/u_barrett/result[11]_i_5_n_0
    SLICE_X13Y27                                                      r  u_mult/u_mult/u_barrett/result[11]_i_3/I0
    SLICE_X13Y27         LUT5 (Prop_lut5_I0_O)        0.124    13.269 r  u_mult/u_mult/u_barrett/result[11]_i_3/O
                         net (fo=5, routed)           0.332    13.600    u_mult/u_mult/u_barrett/result[11]_i_3_n_0
    SLICE_X13Y29                                                      r  u_mult/u_mult/u_barrett/result[8]_i_2/I4
    SLICE_X13Y29         LUT5 (Prop_lut5_I4_O)        0.124    13.724 f  u_mult/u_mult/u_barrett/result[8]_i_2/O
                         net (fo=8, routed)           0.468    14.192    u_mult/u_mult/u_barrett/result[8]_i_2_n_0
    SLICE_X13Y28                                                      f  u_mult/u_mult/u_barrett/result[8]_i_1/I1
    SLICE_X13Y28         LUT3 (Prop_lut3_I1_O)        0.124    14.316 r  u_mult/u_mult/u_barrett/result[8]_i_1/O
                         net (fo=1, routed)           0.000    14.316    u_mult/u_mult/reduced[8]
    SLICE_X13Y28         FDCE                                         r  u_mult/u_mult/result_reg[8]/D
  -------------------------------------------------------------------    -------------------

                         (clock clk rise edge)       13.418    13.418 r  
                                                      0.000    13.418 r  clk (IN)
                         net (fo=613, unset)          0.924    14.342    u_mult/u_mult/clk
    SLICE_X13Y28         FDCE                                         r  u_mult/u_mult/result_reg[8]/C
                         clock pessimism              0.000    14.342    
                         clock uncertainty           -0.035    14.307    
    SLICE_X13Y28         FDCE (Setup_fdce_C_D)        0.031    14.338    u_mult/u_mult/result_reg[8]
  -------------------------------------------------------------------
                         required time                         14.338    
                         arrival time                         -14.316    
  -------------------------------------------------------------------
                         slack                                  0.022    




