Copyright 1986-2022 Xilinx, Inc. All Rights Reserved. Copyright 2022-2024 Advanced Micro Devices, Inc. All Rights Reserved.
------------------------------------------------------------------------------------------------------------------------------------------------------------------------------------------------------------------------
| Tool Version : Vivado v.2024.2 (lin64) Build 5239630 Fri Nov 08 22:34:34 MST 2024
| Date         : Thu Oct  1 17:34:30 2026
| Host         : <redacted> running 64-bit Ubuntu 24.04.4 LTS
| Command      : report_timing -max_paths 3 -nworst 3 -input_pins -file {<repo>/reports/generated/shared_pe/t13p061_paths.rpt}
| Design       : ntt_core_shared
| Device       : 7a35t-cpg236
| Speed File   : -1  PRODUCTION 1.23 2018-06-13
| Design State : Routed
------------------------------------------------------------------------------------------------------------------------------------------------------------------------------------------------------------------------

Timing Report

Slack (VIOLATED) :        -0.307ns  (required time - arrival time)
  Source:                 r0_i_1/C
                            (rising edge-triggered cell FDCE clocked by clk  {rise@0.000ns fall@6.530ns period=13.061ns})
  Destination:            u_mult/u_mult/result_reg[2]/D
                            (rising edge-triggered cell FDCE clocked by clk  {rise@0.000ns fall@6.530ns period=13.061ns})
  Path Group:             clk
  Path Type:              Setup (Max at Slow Process Corner)
  Requirement:            13.061ns  (clk rise@13.061ns - clk rise@0.000ns)
  Data Path Delay:        13.315ns  (logic 8.820ns (66.240%)  route 4.495ns (33.760%))
  Logic Levels:           7  (DSP48E1=2 LUT2=1 LUT3=1 LUT5=2 LUT6=1)
  Clock Path Skew:        -0.049ns (DCD - SCD + CPR)
    Destination Clock Delay (DCD):    0.924ns = ( 13.985 - 13.061 ) 
    Source Clock Delay      (SCD):    0.973ns
    Clock Pessimism Removal (CPR):    0.000ns
  Clock Uncertainty:      0.035ns  ((TSJ^2 + TIJ^2)^1/2 + DJ) / 2 + PE
    Total System Jitter     (TSJ):    0.071ns
    Total Input Jitter      (TIJ):    0.000ns
    Discrete Jitter          (DJ):    0.000ns
    Phase Error              (PE):    0.000ns

    Location             Delay type                Incr(ns)  Path(ns)    Netlist Resource(s)
  -------------------------------------------------------------------    -------------------
                         (clock clk rise edge)        0.000     0.000 r  
                                                      0.000     0.000 r  clk (IN)
                         net (fo=613, unset)          0.973     0.973    clk
    SLICE_X12Y21         FDCE                                         r  r0_i_1/C
  -------------------------------------------------------------------    -------------------
    SLICE_X12Y21         FDCE (Prop_fdce_C_Q)         0.518     1.491 r  r0_i_1/Q
                         net (fo=27, routed)          0.450     1.941    u_mult/u_mult/u_barrett/OPMODE[0]
    SLICE_X14Y21                                                      r  u_mult/u_mult/u_barrett/mul_full_i_6/I1
    SLICE_X14Y21         LUT2 (Prop_lut2_I1_O)        0.124     2.065 r  u_mult/u_mult/u_barrett/mul_full_i_6/O
                         net (fo=1, routed)           0.655     2.720    u_mult/u_mult/u_barrett/prod_r[18]
    DSP48_X0Y9                                                        r  u_mult/u_mult/u_barrett/mul_full/A[18]
    DSP48_X0Y9           DSP48E1 (Prop_dsp48e1_A[18]_P[36])
                                                      3.841     6.561 r  u_mult/u_mult/u_barrett/mul_full/P[36]
                         net (fo=1, routed)           0.937     7.498    u_mult/u_mult/u_barrett/A[12]
    DSP48_X0Y10                                                       r  u_mult/u_mult/u_barrett/r0/A[12]
    DSP48_X0Y10          DSP48E1 (Prop_dsp48e1_A[12]_P[24])
                                                      3.841    11.339 f  u_mult/u_mult/u_barrett/r0/P[24]
                         net (fo=1, routed)           1.188    12.526    u_mult/u_mult/u_barrett/r0_n_81
    SLICE_X12Y28                                                      f  u_mult/u_mult/u_barrett/result[11]_i_5/I1
    SLICE_X12Y28         LUT6 (Prop_lut6_I1_O)        0.124    12.650 f  u_mult/u_mult/u_barrett/result[11]_i_5/O
                         net (fo=1, routed)           0.286    12.937    u_mult/u_mult/u_barrett/result[11]_i_5_n_0
    SLICE_X12Y28                                                      f  u_mult/u_mult/u_barrett/result[11]_i_3/I0
    SLICE_X12Y28         LUT5 (Prop_lut5_I0_O)        0.124    13.061 f  u_mult/u_mult/u_barrett/result[11]_i_3/O
                         net (fo=5, routed)           0.448    13.509    u_mult/u_mult/u_barrett/result[11]_i_3_n_0
    SLICE_X13Y27                                                      f  u_mult/u_mult/u_barrett/result[8]_i_2/I4
    SLICE_X13Y27         LUT5 (Prop_lut5_I4_O)        0.124    13.633 r  u_mult/u_mult/u_barrett/result[8]_i_2/O
                         net (fo=8, routed)           0.532    14.164    u_mult/u_mult/u_barrett/result[8]_i_2_n_0
    SLICE_X15Y28                                                      r  u_mult/u_mult/u_barrett/result[2]_i_1/I1
    SLICE_X15Y28         LUT3 (Prop_lut3_I1_O)        0.124    14.288 r  u_mult/u_mult/u_barrett/result[2]_i_1/O
                         net (fo=1, routed)           0.000    14.288    u_mult/u_mult/reduced[2]
    SLICE_X15Y28         FDCE                                         r  u_mult/u_mult/result_reg[2]/D
  -------------------------------------------------------------------    -------------------

                         (clock clk rise edge)       13.061    13.061 r  
                                                      0.000    13.061 r  clk (IN)
                         net (fo=613, unset)          0.924    13.985    u_mult/u_mult/clk
    SLICE_X15Y28         FDCE                                         r  u_mult/u_mult/result_reg[2]/C
                         clock pessimism              0.000    13.985    
                         clock uncertainty           -0.035    13.950    
    SLICE_X15Y28         FDCE (Setup_fdce_C_D)        0.031    13.981    u_mult/u_mult/result_reg[2]
  -------------------------------------------------------------------
                         required time                         13.981    
                         arrival time                         -14.288    
  -------------------------------------------------------------------
                         slack                                 -0.307    

Slack (VIOLATED) :        -0.307ns  (required time - arrival time)
  Source:                 r0_i_1/C
                            (rising edge-triggered cell FDCE clocked by clk  {rise@0.000ns fall@6.530ns period=13.061ns})
  Destination:            u_mult/u_mult/result_reg[2]/D
                            (rising edge-triggered cell FDCE clocked by clk  {rise@0.000ns fall@6.530ns period=13.061ns})
  Path Group:             clk
  Path Type:              Setup (Max at Slow Process Corner)
  Requirement:            13.061ns  (clk rise@13.061ns - clk rise@0.000ns)
  Data Path Delay:        13.315ns  (logic 8.820ns (66.240%)  route 4.495ns (33.760%))
  Logic Levels:           7  (DSP48E1=2 LUT2=1 LUT3=1 LUT5=2 LUT6=1)
  Clock Path Skew:        -0.049ns (DCD - SCD + CPR)
    Destination Clock Delay (DCD):    0.924ns = ( 13.985 - 13.061 ) 
    Source Clock Delay      (SCD):    0.973ns
    Clock Pessimism Removal (CPR):    0.000ns
  Clock Uncertainty:      0.035ns  ((TSJ^2 + TIJ^2)^1/2 + DJ) / 2 + PE
    Total System Jitter     (TSJ):    0.071ns
    Total Input Jitter      (TIJ):    0.000ns
    Discrete Jitter          (DJ):    0.000ns
    Phase Error              (PE):    0.000ns

    Location             Delay type                Incr(ns)  Path(ns)    Netlist Resource(s)
  -------------------------------------------------------------------    -------------------
                         (clock clk rise edge)        0.000     0.000 r  
                                                      0.000     0.000 r  clk (IN)
                         net (fo=613, unset)          0.973     0.973    clk
    SLICE_X12Y21         FDCE                                         r  r0_i_1/C
  -------------------------------------------------------------------    -------------------
    SLICE_X12Y21         FDCE (Prop_fdce_C_Q)         0.518     1.491 f  r0_i_1/Q
                         net (fo=27, routed)          0.450     1.941    u_mult/u_mult/u_barrett/OPMODE[0]
    SLICE_X14Y21                                                      f  u_mult/u_mult/u_barrett/mul_full_i_6/I1
    SLICE_X14Y21         LUT2 (Prop_lut2_I1_O)        0.124     2.065 f  u_mult/u_mult/u_barrett/mul_full_i_6/O
                         net (fo=1, routed)           0.655     2.720    u_mult/u_mult/u_barrett/prod_r[18]
    DSP48_X0Y9                                                        f  u_mult/u_mult/u_barrett/mul_full/A[18]
    DSP48_X0Y9           DSP48E1 (Prop_dsp48e1_A[18]_P[36])
                                                      3.841     6.561 r  u_mult/u_mult/u_barrett/mul_full/P[36]
                         net (fo=1, routed)           0.937     7.498    u_mult/u_mult/u_barrett/A[12]
    DSP48_X0Y10                                                       r  u_mult/u_mult/u_barrett/r0/A[12]
    DSP48_X0Y10          DSP48E1 (Prop_dsp48e1_A[12]_P[24])
                                                      3.841    11.339 f  u_mult/u_mult/u_barrett/r0/P[24]
                         net (fo=1, routed)           1.188    12.526    u_mult/u_mult/u_barrett/r0_n_81
    SLICE_X12Y28                                                      f  u_mult/u_mult/u_barrett/result[11]_i_5/I1
    SLICE_X12Y28         LUT6 (Prop_lut6_I1_O)        0.124    12.650 f  u_mult/u_mult/u_barrett/result[11]_i_5/O
                         net (fo=1, routed)           0.286    12.937    u_mult/u_mult/u_barrett/result[11]_i_5_n_0
    SLICE_X12Y28                                                      f  u_mult/u_mult/u_barrett/result[11]_i_3/I0
    SLICE_X12Y28         LUT5 (Prop_lut5_I0_O)        0.124    13.061 f  u_mult/u_mult/u_barrett/result[11]_i_3/O
                         net (fo=5, routed)           0.448    13.509    u_mult/u_mult/u_barrett/result[11]_i_3_n_0
    SLICE_X13Y27                                                      f  u_mult/u_mult/u_barrett/result[8]_i_2/I4
    SLICE_X13Y27         LUT5 (Prop_lut5_I4_O)        0.124    13.633 r  u_mult/u_mult/u_barrett/result[8]_i_2/O
                         net (fo=8, routed)           0.532    14.164    u_mult/u_mult/u_barrett/result[8]_i_2_n_0
    SLICE_X15Y28                                                      r  u_mult/u_mult/u_barrett/result[2]_i_1/I1
    SLICE_X15Y28         LUT3 (Prop_lut3_I1_O)        0.124    14.288 r  u_mult/u_mult/u_barrett/result[2]_i_1/O
                         net (fo=1, routed)           0.000    14.288    u_mult/u_mult/reduced[2]
    SLICE_X15Y28         FDCE                                         r  u_mult/u_mult/result_reg[2]/D
  -------------------------------------------------------------------    -------------------

                         (clock clk rise edge)       13.061    13.061 r  
                                                      0.000    13.061 r  clk (IN)
                         net (fo=613, unset)          0.924    13.985    u_mult/u_mult/clk
    SLICE_X15Y28         FDCE                                         r  u_mult/u_mult/result_reg[2]/C
                         clock pessimism              0.000    13.985    
                         clock uncertainty           -0.035    13.950    
    SLICE_X15Y28         FDCE (Setup_fdce_C_D)        0.031    13.981    u_mult/u_mult/result_reg[2]
  -------------------------------------------------------------------
                         required time                         13.981    
                         arrival time                         -14.288    
  -------------------------------------------------------------------
                         slack                                 -0.307    

Slack (VIOLATED) :        -0.307ns  (required time - arrival time)
  Source:                 r0_i_1/C
                            (rising edge-triggered cell FDCE clocked by clk  {rise@0.000ns fall@6.530ns period=13.061ns})
  Destination:            u_mult/u_mult/result_reg[2]/D
                            (rising edge-triggered cell FDCE clocked by clk  {rise@0.000ns fall@6.530ns period=13.061ns})
  Path Group:             clk
  Path Type:              Setup (Max at Slow Process Corner)
  Requirement:            13.061ns  (clk rise@13.061ns - clk rise@0.000ns)
  Data Path Delay:        13.315ns  (logic 8.820ns (66.240%)  route 4.495ns (33.760%))
  Logic Levels:           7  (DSP48E1=2 LUT2=1 LUT3=1 LUT5=2 LUT6=1)
  Clock Path Skew:        -0.049ns (DCD - SCD + CPR)
    Destination Clock Delay (DCD):    0.924ns = ( 13.985 - 13.061 ) 
    Source Clock Delay      (SCD):    0.973ns
    Clock Pessimism Removal (CPR):    0.000ns
  Clock Uncertainty:      0.035ns  ((TSJ^2 + TIJ^2)^1/2 + DJ) / 2 + PE
    Total System Jitter     (TSJ):    0.071ns
    Total Input Jitter      (TIJ):    0.000ns
    Discrete Jitter          (DJ):    0.000ns
    Phase Error              (PE):    0.000ns

    Location             Delay type                Incr(ns)  Path(ns)    Netlist Resource(s)
  -------------------------------------------------------------------    -------------------
                         (clock clk rise edge)        0.000     0.000 r  
                                                      0.000     0.000 r  clk (IN)
                         net (fo=613, unset)          0.973     0.973    clk
    SLICE_X12Y21         FDCE                                         r  r0_i_1/C
  -------------------------------------------------------------------    -------------------
    SLICE_X12Y21         FDCE (Prop_fdce_C_Q)         0.518     1.491 r  r0_i_1/Q
                         net (fo=27, routed)          0.450     1.941    u_mult/u_mult/u_barrett/OPMODE[0]
    SLICE_X14Y21                                                      r  u_mult/u_mult/u_barrett/mul_full_i_6/I1
    SLICE_X14Y21         LUT2 (Prop_lut2_I1_O)        0.124     2.065 r  u_mult/u_mult/u_barrett/mul_full_i_6/O
                         net (fo=1, routed)           0.655     2.720    u_mult/u_mult/u_barrett/prod_r[18]
    DSP48_X0Y9                                                        r  u_mult/u_mult/u_barrett/mul_full/A[18]
    DSP48_X0Y9           DSP48E1 (Prop_dsp48e1_A[18]_P[36])
                                                      3.841     6.561 r  u_mult/u_mult/u_barrett/mul_full/P[36]
                         net (fo=1, routed)           0.937     7.498    u_mult/u_mult/u_barrett/A[12]
    DSP48_X0Y10                                                       r  u_mult/u_mult/u_barrett/r0/A[12]
    DSP48_X0Y10          DSP48E1 (Prop_dsp48e1_A[12]_P[24])
                                                      3.841    11.339 r  u_mult/u_mult/u_barrett/r0/P[24]
                         net (fo=1, routed)           1.188    12.526    u_mult/u_mult/u_barrett/r0_n_81
    SLICE_X12Y28                                                      r  u_mult/u_mult/u_barrett/result[11]_i_5/I1
    SLICE_X12Y28         LUT6 (Prop_lut6_I1_O)        0.124    12.650 r  u_mult/u_mult/u_barrett/result[11]_i_5/O
                         net (fo=1, routed)           0.286    12.937    u_mult/u_mult/u_barrett/result[11]_i_5_n_0
    SLICE_X12Y28                                                      r  u_mult/u_mult/u_barrett/result[11]_i_3/I0
    SLICE_X12Y28         LUT5 (Prop_lut5_I0_O)        0.124    13.061 r  u_mult/u_mult/u_barrett/result[11]_i_3/O
                         net (fo=5, routed)           0.448    13.509    u_mult/u_mult/u_barrett/result[11]_i_3_n_0
    SLICE_X13Y27                                                      r  u_mult/u_mult/u_barrett/result[8]_i_2/I4
    SLICE_X13Y27         LUT5 (Prop_lut5_I4_O)        0.124    13.633 f  u_mult/u_mult/u_barrett/result[8]_i_2/O
                         net (fo=8, routed)           0.532    14.164    u_mult/u_mult/u_barrett/result[8]_i_2_n_0
    SLICE_X15Y28                                                      f  u_mult/u_mult/u_barrett/result[2]_i_1/I1
    SLICE_X15Y28         LUT3 (Prop_lut3_I1_O)        0.124    14.288 r  u_mult/u_mult/u_barrett/result[2]_i_1/O
                         net (fo=1, routed)           0.000    14.288    u_mult/u_mult/reduced[2]
    SLICE_X15Y28         FDCE                                         r  u_mult/u_mult/result_reg[2]/D
  -------------------------------------------------------------------    -------------------

                         (clock clk rise edge)       13.061    13.061 r  
                                                      0.000    13.061 r  clk (IN)
                         net (fo=613, unset)          0.924    13.985    u_mult/u_mult/clk
    SLICE_X15Y28         FDCE                                         r  u_mult/u_mult/result_reg[2]/C
                         clock pessimism              0.000    13.985    
                         clock uncertainty           -0.035    13.950    
    SLICE_X15Y28         FDCE (Setup_fdce_C_D)        0.031    13.981    u_mult/u_mult/result_reg[2]
  -------------------------------------------------------------------
                         required time                         13.981    
                         arrival time                         -14.288    
  -------------------------------------------------------------------
                         slack                                 -0.307    




