Copyright 1986-2022 Xilinx, Inc. All Rights Reserved. Copyright 2022-2024 Advanced Micro Devices, Inc. All Rights Reserved.
----------------------------------------------------------------------------------------------------------------------------------------------------------------------------------------------
| Tool Version : Vivado v.2024.2 (lin64) Build 5239630 Fri Nov 08 22:34:34 MST 2024
| Date         : Thu Oct  1 17:35:08 2026
| Host         : <redacted> running 64-bit Ubuntu 24.04.4 LTS
| Command      : report_timing_summary -file {<repo>/reports/generated/shared_pe/t13p418_timing.rpt}
| Design       : ntt_core_shared
| Device       : 7a35t-cpg236
| Speed File   : -1  PRODUCTION 1.23 2018-06-13
| Design State : Routed
----------------------------------------------------------------------------------------------------------------------------------------------------------------------------------------------

Timing Summary Report

------------------------------------------------------------------------------------------------
| Timer Settings
| --------------
------------------------------------------------------------------------------------------------

  Enable Multi Corner Analysis               :  Yes
  Enable Pessimism Removal                   :  Yes
  Pessimism Removal Resolution               :  Nearest Common Node
  Enable Input Delay Default Clock           :  No
  Enable Preset / Clear Arcs                 :  No
  Disable Flight Delays                      :  No
  Ignore I/O Paths                           :  No
  Timing Early Launch at Borrowing Latches   :  No
  Borrow Time for Max Delay Exceptions       :  Yes
  Merge Timing Exceptions                    :  Yes
  Inter-SLR Compensation                     :  Conservative

  Corner  Analyze    Analyze    
  Name    Max Paths  Min Paths  
  ------  ---------  ---------  
  Slow    Yes        Yes        
  Fast    Yes        Yes        


------------------------------------------------------------------------------------------------
| Report Methodology
| ------------------
------------------------------------------------------------------------------------------------

No report available as report_methodology has not been run prior. Run report_methodology on the current design for the summary of methodology violations.



check_timing report

Table of Contents
-----------------
1. checking no_clock (0)
2. checking constant_clock (0)
3. checking pulse_width_clock (0)
4. checking unconstrained_internal_endpoints (0)
5. checking no_input_delay (32)
6. checking no_output_delay (13)
7. checking multiple_clock (0)
8. checking generated_clocks (0)
9. checking loops (0)
10. checking partial_input_delay (0)
11. checking partial_output_delay (0)
12. checking latch_loops (0)

1. checking no_clock (0)
------------------------
 There are 0 register/latch pins with no clock.


2. checking constant_clock (0)
------------------------------
 There are 0 register/latch pins with constant_clock.


3. checking pulse_width_clock (0)
---------------------------------
 There are 0 register/latch pins which need pulse_width check


4. checking unconstrained_internal_endpoints (0)
------------------------------------------------
 There are 0 pins that are not constrained for maximum delay.

 There are 0 pins that are not constrained for maximum delay due to constant clock.


5. checking no_input_delay (32)
-------------------------------
 There are 32 input ports with no input delay specified. (HIGH)

 There are 0 input ports with no input delay but user has a false path constraint.


6. checking no_output_delay (13)
--------------------------------
 There are 13 ports with no output delay specified. (HIGH)

 There are 0 ports with no output delay but user has a false path constraint

 There are 0 ports with no output delay but with a timing clock defined on it or propagating through it


7. checking multiple_clock (0)
------------------------------
 There are 0 register/latch pins with multiple clocks.


8. checking generated_clocks (0)
--------------------------------
 There are 0 generated clocks that are not connected to a clock source.


9. checking loops (0)
---------------------
 There are 0 combinational loops in the design.


10. checking partial_input_delay (0)
------------------------------------
 There are 0 input ports with partial input delay specified.


11. checking partial_output_delay (0)
-------------------------------------
 There are 0 ports with partial output delay specified.


12. checking latch_loops (0)
----------------------------
 There are 0 combinational latch loops in the design through latch input



------------------------------------------------------------------------------------------------
| Design Timing Summary
| ---------------------
------------------------------------------------------------------------------------------------

    WNS(ns)      TNS(ns)  TNS Failing Endpoints  TNS Total Endpoints      WHS(ns)      THS(ns)  THS Failing Endpoints  THS Total Endpoints     WPWS(ns)     TPWS(ns)  TPWS Failing Endpoints  TPWS Total Endpoints  
    -------      -------  ---------------------  -------------------      -------      -------  ---------------------  -------------------     --------     --------  ----------------------  --------------------  
      0.022        0.000                      0                 2690        0.158        0.000                      0                 2690        5.459        0.000                       0                   613  


All user specified timing constraints are met.


------------------------------------------------------------------------------------------------
| Clock Summary
| -------------
------------------------------------------------------------------------------------------------

Clock  Waveform(ns)       Period(ns)      Frequency(MHz)
-----  ------------       ----------      --------------
clk    {0.000 6.709}      13.418          74.527          


------------------------------------------------------------------------------------------------
| Intra Clock Table
| -----------------
------------------------------------------------------------------------------------------------

Clock             WNS(ns)      TNS(ns)  TNS Failing Endpoints  TNS Total Endpoints      WHS(ns)      THS(ns)  THS Failing Endpoints  THS Total Endpoints     WPWS(ns)     TPWS(ns)  TPWS Failing Endpoints  TPWS Total Endpoints  
-----             -------      -------  ---------------------  -------------------      -------      -------  ---------------------  -------------------     --------     --------  ----------------------  --------------------  
clk                 0.022        0.000                      0                 2690        0.158        0.000                      0                 2690        5.459        0.000                       0                   613  


------------------------------------------------------------------------------------------------
| Inter Clock Table
| -----------------
------------------------------------------------------------------------------------------------

From Clock    To Clock          WNS(ns)      TNS(ns)  TNS Failing Endpoints  TNS Total Endpoints      WHS(ns)      THS(ns)  THS Failing Endpoints  THS Total Endpoints  
----------    --------          -------      -------  ---------------------  -------------------      -------      -------  ---------------------  -------------------  


------------------------------------------------------------------------------------------------
| Other Path Groups Table
| -----------------------
------------------------------------------------------------------------------------------------

Path Group    From Clock    To Clock          WNS(ns)      TNS(ns)  TNS Failing Endpoints  TNS Total Endpoints      WHS(ns)      THS(ns)  THS Failing Endpoints  THS Total Endpoints  
----------    ----------    --------          -------      -------  ---------------------  -------------------      -------      -------  ---------------------  -------------------  


------------------------------------------------------------------------------------------------
| Timing Details
| --------------
------------------------------------------------------------------------------------------------


---------------------------------------------------------------------------------------------------
From Clock:  clk
  To Clock:  clk

Setup :            0  Failing Endpoints,  Worst Slack        0.022ns,  Total Violation        0.000ns
Hold  :            0  Failing Endpoints,  Worst Slack        0.158ns,  Total Violation        0.000ns
PW    :            0  Failing Endpoints,  Worst Slack        5.459ns,  Total Violation        0.000ns
---------------------------------------------------------------------------------------------------


Max Delay Paths
--------------------------------------------------------------------------------------
Slack (MET) :             0.022ns  (required time - arrival time)
  Source:                 r0_i_1/C
                            (rising edge-triggered cell FDCE clocked by clk  {rise@0.000ns fall@6.709ns period=13.418ns})
  Destination:            u_mult/u_mult/result_reg[8]/D
                            (rising edge-triggered cell FDCE clocked by clk  {rise@0.000ns fall@6.709ns period=13.418ns})
  Path Group:             clk
  Path Type:              Setup (Max at Slow Process Corner)
  Requirement:            13.418ns  (clk rise@13.418ns - clk rise@0.000ns)
  Data Path Delay:        13.343ns  (logic 8.820ns (66.101%)  route 4.523ns (33.899%))
  Logic Levels:           7  (DSP48E1=2 LUT2=1 LUT3=1 LUT5=2 LUT6=1)
  Clock Path Skew:        -0.049ns (DCD - SCD + CPR)
    Destination Clock Delay (DCD):    0.924ns = ( 14.342 - 13.418 ) 
    Source Clock Delay      (SCD):    0.973ns
    Clock Pessimism Removal (CPR):    0.000ns
  Clock Uncertainty:      0.035ns  ((TSJ^2 + TIJ^2)^1/2 + DJ) / 2 + PE
    Total System Jitter     (TSJ):    0.071ns
    Total Input Jitter      (TIJ):    0.000ns
    Discrete Jitter          (DJ):    0.000ns
    Phase Error              (PE):    0.000ns

    Location             Delay type                Incr(ns)  Path(ns)    Netlist Resource(s)
  -------------------------------------------------------------------    -------------------
                         (clock clk rise edge)        0.000     0.000 r  
                                                      0.000     0.000 r  clk (IN)
                         net (fo=613, unset)          0.973     0.973    clk
    SLICE_X12Y21         FDCE                                         r  r0_i_1/C
  -------------------------------------------------------------------    -------------------
    SLICE_X12Y21         FDCE (Prop_fdce_C_Q)         0.518     1.491 r  r0_i_1/Q
                         net (fo=27, routed)          0.793     2.284    u_mult/u_mult/u_barrett/OPMODE[0]
    SLICE_X12Y23         LUT2 (Prop_lut2_I1_O)        0.124     2.408 r  u_mult/u_mult/u_barrett/mul_full_i_8/O
                         net (fo=1, routed)           0.418     2.826    u_mult/u_mult/u_barrett/prod_r[16]
    DSP48_X0Y9           DSP48E1 (Prop_dsp48e1_A[16]_P[32])
                                                      3.841     6.667 r  u_mult/u_mult/u_barrett/mul_full/P[32]
                         net (fo=1, routed)           0.910     7.577    u_mult/u_mult/u_barrett/A[8]
    DSP48_X0Y10          DSP48E1 (Prop_dsp48e1_A[8]_P[24])
                                                      3.841    11.418 f  u_mult/u_mult/u_barrett/r0/P[24]
                         net (fo=1, routed)           1.196    12.614    u_mult/u_mult/u_barrett/r0_n_81
    SLICE_X12Y25         LUT6 (Prop_lut6_I1_O)        0.124    12.738 f  u_mult/u_mult/u_barrett/result[11]_i_5/O
                         net (fo=1, routed)           0.406    13.145    u_mult/u_mult/u_barrett/result[11]_i_5_n_0
    SLICE_X13Y27         LUT5 (Prop_lut5_I0_O)        0.124    13.269 f  u_mult/u_mult/u_barrett/result[11]_i_3/O
                         net (fo=5, routed)           0.332    13.600    u_mult/u_mult/u_barrett/result[11]_i_3_n_0
    SLICE_X13Y29         LUT5 (Prop_lut5_I4_O)        0.124    13.724 r  u_mult/u_mult/u_barrett/result[8]_i_2/O
                         net (fo=8, routed)           0.468    14.192    u_mult/u_mult/u_barrett/result[8]_i_2_n_0
    SLICE_X13Y28         LUT3 (Prop_lut3_I1_O)        0.124    14.316 r  u_mult/u_mult/u_barrett/result[8]_i_1/O
                         net (fo=1, routed)           0.000    14.316    u_mult/u_mult/reduced[8]
    SLICE_X13Y28         FDCE                                         r  u_mult/u_mult/result_reg[8]/D
  -------------------------------------------------------------------    -------------------

                         (clock clk rise edge)       13.418    13.418 r  
                                                      0.000    13.418 r  clk (IN)
                         net (fo=613, unset)          0.924    14.342    u_mult/u_mult/clk
    SLICE_X13Y28         FDCE                                         r  u_mult/u_mult/result_reg[8]/C
                         clock pessimism              0.000    14.342    
                         clock uncertainty           -0.035    14.307    
    SLICE_X13Y28         FDCE (Setup_fdce_C_D)        0.031    14.338    u_mult/u_mult/result_reg[8]
  -------------------------------------------------------------------
                         required time                         14.338    
                         arrival time                         -14.316    
  -------------------------------------------------------------------
                         slack                                  0.022    





Min Delay Paths
--------------------------------------------------------------------------------------
Slack (MET) :             0.158ns  (arrival time - required time)
  Source:                 wc_reg[8]/C
                            (rising edge-triggered cell FDCE clocked by clk  {rise@0.000ns fall@6.709ns period=13.418ns})
  Destination:            mult_op_b_reg[8]/D
                            (rising edge-triggered cell FDCE clocked by clk  {rise@0.000ns fall@6.709ns period=13.418ns})
  Path Group:             clk
  Path Type:              Hold (Min at Fast Process Corner)
  Requirement:            0.000ns  (clk rise@0.000ns - clk rise@0.000ns)
  Data Path Delay:        0.300ns  (logic 0.186ns (61.915%)  route 0.114ns (38.085%))
  Logic Levels:           1  (LUT6=1)
  Clock Path Skew:        0.022ns (DCD - SCD - CPR)
    Destination Clock Delay (DCD):    0.432ns
    Source Clock Delay      (SCD):    0.410ns
    Clock Pessimism Removal (CPR):    -0.000ns

    Location             Delay type                Incr(ns)  Path(ns)    Netlist Resource(s)
  -------------------------------------------------------------------    -------------------
                         (clock clk rise edge)        0.000     0.000 r  
                                                      0.000     0.000 r  clk (IN)
                         net (fo=613, unset)          0.410     0.410    clk
    SLICE_X11Y29         FDCE                                         r  wc_reg[8]/C
  -------------------------------------------------------------------    -------------------
    SLICE_X11Y29         FDCE (Prop_fdce_C_Q)         0.141     0.551 r  wc_reg[8]/Q
                         net (fo=1, routed)           0.114     0.666    wc__0[8]
    SLICE_X10Y27         LUT6 (Prop_lut6_I5_O)        0.045     0.711 r  mult_op_b[8]_i_1/O
                         net (fo=1, routed)           0.000     0.711    mult_op_b[8]_i_1_n_0
    SLICE_X10Y27         FDCE                                         r  mult_op_b_reg[8]/D
  -------------------------------------------------------------------    -------------------

                         (clock clk rise edge)        0.000     0.000 r  
                                                      0.000     0.000 r  clk (IN)
                         net (fo=613, unset)          0.432     0.432    clk
    SLICE_X10Y27         FDCE                                         r  mult_op_b_reg[8]/C
                         clock pessimism              0.000     0.432    
    SLICE_X10Y27         FDCE (Hold_fdce_C_D)         0.121     0.553    mult_op_b_reg[8]
  -------------------------------------------------------------------
                         required time                         -0.553    
                         arrival time                           0.711    
  -------------------------------------------------------------------
                         slack                                  0.158    





Pulse Width Checks
--------------------------------------------------------------------------------------
Clock Name:         clk
Waveform(ns):       { 0.000 6.709 }
Period(ns):         13.418
Sources:            { clk }

Check Type        Corner  Lib Pin      Reference Pin  Required(ns)  Actual(ns)  Slack(ns)  Location     Pin
Min Period        n/a     FDPE/C       n/a            1.000         13.418      12.418     SLICE_X1Y38  FSM_onehot_state_reg[0]/C
Low Pulse Width   Slow    RAMD64E/CLK  n/a            1.250         6.709       5.459      SLICE_X8Y36  mem_a_reg_r1_0_63_0_2/RAMA/CLK
High Pulse Width  Slow    RAMD64E/CLK  n/a            1.250         6.709       5.459      SLICE_X8Y36  mem_a_reg_r1_0_63_0_2/RAMA/CLK



