Copyright 1986-2022 Xilinx, Inc. All Rights Reserved. Copyright 2022-2024 Advanced Micro Devices, Inc. All Rights Reserved.
---------------------------------------------------------------------------------------------------------------------------------------------------------------------------------------------------------------------------------
| Tool Version : Vivado v.2024.2 (lin64) Build 5239630 Fri Nov 08 22:34:34 MST 2024
| Date         : Thu Oct  1 17:33:53 2026
| Host         : <redacted> running 64-bit Ubuntu 24.04.4 LTS
| Command      : report_timing -max_paths 3 -nworst 3 -input_pins -file {<repo>/reports/generated/per_phase_baseline/t10p000_paths.rpt}
| Design       : ntt_core_baseline
| Device       : 7a35t-cpg236
| Speed File   : -1  PRODUCTION 1.23 2018-06-13
| Design State : Routed
---------------------------------------------------------------------------------------------------------------------------------------------------------------------------------------------------------------------------------

Timing Report

Slack (VIOLATED) :        -3.409ns  (required time - arrival time)
  Source:                 r0_i_1__2/C
                            (rising edge-triggered cell FDCE clocked by clk  {rise@0.000ns fall@5.000ns period=10.000ns})
  Destination:            u_mult_scale/u_mult/result_reg[8]/D
                            (rising edge-triggered cell FDCE clocked by clk  {rise@0.000ns fall@5.000ns period=10.000ns})
  Path Group:             clk
  Path Type:              Setup (Max at Slow Process Corner)
  Requirement:            10.000ns  (clk rise@10.000ns - clk rise@0.000ns)
  Data Path Delay:        13.356ns  (logic 8.820ns (66.039%)  route 4.536ns (33.961%))
  Logic Levels:           7  (DSP48E1=2 LUT2=1 LUT3=1 LUT5=2 LUT6=1)
  Clock Path Skew:        -0.049ns (DCD - SCD + CPR)
    Destination Clock Delay (DCD):    0.924ns = ( 10.924 - 10.000 ) 
    Source Clock Delay      (SCD):    0.973ns
    Clock Pessimism Removal (CPR):    0.000ns
  Clock Uncertainty:      0.035ns  ((TSJ^2 + TIJ^2)^1/2 + DJ) / 2 + PE
    Total System Jitter     (TSJ):    0.071ns
    Total Input Jitter      (TIJ):    0.000ns
    Discrete Jitter          (DJ):    0.000ns
    Phase Error              (PE):    0.000ns

    Location             Delay type                Incr(ns)  Path(ns)    Netlist Resource(s)
  -------------------------------------------------------------------    -------------------
                         (clock clk rise edge)        0.000     0.000 r  
                                                      0.000     0.000 r  clk (IN)
                         net (fo=733, unset)          0.973     0.973    clk
    SLICE_X12Y22         FDCE                                         r  r0_i_1__2/C
  -------------------------------------------------------------------    -------------------
    SLICE_X12Y22         FDCE (Prop_fdce_C_Q)         0.518     1.491 r  r0_i_1__2/Q
                         net (fo=27, routed)          0.708     2.199    u_mult_scale/u_mult/u_barrett/OPMODE[0]
    SLICE_X13Y20                                                      r  u_mult_scale/u_mult/u_barrett/mul_full_i_4__2/I1
    SLICE_X13Y20         LUT2 (Prop_lut2_I1_O)        0.124     2.323 r  u_mult_scale/u_mult/u_barrett/mul_full_i_4__2/O
                         net (fo=1, routed)           0.556     2.879    u_mult_scale/u_mult/u_barrett/prod_r[20]
    DSP48_X0Y9                                                        r  u_mult_scale/u_mult/u_barrett/mul_full/A[20]
    DSP48_X0Y9           DSP48E1 (Prop_dsp48e1_A[20]_P[36])
                                                      3.841     6.720 r  u_mult_scale/u_mult/u_barrett/mul_full/P[36]
                         net (fo=1, routed)           0.937     7.657    u_mult_scale/u_mult/u_barrett/A[12]
    DSP48_X0Y10                                                       r  u_mult_scale/u_mult/u_barrett/r0/A[12]
    DSP48_X0Y10          DSP48E1 (Prop_dsp48e1_A[12]_P[17])
                                                      3.841    11.498 f  u_mult_scale/u_mult/u_barrett/r0/P[17]
                         net (fo=1, routed)           1.158    12.656    u_mult_scale/u_mult/u_barrett/r0_n_88
    SLICE_X13Y28                                                      f  u_mult_scale/u_mult/u_barrett/result[11]_i_5__2/I0
    SLICE_X13Y28         LUT6 (Prop_lut6_I0_O)        0.124    12.780 f  u_mult_scale/u_mult/u_barrett/result[11]_i_5__2/O
                         net (fo=1, routed)           0.399    13.179    u_mult_scale/u_mult/u_barrett/result[11]_i_5__2_n_0
    SLICE_X15Y28                                                      f  u_mult_scale/u_mult/u_barrett/result[11]_i_3__2/I0
    SLICE_X15Y28         LUT5 (Prop_lut5_I0_O)        0.124    13.303 f  u_mult_scale/u_mult/u_barrett/result[11]_i_3__2/O
                         net (fo=5, routed)           0.319    13.622    u_mult_scale/u_mult/u_barrett/result[11]_i_3__2_n_0
    SLICE_X13Y27                                                      f  u_mult_scale/u_mult/u_barrett/result[8]_i_2__2/I4
    SLICE_X13Y27         LUT5 (Prop_lut5_I4_O)        0.124    13.746 r  u_mult_scale/u_mult/u_barrett/result[8]_i_2__2/O
                         net (fo=8, routed)           0.459    14.205    u_mult_scale/u_mult/u_barrett/result[8]_i_2__2_n_0
    SLICE_X13Y26                                                      r  u_mult_scale/u_mult/u_barrett/result[8]_i_1__2/I1
    SLICE_X13Y26         LUT3 (Prop_lut3_I1_O)        0.124    14.329 r  u_mult_scale/u_mult/u_barrett/result[8]_i_1__2/O
                         net (fo=1, routed)           0.000    14.329    u_mult_scale/u_mult/reduced[8]
    SLICE_X13Y26         FDCE                                         r  u_mult_scale/u_mult/result_reg[8]/D
  -------------------------------------------------------------------    -------------------

                         (clock clk rise edge)       10.000    10.000 r  
                                                      0.000    10.000 r  clk (IN)
                         net (fo=733, unset)          0.924    10.924    u_mult_scale/u_mult/clk
    SLICE_X13Y26         FDCE                                         r  u_mult_scale/u_mult/result_reg[8]/C
                         clock pessimism              0.000    10.924    
                         clock uncertainty           -0.035    10.889    
    SLICE_X13Y26         FDCE (Setup_fdce_C_D)        0.031    10.920    u_mult_scale/u_mult/result_reg[8]
  -------------------------------------------------------------------
                         required time                         10.920    
                         arrival time                         -14.329    
  -------------------------------------------------------------------
                         slack                                 -3.409    

Slack (VIOLATED) :        -3.409ns  (required time - arrival time)
  Source:                 r0_i_1__2/C
                            (rising edge-triggered cell FDCE clocked by clk  {rise@0.000ns fall@5.000ns period=10.000ns})
  Destination:            u_mult_scale/u_mult/result_reg[8]/D
                            (rising edge-triggered cell FDCE clocked by clk  {rise@0.000ns fall@5.000ns period=10.000ns})
  Path Group:             clk
  Path Type:              Setup (Max at Slow Process Corner)
  Requirement:            10.000ns  (clk rise@10.000ns - clk rise@0.000ns)
  Data Path Delay:        13.356ns  (logic 8.820ns (66.039%)  route 4.536ns (33.961%))
  Logic Levels:           7  (DSP48E1=2 LUT2=1 LUT3=1 LUT5=2 LUT6=1)
  Clock Path Skew:        -0.049ns (DCD - SCD + CPR)
    Destination Clock Delay (DCD):    0.924ns = ( 10.924 - 10.000 ) 
    Source Clock Delay      (SCD):    0.973ns
    Clock Pessimism Removal (CPR):    0.000ns
  Clock Uncertainty:      0.035ns  ((TSJ^2 + TIJ^2)^1/2 + DJ) / 2 + PE
    Total System Jitter     (TSJ):    0.071ns
    Total Input Jitter      (TIJ):    0.000ns
    Discrete Jitter          (DJ):    0.000ns
    Phase Error              (PE):    0.000ns

    Location             Delay type                Incr(ns)  Path(ns)    Netlist Resource(s)
  -------------------------------------------------------------------    -------------------
                         (clock clk rise edge)        0.000     0.000 r  
                                                      0.000     0.000 r  clk (IN)
                         net (fo=733, unset)          0.973     0.973    clk
    SLICE_X12Y22         FDCE                                         r  r0_i_1__2/C
  -------------------------------------------------------------------    -------------------
    SLICE_X12Y22         FDCE (Prop_fdce_C_Q)         0.518     1.491 f  r0_i_1__2/Q
                         net (fo=27, routed)          0.708     2.199    u_mult_scale/u_mult/u_barrett/OPMODE[0]
    SLICE_X13Y20                                                      f  u_mult_scale/u_mult/u_barrett/mul_full_i_4__2/I1
    SLICE_X13Y20         LUT2 (Prop_lut2_I1_O)        0.124     2.323 f  u_mult_scale/u_mult/u_barrett/mul_full_i_4__2/O
                         net (fo=1, routed)           0.556     2.879    u_mult_scale/u_mult/u_barrett/prod_r[20]
    DSP48_X0Y9                                                        f  u_mult_scale/u_mult/u_barrett/mul_full/A[20]
    DSP48_X0Y9           DSP48E1 (Prop_dsp48e1_A[20]_P[36])
                                                      3.841     6.720 r  u_mult_scale/u_mult/u_barrett/mul_full/P[36]
                         net (fo=1, routed)           0.937     7.657    u_mult_scale/u_mult/u_barrett/A[12]
    DSP48_X0Y10                                                       r  u_mult_scale/u_mult/u_barrett/r0/A[12]
    DSP48_X0Y10          DSP48E1 (Prop_dsp48e1_A[12]_P[17])
                                                      3.841    11.498 f  u_mult_scale/u_mult/u_barrett/r0/P[17]
                         net (fo=1, routed)           1.158    12.656    u_mult_scale/u_mult/u_barrett/r0_n_88
    SLICE_X13Y28                                                      f  u_mult_scale/u_mult/u_barrett/result[11]_i_5__2/I0
    SLICE_X13Y28         LUT6 (Prop_lut6_I0_O)        0.124    12.780 f  u_mult_scale/u_mult/u_barrett/result[11]_i_5__2/O
                         net (fo=1, routed)           0.399    13.179    u_mult_scale/u_mult/u_barrett/result[11]_i_5__2_n_0
    SLICE_X15Y28                                                      f  u_mult_scale/u_mult/u_barrett/result[11]_i_3__2/I0
    SLICE_X15Y28         LUT5 (Prop_lut5_I0_O)        0.124    13.303 f  u_mult_scale/u_mult/u_barrett/result[11]_i_3__2/O
                         net (fo=5, routed)           0.319    13.622    u_mult_scale/u_mult/u_barrett/result[11]_i_3__2_n_0
    SLICE_X13Y27                                                      f  u_mult_scale/u_mult/u_barrett/result[8]_i_2__2/I4
    SLICE_X13Y27         LUT5 (Prop_lut5_I4_O)        0.124    13.746 r  u_mult_scale/u_mult/u_barrett/result[8]_i_2__2/O
                         net (fo=8, routed)           0.459    14.205    u_mult_scale/u_mult/u_barrett/result[8]_i_2__2_n_0
    SLICE_X13Y26                                                      r  u_mult_scale/u_mult/u_barrett/result[8]_i_1__2/I1
    SLICE_X13Y26         LUT3 (Prop_lut3_I1_O)        0.124    14.329 r  u_mult_scale/u_mult/u_barrett/result[8]_i_1__2/O
                         net (fo=1, routed)           0.000    14.329    u_mult_scale/u_mult/reduced[8]
    SLICE_X13Y26         FDCE                                         r  u_mult_scale/u_mult/result_reg[8]/D
  -------------------------------------------------------------------    -------------------

                         (clock clk rise edge)       10.000    10.000 r  
                                                      0.000    10.000 r  clk (IN)
                         net (fo=733, unset)          0.924    10.924    u_mult_scale/u_mult/clk
    SLICE_X13Y26         FDCE                                         r  u_mult_scale/u_mult/result_reg[8]/C
                         clock pessimism              0.000    10.924    
                         clock uncertainty           -0.035    10.889    
    SLICE_X13Y26         FDCE (Setup_fdce_C_D)        0.031    10.920    u_mult_scale/u_mult/result_reg[8]
  -------------------------------------------------------------------
                         required time                         10.920    
                         arrival time                         -14.329    
  -------------------------------------------------------------------
                         slack                                 -3.409    

Slack (VIOLATED) :        -3.409ns  (required time - arrival time)
  Source:                 r0_i_1__2/C
                            (rising edge-triggered cell FDCE clocked by clk  {rise@0.000ns fall@5.000ns period=10.000ns})
  Destination:            u_mult_scale/u_mult/result_reg[8]/D
                            (rising edge-triggered cell FDCE clocked by clk  {rise@0.000ns fall@5.000ns period=10.000ns})
  Path Group:             clk
  Path Type:              Setup (Max at Slow Process Corner)
  Requirement:            10.000ns  (clk rise@10.000ns - clk rise@0.000ns)
  Data Path Delay:        13.356ns  (logic 8.820ns (66.039%)  route 4.536ns (33.961%))
  Logic Levels:           7  (DSP48E1=2 LUT2=1 LUT3=1 LUT5=2 LUT6=1)
  Clock Path Skew:        -0.049ns (DCD - SCD + CPR)
    Destination Clock Delay (DCD):    0.924ns = ( 10.924 - 10.000 ) 
    Source Clock Delay      (SCD):    0.973ns
    Clock Pessimism Removal (CPR):    0.000ns
  Clock Uncertainty:      0.035ns  ((TSJ^2 + TIJ^2)^1/2 + DJ) / 2 + PE
    Total System Jitter     (TSJ):    0.071ns
    Total Input Jitter      (TIJ):    0.000ns
    Discrete Jitter          (DJ):    0.000ns
    Phase Error              (PE):    0.000ns

    Location             Delay type                Incr(ns)  Path(ns)    Netlist Resource(s)
  -------------------------------------------------------------------    -------------------
                         (clock clk rise edge)        0.000     0.000 r  
                                                      0.000     0.000 r  clk (IN)
                         net (fo=733, unset)          0.973     0.973    clk
    SLICE_X12Y22         FDCE                                         r  r0_i_1__2/C
  -------------------------------------------------------------------    -------------------
    SLICE_X12Y22         FDCE (Prop_fdce_C_Q)         0.518     1.491 r  r0_i_1__2/Q
                         net (fo=27, routed)          0.708     2.199    u_mult_scale/u_mult/u_barrett/OPMODE[0]
    SLICE_X13Y20                                                      r  u_mult_scale/u_mult/u_barrett/mul_full_i_4__2/I1
    SLICE_X13Y20         LUT2 (Prop_lut2_I1_O)        0.124     2.323 r  u_mult_scale/u_mult/u_barrett/mul_full_i_4__2/O
                         net (fo=1, routed)           0.556     2.879    u_mult_scale/u_mult/u_barrett/prod_r[20]
    DSP48_X0Y9                                                        r  u_mult_scale/u_mult/u_barrett/mul_full/A[20]
    DSP48_X0Y9           DSP48E1 (Prop_dsp48e1_A[20]_P[36])
                                                      3.841     6.720 r  u_mult_scale/u_mult/u_barrett/mul_full/P[36]
                         net (fo=1, routed)           0.937     7.657    u_mult_scale/u_mult/u_barrett/A[12]
    DSP48_X0Y10                                                       r  u_mult_scale/u_mult/u_barrett/r0/A[12]
    DSP48_X0Y10          DSP48E1 (Prop_dsp48e1_A[12]_P[17])
                                                      3.841    11.498 r  u_mult_scale/u_mult/u_barrett/r0/P[17]
                         net (fo=1, routed)           1.158    12.656    u_mult_scale/u_mult/u_barrett/r0_n_88
    SLICE_X13Y28                                                      r  u_mult_scale/u_mult/u_barrett/result[11]_i_5__2/I0
    SLICE_X13Y28         LUT6 (Prop_lut6_I0_O)        0.124    12.780 r  u_mult_scale/u_mult/u_barrett/result[11]_i_5__2/O
                         net (fo=1, routed)           0.399    13.179    u_mult_scale/u_mult/u_barrett/result[11]_i_5__2_n_0
    SLICE_X15Y28                                                      r  u_mult_scale/u_mult/u_barrett/result[11]_i_3__2/I0
    SLICE_X15Y28         LUT5 (Prop_lut5_I0_O)        0.124    13.303 r  u_mult_scale/u_mult/u_barrett/result[11]_i_3__2/O
                         net (fo=5, routed)           0.319    13.622    u_mult_scale/u_mult/u_barrett/result[11]_i_3__2_n_0
    SLICE_X13Y27                                                      r  u_mult_scale/u_mult/u_barrett/result[8]_i_2__2/I4
    SLICE_X13Y27         LUT5 (Prop_lut5_I4_O)        0.124    13.746 f  u_mult_scale/u_mult/u_barrett/result[8]_i_2__2/O
                         net (fo=8, routed)           0.459    14.205    u_mult_scale/u_mult/u_barrett/result[8]_i_2__2_n_0
    SLICE_X13Y26                                                      f  u_mult_scale/u_mult/u_barrett/result[8]_i_1__2/I1
    SLICE_X13Y26         LUT3 (Prop_lut3_I1_O)        0.124    14.329 r  u_mult_scale/u_mult/u_barrett/result[8]_i_1__2/O
                         net (fo=1, routed)           0.000    14.329    u_mult_scale/u_mult/reduced[8]
    SLICE_X13Y26         FDCE                                         r  u_mult_scale/u_mult/result_reg[8]/D
  -------------------------------------------------------------------    -------------------

                         (clock clk rise edge)       10.000    10.000 r  
                                                      0.000    10.000 r  clk (IN)
                         net (fo=733, unset)          0.924    10.924    u_mult_scale/u_mult/clk
    SLICE_X13Y26         FDCE                                         r  u_mult_scale/u_mult/result_reg[8]/C
                         clock pessimism              0.000    10.924    
                         clock uncertainty           -0.035    10.889    
    SLICE_X13Y26         FDCE (Setup_fdce_C_D)        0.031    10.920    u_mult_scale/u_mult/result_reg[8]
  -------------------------------------------------------------------
                         required time                         10.920    
                         arrival time                         -14.329    
  -------------------------------------------------------------------
                         slack                                 -3.409    




