Copyright 1986-2022 Xilinx, Inc. All Rights Reserved. Copyright 2022-2024 Advanced Micro Devices, Inc. All Rights Reserved.
-------------------------------------------------------------------------------------------------------------------------------------------------------------------------------------------------------
| Tool Version : Vivado v.2024.2 (lin64) Build 5239630 Fri Nov 08 22:34:34 MST 2024
| Date         : Thu Oct  1 17:36:09 2026
| Host         : <redacted> running 64-bit Ubuntu 24.04.4 LTS
| Command      : report_timing_summary -file {<repo>/reports/generated/per_phase_baseline/t13p798_timing.rpt}
| Design       : ntt_core_baseline
| Device       : 7a35t-cpg236
| Speed File   : -1  PRODUCTION 1.23 2018-06-13
| Design State : Routed
-------------------------------------------------------------------------------------------------------------------------------------------------------------------------------------------------------

Timing Summary Report

------------------------------------------------------------------------------------------------
| Timer Settings
| --------------
------------------------------------------------------------------------------------------------

  Enable Multi Corner Analysis               :  Yes
  Enable Pessimism Removal                   :  Yes
  Pessimism Removal Resolution               :  Nearest Common Node
  Enable Input Delay Default Clock           :  No
  Enable Preset / Clear Arcs                 :  No
  Disable Flight Delays                      :  No
  Ignore I/O Paths                           :  No
  Timing Early Launch at Borrowing Latches   :  No
  Borrow Time for Max Delay Exceptions       :  Yes
  Merge Timing Exceptions                    :  Yes
  Inter-SLR Compensation                     :  Conservative

  Corner  Analyze    Analyze    
  Name    Max Paths  Min Paths  
  ------  ---------  ---------  
  Slow    Yes        Yes        
  Fast    Yes        Yes        


------------------------------------------------------------------------------------------------
| Report Methodology
| ------------------
------------------------------------------------------------------------------------------------

No report available as report_methodology has not been run prior. Run report_methodology on the current design for the summary of methodology violations.



check_timing report

Table of Contents
-----------------
1. checking no_clock (0)
2. checking constant_clock (0)
3. checking pulse_width_clock (0)
4. checking unconstrained_internal_endpoints (0)
5. checking no_input_delay (32)
6. checking no_output_delay (13)
7. checking multiple_clock (0)
8. checking generated_clocks (0)
9. checking loops (0)
10. checking partial_input_delay (0)
11. checking partial_output_delay (0)
12. checking latch_loops (0)

1. checking no_clock (0)
------------------------
 There are 0 register/latch pins with no clock.


2. checking constant_clock (0)
------------------------------
 There are 0 register/latch pins with constant_clock.


3. checking pulse_width_clock (0)
---------------------------------
 There are 0 register/latch pins which need pulse_width check


4. checking unconstrained_internal_endpoints (0)
------------------------------------------------
 There are 0 pins that are not constrained for maximum delay.

 There are 0 pins that are not constrained for maximum delay due to constant clock.


5. checking no_input_delay (32)
-------------------------------
 There are 32 input ports with no input delay specified. (HIGH)

 There are 0 input ports with no input delay but user has a false path constraint.


6. checking no_output_delay (13)
--------------------------------
 There are 13 ports with no output delay specified. (HIGH)

 There are 0 ports with no output delay but user has a false path constraint

 There are 0 ports with no output delay but with a timing clock defined on it or propagating through it


7. checking multiple_clock (0)
------------------------------
 There are 0 register/latch pins with multiple clocks.


8. checking generated_clocks (0)
--------------------------------
 There are 0 generated clocks that are not connected to a clock source.


9. checking loops (0)
---------------------
 There are 0 combinational loops in the design.


10. checking partial_input_delay (0)
------------------------------------
 There are 0 input ports with partial input delay specified.


11. checking partial_output_delay (0)
-------------------------------------
 There are 0 ports with partial output delay specified.


12. checking latch_loops (0)
----------------------------
 There are 0 combinational latch loops in the design through latch input



------------------------------------------------------------------------------------------------
| Design Timing Summary
| ---------------------
------------------------------------------------------------------------------------------------

    WNS(ns)      TNS(ns)  TNS Failing Endpoints  TNS Total Endpoints      WHS(ns)      THS(ns)  THS Failing Endpoints  THS Total Endpoints     WPWS(ns)     TPWS(ns)  TPWS Failing Endpoints  TPWS Total Endpoints  
    -------      -------  ---------------------  -------------------      -------      -------  ---------------------  -------------------     --------     --------  ----------------------  --------------------  
      0.201        0.000                      0                 2915        0.178        0.000                      0                 2915        5.649        0.000                       0                   730  


All user specified timing constraints are met.


------------------------------------------------------------------------------------------------
| Clock Summary
| -------------
------------------------------------------------------------------------------------------------

Clock  Waveform(ns)       Period(ns)      Frequency(MHz)
-----  ------------       ----------      --------------
clk    {0.000 6.899}      13.798          72.474          


------------------------------------------------------------------------------------------------
| Intra Clock Table
| -----------------
------------------------------------------------------------------------------------------------

Clock             WNS(ns)      TNS(ns)  TNS Failing Endpoints  TNS Total Endpoints      WHS(ns)      THS(ns)  THS Failing Endpoints  THS Total Endpoints     WPWS(ns)     TPWS(ns)  TPWS Failing Endpoints  TPWS Total Endpoints  
-----             -------      -------  ---------------------  -------------------      -------      -------  ---------------------  -------------------     --------     --------  ----------------------  --------------------  
clk                 0.201        0.000                      0                 2915        0.178        0.000                      0                 2915        5.649        0.000                       0                   730  


------------------------------------------------------------------------------------------------
| Inter Clock Table
| -----------------
------------------------------------------------------------------------------------------------

From Clock    To Clock          WNS(ns)      TNS(ns)  TNS Failing Endpoints  TNS Total Endpoints      WHS(ns)      THS(ns)  THS Failing Endpoints  THS Total Endpoints  
----------    --------          -------      -------  ---------------------  -------------------      -------      -------  ---------------------  -------------------  


------------------------------------------------------------------------------------------------
| Other Path Groups Table
| -----------------------
------------------------------------------------------------------------------------------------

Path Group    From Clock    To Clock          WNS(ns)      TNS(ns)  TNS Failing Endpoints  TNS Total Endpoints      WHS(ns)      THS(ns)  THS Failing Endpoints  THS Total Endpoints  
----------    ----------    --------          -------      -------  ---------------------  -------------------      -------      -------  ---------------------  -------------------  


------------------------------------------------------------------------------------------------
| Timing Details
| --------------
------------------------------------------------------------------------------------------------


---------------------------------------------------------------------------------------------------
From Clock:  clk
  To Clock:  clk

Setup :            0  Failing Endpoints,  Worst Slack        0.201ns,  Total Violation        0.000ns
Hold  :            0  Failing Endpoints,  Worst Slack        0.178ns,  Total Violation        0.000ns
PW    :            0  Failing Endpoints,  Worst Slack        5.649ns,  Total Violation        0.000ns
---------------------------------------------------------------------------------------------------


Max Delay Paths
--------------------------------------------------------------------------------------
Slack (MET) :             0.201ns  (required time - arrival time)
  Source:                 r0_i_1__2/C
                            (rising edge-triggered cell FDCE clocked by clk  {rise@0.000ns fall@6.899ns period=13.798ns})
  Destination:            u_mult_scale/u_mult/result_reg[8]/D
                            (rising edge-triggered cell FDCE clocked by clk  {rise@0.000ns fall@6.899ns period=13.798ns})
  Path Group:             clk
  Path Type:              Setup (Max at Slow Process Corner)
  Requirement:            13.798ns  (clk rise@13.798ns - clk rise@0.000ns)
  Data Path Delay:        13.545ns  (logic 8.994ns (66.401%)  route 4.551ns (33.599%))
  Logic Levels:           7  (DSP48E1=2 LUT2=1 LUT3=1 LUT5=2 LUT6=1)
  Clock Path Skew:        -0.049ns (DCD - SCD + CPR)
    Destination Clock Delay (DCD):    0.924ns = ( 14.722 - 13.798 ) 
    Source Clock Delay      (SCD):    0.973ns
    Clock Pessimism Removal (CPR):    0.000ns
  Clock Uncertainty:      0.035ns  ((TSJ^2 + TIJ^2)^1/2 + DJ) / 2 + PE
    Total System Jitter     (TSJ):    0.071ns
    Total Input Jitter      (TIJ):    0.000ns
    Discrete Jitter          (DJ):    0.000ns
    Phase Error              (PE):    0.000ns

    Location             Delay type                Incr(ns)  Path(ns)    Netlist Resource(s)
  -------------------------------------------------------------------    -------------------
                         (clock clk rise edge)        0.000     0.000 r  
                                                      0.000     0.000 r  clk (IN)
                         net (fo=733, unset)          0.973     0.973    clk
    SLICE_X15Y33         FDCE                                         r  r0_i_1__2/C
  -------------------------------------------------------------------    -------------------
    SLICE_X15Y33         FDCE (Prop_fdce_C_Q)         0.456     1.429 r  r0_i_1__2/Q
                         net (fo=27, routed)          0.820     2.249    u_mult_scale/u_mult/u_barrett/OPMODE[0]
    SLICE_X12Y31         LUT2 (Prop_lut2_I1_O)        0.153     2.402 r  u_mult_scale/u_mult/u_barrett/mul_full_i_18__2/O
                         net (fo=1, routed)           0.547     2.949    u_mult_scale/u_mult/u_barrett/prod_r[6]
    DSP48_X0Y12          DSP48E1 (Prop_dsp48e1_A[6]_P[36])
                                                      4.048     6.997 r  u_mult_scale/u_mult/u_barrett/mul_full/P[36]
                         net (fo=1, routed)           0.908     7.905    u_mult_scale/u_mult/u_barrett/A[12]
    DSP48_X0Y14          DSP48E1 (Prop_dsp48e1_A[12]_P[16])
                                                      3.841    11.746 f  u_mult_scale/u_mult/u_barrett/r0/P[16]
                         net (fo=1, routed)           1.168    12.914    u_mult_scale/u_mult/u_barrett/r0_n_89
    SLICE_X13Y38         LUT6 (Prop_lut6_I3_O)        0.124    13.038 f  u_mult_scale/u_mult/u_barrett/result[11]_i_6__2/O
                         net (fo=1, routed)           0.263    13.301    u_mult_scale/u_mult/u_barrett/result[11]_i_6__2_n_0
    SLICE_X13Y38         LUT5 (Prop_lut5_I0_O)        0.124    13.425 f  u_mult_scale/u_mult/u_barrett/result[11]_i_4__2/O
                         net (fo=1, routed)           0.300    13.725    u_mult_scale/u_mult/u_barrett/result[11]_i_4__2_n_0
    SLICE_X15Y37         LUT5 (Prop_lut5_I4_O)        0.124    13.849 r  u_mult_scale/u_mult/u_barrett/result[11]_i_2__2/O
                         net (fo=12, routed)          0.545    14.394    u_mult_scale/u_mult/u_barrett/result[11]_i_2__2_n_0
    SLICE_X15Y37         LUT3 (Prop_lut3_I1_O)        0.124    14.518 r  u_mult_scale/u_mult/u_barrett/result[8]_i_1__2/O
                         net (fo=1, routed)           0.000    14.518    u_mult_scale/u_mult/reduced[8]
    SLICE_X15Y37         FDCE                                         r  u_mult_scale/u_mult/result_reg[8]/D
  -------------------------------------------------------------------    -------------------

                         (clock clk rise edge)       13.798    13.798 r  
                                                      0.000    13.798 r  clk (IN)
                         net (fo=733, unset)          0.924    14.722    u_mult_scale/u_mult/clk
    SLICE_X15Y37         FDCE                                         r  u_mult_scale/u_mult/result_reg[8]/C
                         clock pessimism              0.000    14.722    
                         clock uncertainty           -0.035    14.687    
    SLICE_X15Y37         FDCE (Setup_fdce_C_D)        0.032    14.719    u_mult_scale/u_mult/result_reg[8]
  -------------------------------------------------------------------
                         required time                         14.719    
                         arrival time                         -14.518    
  -------------------------------------------------------------------
                         slack                                  0.201    





Min Delay Paths
--------------------------------------------------------------------------------------
Slack (MET) :             0.178ns  (arrival time - required time)
  Source:                 wd_reg[4]/C
                            (rising edge-triggered cell FDCE clocked by clk  {rise@0.000ns fall@6.899ns period=13.798ns})
  Destination:            mult_op_b_reg[4]/D
                            (rising edge-triggered cell FDCE clocked by clk  {rise@0.000ns fall@6.899ns period=13.798ns})
  Path Group:             clk
  Path Type:              Hold (Min at Fast Process Corner)
  Requirement:            0.000ns  (clk rise@0.000ns - clk rise@0.000ns)
  Data Path Delay:        0.291ns  (logic 0.186ns (63.880%)  route 0.105ns (36.120%))
  Logic Levels:           1  (LUT6=1)
  Clock Path Skew:        0.022ns (DCD - SCD - CPR)
    Destination Clock Delay (DCD):    0.432ns
    Source Clock Delay      (SCD):    0.410ns
    Clock Pessimism Removal (CPR):    -0.000ns

    Location             Delay type                Incr(ns)  Path(ns)    Netlist Resource(s)
  -------------------------------------------------------------------    -------------------
                         (clock clk rise edge)        0.000     0.000 r  
                                                      0.000     0.000 r  clk (IN)
                         net (fo=733, unset)          0.410     0.410    clk
    SLICE_X11Y55         FDCE                                         r  wd_reg[4]/C
  -------------------------------------------------------------------    -------------------
    SLICE_X11Y55         FDCE (Prop_fdce_C_Q)         0.141     0.551 r  wd_reg[4]/Q
                         net (fo=1, routed)           0.105     0.656    wd[4]
    SLICE_X11Y56         LUT6 (Prop_lut6_I3_O)        0.045     0.701 r  mult_op_b[4]_i_1/O
                         net (fo=1, routed)           0.000     0.701    mult_op_b[4]_i_1_n_0
    SLICE_X11Y56         FDCE                                         r  mult_op_b_reg[4]/D
  -------------------------------------------------------------------    -------------------

                         (clock clk rise edge)        0.000     0.000 r  
                                                      0.000     0.000 r  clk (IN)
                         net (fo=733, unset)          0.432     0.432    clk
    SLICE_X11Y56         FDCE                                         r  mult_op_b_reg[4]/C
                         clock pessimism              0.000     0.432    
    SLICE_X11Y56         FDCE (Hold_fdce_C_D)         0.092     0.524    mult_op_b_reg[4]
  -------------------------------------------------------------------
                         required time                         -0.524    
                         arrival time                           0.701    
  -------------------------------------------------------------------
                         slack                                  0.178    





Pulse Width Checks
--------------------------------------------------------------------------------------
Clock Name:         clk
Waveform(ns):       { 0.000 6.899 }
Period(ns):         13.798
Sources:            { clk }

Check Type        Corner  Lib Pin      Reference Pin  Required(ns)  Actual(ns)  Slack(ns)  Location      Pin
Min Period        n/a     FDPE/C       n/a            1.000         13.798      12.798     SLICE_X12Y66  FSM_onehot_state_reg[0]/C
Low Pulse Width   Slow    RAMD64E/CLK  n/a            1.250         6.899       5.649      SLICE_X2Y56   mem_a_reg_r1_0_63_0_2/RAMA/CLK
High Pulse Width  Slow    RAMD64E/CLK  n/a            1.250         6.899       5.649      SLICE_X2Y56   mem_a_reg_r1_0_63_0_2/RAMA/CLK



