Copyright 1986-2022 Xilinx, Inc. All Rights Reserved. Copyright 2022-2024 Advanced Micro Devices, Inc. All Rights Reserved.
---------------------------------------------------------------------------------------------------------------------------------------------------------------------------------------------------------------------------------
| Tool Version : Vivado v.2024.2 (lin64) Build 5239630 Fri Nov 08 22:34:34 MST 2024
| Date         : Thu Oct  1 17:35:26 2026
| Host         : <redacted> running 64-bit Ubuntu 24.04.4 LTS
| Command      : report_timing -max_paths 3 -nworst 3 -input_pins -file {<repo>/reports/generated/per_phase_baseline/t13p601_paths.rpt}
| Design       : ntt_core_baseline
| Device       : 7a35t-cpg236
| Speed File   : -1  PRODUCTION 1.23 2018-06-13
| Design State : Routed
---------------------------------------------------------------------------------------------------------------------------------------------------------------------------------------------------------------------------------

Timing Report

Slack (VIOLATED) :        -0.147ns  (required time - arrival time)
  Source:                 r0_i_1__0/C
                            (rising edge-triggered cell FDCE clocked by clk  {rise@0.000ns fall@6.800ns period=13.601ns})
  Destination:            u_mult_bm/u_mult/result_reg[11]/D
                            (rising edge-triggered cell FDCE clocked by clk  {rise@0.000ns fall@6.800ns period=13.601ns})
  Path Group:             clk
  Path Type:              Setup (Max at Slow Process Corner)
  Requirement:            13.601ns  (clk rise@13.601ns - clk rise@0.000ns)
  Data Path Delay:        13.696ns  (logic 8.990ns (65.639%)  route 4.706ns (34.361%))
  Logic Levels:           7  (DSP48E1=2 LUT2=1 LUT3=1 LUT5=2 LUT6=1)
  Clock Path Skew:        -0.049ns (DCD - SCD + CPR)
    Destination Clock Delay (DCD):    0.924ns = ( 14.525 - 13.601 ) 
    Source Clock Delay      (SCD):    0.973ns
    Clock Pessimism Removal (CPR):    0.000ns
  Clock Uncertainty:      0.035ns  ((TSJ^2 + TIJ^2)^1/2 + DJ) / 2 + PE
    Total System Jitter     (TSJ):    0.071ns
    Total Input Jitter      (TIJ):    0.000ns
    Discrete Jitter          (DJ):    0.000ns
    Phase Error              (PE):    0.000ns

    Location             Delay type                Incr(ns)  Path(ns)    Netlist Resource(s)
  -------------------------------------------------------------------    -------------------
                         (clock clk rise edge)        0.000     0.000 r  
                                                      0.000     0.000 r  clk (IN)
                         net (fo=685, unset)          0.973     0.973    clk
    SLICE_X13Y32         FDCE                                         r  r0_i_1__0/C
  -------------------------------------------------------------------    -------------------
    SLICE_X13Y32         FDCE (Prop_fdce_C_Q)         0.456     1.429 r  r0_i_1__0/Q
                         net (fo=27, routed)          0.855     2.284    u_mult_bm/u_mult/u_barrett/OPMODE[0]
    SLICE_X13Y30                                                      r  u_mult_bm/u_mult/u_barrett/mul_full_i_22__0/I1
    SLICE_X13Y30         LUT2 (Prop_lut2_I1_O)        0.153     2.437 r  u_mult_bm/u_mult/u_barrett/mul_full_i_22__0/O
                         net (fo=1, routed)           0.743     3.181    u_mult_bm/u_mult/u_barrett/prod_r[2]
    DSP48_X0Y14                                                       r  u_mult_bm/u_mult/u_barrett/mul_full/A[2]
    DSP48_X0Y14          DSP48E1 (Prop_dsp48e1_A[2]_P[36])
                                                      4.044     7.225 r  u_mult_bm/u_mult/u_barrett/mul_full/P[36]
                         net (fo=1, routed)           0.768     7.992    u_mult_bm/u_mult/u_barrett/A[12]
    DSP48_X0Y15                                                       r  u_mult_bm/u_mult/u_barrett/r0/A[12]
    DSP48_X0Y15          DSP48E1 (Prop_dsp48e1_A[12]_P[22])
                                                      3.841    11.833 f  u_mult_bm/u_mult/u_barrett/r0/P[22]
                         net (fo=1, routed)           1.221    13.054    u_mult_bm/u_mult/u_barrett/r0_n_83
    SLICE_X12Y39                                                      f  u_mult_bm/u_mult/u_barrett/result[11]_i_6__0/I2
    SLICE_X12Y39         LUT6 (Prop_lut6_I2_O)        0.124    13.178 f  u_mult_bm/u_mult/u_barrett/result[11]_i_6__0/O
                         net (fo=1, routed)           0.431    13.609    u_mult_bm/u_mult/u_barrett/result[11]_i_6__0_n_0
    SLICE_X12Y37                                                      f  u_mult_bm/u_mult/u_barrett/result[11]_i_4__0/I0
    SLICE_X12Y37         LUT5 (Prop_lut5_I0_O)        0.124    13.733 f  u_mult_bm/u_mult/u_barrett/result[11]_i_4__0/O
                         net (fo=1, routed)           0.161    13.894    u_mult_bm/u_mult/u_barrett/result[11]_i_4__0_n_0
    SLICE_X12Y37                                                      f  u_mult_bm/u_mult/u_barrett/result[11]_i_2__0/I4
    SLICE_X12Y37         LUT5 (Prop_lut5_I4_O)        0.124    14.018 r  u_mult_bm/u_mult/u_barrett/result[11]_i_2__0/O
                         net (fo=12, routed)          0.527    14.545    u_mult_bm/u_mult/u_barrett/result[11]_i_2__0_n_0
    SLICE_X11Y37                                                      r  u_mult_bm/u_mult/u_barrett/result[11]_i_1__0/I1
    SLICE_X11Y37         LUT3 (Prop_lut3_I1_O)        0.124    14.669 r  u_mult_bm/u_mult/u_barrett/result[11]_i_1__0/O
                         net (fo=1, routed)           0.000    14.669    u_mult_bm/u_mult/reduced[11]
    SLICE_X11Y37         FDCE                                         r  u_mult_bm/u_mult/result_reg[11]/D
  -------------------------------------------------------------------    -------------------

                         (clock clk rise edge)       13.601    13.601 r  
                                                      0.000    13.601 r  clk (IN)
                         net (fo=685, unset)          0.924    14.525    u_mult_bm/u_mult/clk
    SLICE_X11Y37         FDCE                                         r  u_mult_bm/u_mult/result_reg[11]/C
                         clock pessimism              0.000    14.525    
                         clock uncertainty           -0.035    14.490    
    SLICE_X11Y37         FDCE (Setup_fdce_C_D)        0.032    14.522    u_mult_bm/u_mult/result_reg[11]
  -------------------------------------------------------------------
                         required time                         14.522    
                         arrival time                         -14.669    
  -------------------------------------------------------------------
                         slack                                 -0.147    

Slack (VIOLATED) :        -0.147ns  (required time - arrival time)
  Source:                 r0_i_1__0/C
                            (rising edge-triggered cell FDCE clocked by clk  {rise@0.000ns fall@6.800ns period=13.601ns})
  Destination:            u_mult_bm/u_mult/result_reg[11]/D
                            (rising edge-triggered cell FDCE clocked by clk  {rise@0.000ns fall@6.800ns period=13.601ns})
  Path Group:             clk
  Path Type:              Setup (Max at Slow Process Corner)
  Requirement:            13.601ns  (clk rise@13.601ns - clk rise@0.000ns)
  Data Path Delay:        13.696ns  (logic 8.990ns (65.639%)  route 4.706ns (34.361%))
  Logic Levels:           7  (DSP48E1=2 LUT2=1 LUT3=1 LUT5=2 LUT6=1)
  Clock Path Skew:        -0.049ns (DCD - SCD + CPR)
    Destination Clock Delay (DCD):    0.924ns = ( 14.525 - 13.601 ) 
    Source Clock Delay      (SCD):    0.973ns
    Clock Pessimism Removal (CPR):    0.000ns
  Clock Uncertainty:      0.035ns  ((TSJ^2 + TIJ^2)^1/2 + DJ) / 2 + PE
    Total System Jitter     (TSJ):    0.071ns
    Total Input Jitter      (TIJ):    0.000ns
    Discrete Jitter          (DJ):    0.000ns
    Phase Error              (PE):    0.000ns

    Location             Delay type                Incr(ns)  Path(ns)    Netlist Resource(s)
  -------------------------------------------------------------------    -------------------
                         (clock clk rise edge)        0.000     0.000 r  
                                                      0.000     0.000 r  clk (IN)
                         net (fo=685, unset)          0.973     0.973    clk
    SLICE_X13Y32         FDCE                                         r  r0_i_1__0/C
  -------------------------------------------------------------------    -------------------
    SLICE_X13Y32         FDCE (Prop_fdce_C_Q)         0.456     1.429 f  r0_i_1__0/Q
                         net (fo=27, routed)          0.855     2.284    u_mult_bm/u_mult/u_barrett/OPMODE[0]
    SLICE_X13Y30                                                      f  u_mult_bm/u_mult/u_barrett/mul_full_i_22__0/I1
    SLICE_X13Y30         LUT2 (Prop_lut2_I1_O)        0.153     2.437 f  u_mult_bm/u_mult/u_barrett/mul_full_i_22__0/O
                         net (fo=1, routed)           0.743     3.181    u_mult_bm/u_mult/u_barrett/prod_r[2]
    DSP48_X0Y14                                                       f  u_mult_bm/u_mult/u_barrett/mul_full/A[2]
    DSP48_X0Y14          DSP48E1 (Prop_dsp48e1_A[2]_P[36])
                                                      4.044     7.225 r  u_mult_bm/u_mult/u_barrett/mul_full/P[36]
                         net (fo=1, routed)           0.768     7.992    u_mult_bm/u_mult/u_barrett/A[12]
    DSP48_X0Y15                                                       r  u_mult_bm/u_mult/u_barrett/r0/A[12]
    DSP48_X0Y15          DSP48E1 (Prop_dsp48e1_A[12]_P[22])
                                                      3.841    11.833 f  u_mult_bm/u_mult/u_barrett/r0/P[22]
                         net (fo=1, routed)           1.221    13.054    u_mult_bm/u_mult/u_barrett/r0_n_83
    SLICE_X12Y39                                                      f  u_mult_bm/u_mult/u_barrett/result[11]_i_6__0/I2
    SLICE_X12Y39         LUT6 (Prop_lut6_I2_O)        0.124    13.178 f  u_mult_bm/u_mult/u_barrett/result[11]_i_6__0/O
                         net (fo=1, routed)           0.431    13.609    u_mult_bm/u_mult/u_barrett/result[11]_i_6__0_n_0
    SLICE_X12Y37                                                      f  u_mult_bm/u_mult/u_barrett/result[11]_i_4__0/I0
    SLICE_X12Y37         LUT5 (Prop_lut5_I0_O)        0.124    13.733 f  u_mult_bm/u_mult/u_barrett/result[11]_i_4__0/O
                         net (fo=1, routed)           0.161    13.894    u_mult_bm/u_mult/u_barrett/result[11]_i_4__0_n_0
    SLICE_X12Y37                                                      f  u_mult_bm/u_mult/u_barrett/result[11]_i_2__0/I4
    SLICE_X12Y37         LUT5 (Prop_lut5_I4_O)        0.124    14.018 r  u_mult_bm/u_mult/u_barrett/result[11]_i_2__0/O
                         net (fo=12, routed)          0.527    14.545    u_mult_bm/u_mult/u_barrett/result[11]_i_2__0_n_0
    SLICE_X11Y37                                                      r  u_mult_bm/u_mult/u_barrett/result[11]_i_1__0/I1
    SLICE_X11Y37         LUT3 (Prop_lut3_I1_O)        0.124    14.669 r  u_mult_bm/u_mult/u_barrett/result[11]_i_1__0/O
                         net (fo=1, routed)           0.000    14.669    u_mult_bm/u_mult/reduced[11]
    SLICE_X11Y37         FDCE                                         r  u_mult_bm/u_mult/result_reg[11]/D
  -------------------------------------------------------------------    -------------------

                         (clock clk rise edge)       13.601    13.601 r  
                                                      0.000    13.601 r  clk (IN)
                         net (fo=685, unset)          0.924    14.525    u_mult_bm/u_mult/clk
    SLICE_X11Y37         FDCE                                         r  u_mult_bm/u_mult/result_reg[11]/C
                         clock pessimism              0.000    14.525    
                         clock uncertainty           -0.035    14.490    
    SLICE_X11Y37         FDCE (Setup_fdce_C_D)        0.032    14.522    u_mult_bm/u_mult/result_reg[11]
  -------------------------------------------------------------------
                         required time                         14.522    
                         arrival time                         -14.669    
  -------------------------------------------------------------------
                         slack                                 -0.147    

Slack (VIOLATED) :        -0.147ns  (required time - arrival time)
  Source:                 r0_i_1__0/C
                            (rising edge-triggered cell FDCE clocked by clk  {rise@0.000ns fall@6.800ns period=13.601ns})
  Destination:            u_mult_bm/u_mult/result_reg[11]/D
                            (rising edge-triggered cell FDCE clocked by clk  {rise@0.000ns fall@6.800ns period=13.601ns})
  Path Group:             clk
  Path Type:              Setup (Max at Slow Process Corner)
  Requirement:            13.601ns  (clk rise@13.601ns - clk rise@0.000ns)
  Data Path Delay:        13.696ns  (logic 8.990ns (65.639%)  route 4.706ns (34.361%))
  Logic Levels:           7  (DSP48E1=2 LUT2=1 LUT3=1 LUT5=2 LUT6=1)
  Clock Path Skew:        -0.049ns (DCD - SCD + CPR)
    Destination Clock Delay (DCD):    0.924ns = ( 14.525 - 13.601 ) 
    Source Clock Delay      (SCD):    0.973ns
    Clock Pessimism Removal (CPR):    0.000ns
  Clock Uncertainty:      0.035ns  ((TSJ^2 + TIJ^2)^1/2 + DJ) / 2 + PE
    Total System Jitter     (TSJ):    0.071ns
    Total Input Jitter      (TIJ):    0.000ns
    Discrete Jitter          (DJ):    0.000ns
    Phase Error              (PE):    0.000ns

    Location             Delay type                Incr(ns)  Path(ns)    Netlist Resource(s)
  -------------------------------------------------------------------    -------------------
                         (clock clk rise edge)        0.000     0.000 r  
                                                      0.000     0.000 r  clk (IN)
                         net (fo=685, unset)          0.973     0.973    clk
    SLICE_X13Y32         FDCE                                         r  r0_i_1__0/C
  -------------------------------------------------------------------    -------------------
    SLICE_X13Y32         FDCE (Prop_fdce_C_Q)         0.456     1.429 r  r0_i_1__0/Q
                         net (fo=27, routed)          0.855     2.284    u_mult_bm/u_mult/u_barrett/OPMODE[0]
    SLICE_X13Y30                                                      r  u_mult_bm/u_mult/u_barrett/mul_full_i_22__0/I1
    SLICE_X13Y30         LUT2 (Prop_lut2_I1_O)        0.153     2.437 r  u_mult_bm/u_mult/u_barrett/mul_full_i_22__0/O
                         net (fo=1, routed)           0.743     3.181    u_mult_bm/u_mult/u_barrett/prod_r[2]
    DSP48_X0Y14                                                       r  u_mult_bm/u_mult/u_barrett/mul_full/A[2]
    DSP48_X0Y14          DSP48E1 (Prop_dsp48e1_A[2]_P[36])
                                                      4.044     7.225 r  u_mult_bm/u_mult/u_barrett/mul_full/P[36]
                         net (fo=1, routed)           0.768     7.992    u_mult_bm/u_mult/u_barrett/A[12]
    DSP48_X0Y15                                                       r  u_mult_bm/u_mult/u_barrett/r0/A[12]
    DSP48_X0Y15          DSP48E1 (Prop_dsp48e1_A[12]_P[22])
                                                      3.841    11.833 r  u_mult_bm/u_mult/u_barrett/r0/P[22]
                         net (fo=1, routed)           1.221    13.054    u_mult_bm/u_mult/u_barrett/r0_n_83
    SLICE_X12Y39                                                      r  u_mult_bm/u_mult/u_barrett/result[11]_i_6__0/I2
    SLICE_X12Y39         LUT6 (Prop_lut6_I2_O)        0.124    13.178 r  u_mult_bm/u_mult/u_barrett/result[11]_i_6__0/O
                         net (fo=1, routed)           0.431    13.609    u_mult_bm/u_mult/u_barrett/result[11]_i_6__0_n_0
    SLICE_X12Y37                                                      r  u_mult_bm/u_mult/u_barrett/result[11]_i_4__0/I0
    SLICE_X12Y37         LUT5 (Prop_lut5_I0_O)        0.124    13.733 r  u_mult_bm/u_mult/u_barrett/result[11]_i_4__0/O
                         net (fo=1, routed)           0.161    13.894    u_mult_bm/u_mult/u_barrett/result[11]_i_4__0_n_0
    SLICE_X12Y37                                                      r  u_mult_bm/u_mult/u_barrett/result[11]_i_2__0/I4
    SLICE_X12Y37         LUT5 (Prop_lut5_I4_O)        0.124    14.018 f  u_mult_bm/u_mult/u_barrett/result[11]_i_2__0/O
                         net (fo=12, routed)          0.527    14.545    u_mult_bm/u_mult/u_barrett/result[11]_i_2__0_n_0
    SLICE_X11Y37                                                      f  u_mult_bm/u_mult/u_barrett/result[11]_i_1__0/I1
    SLICE_X11Y37         LUT3 (Prop_lut3_I1_O)        0.124    14.669 r  u_mult_bm/u_mult/u_barrett/result[11]_i_1__0/O
                         net (fo=1, routed)           0.000    14.669    u_mult_bm/u_mult/reduced[11]
    SLICE_X11Y37         FDCE                                         r  u_mult_bm/u_mult/result_reg[11]/D
  -------------------------------------------------------------------    -------------------

                         (clock clk rise edge)       13.601    13.601 r  
                                                      0.000    13.601 r  clk (IN)
                         net (fo=685, unset)          0.924    14.525    u_mult_bm/u_mult/clk
    SLICE_X11Y37         FDCE                                         r  u_mult_bm/u_mult/result_reg[11]/C
                         clock pessimism              0.000    14.525    
                         clock uncertainty           -0.035    14.490    
    SLICE_X11Y37         FDCE (Setup_fdce_C_D)        0.032    14.522    u_mult_bm/u_mult/result_reg[11]
  -------------------------------------------------------------------
                         required time                         14.522    
                         arrival time                         -14.669    
  -------------------------------------------------------------------
                         slack                                 -0.147    




