Copyright 1986-2022 Xilinx, Inc. All Rights Reserved. Copyright 2022-2024 Advanced Micro Devices, Inc. All Rights Reserved.
-------------------------------------------------------------------------------------------------------------------------------------------------------------------------------------------------------
| Tool Version : Vivado v.2024.2 (lin64) Build 5239630 Fri Nov 08 22:34:34 MST 2024
| Date         : Thu Oct  1 17:34:40 2026
| Host         : <redacted> running 64-bit Ubuntu 24.04.4 LTS
| Command      : report_timing_summary -file {<repo>/reports/generated/per_phase_baseline/t13p459_timing.rpt}
| Design       : ntt_core_baseline
| Device       : 7a35t-cpg236
| Speed File   : -1  PRODUCTION 1.23 2018-06-13
| Design State : Routed
-------------------------------------------------------------------------------------------------------------------------------------------------------------------------------------------------------

Timing Summary Report

------------------------------------------------------------------------------------------------
| Timer Settings
| --------------
------------------------------------------------------------------------------------------------

  Enable Multi Corner Analysis               :  Yes
  Enable Pessimism Removal                   :  Yes
  Pessimism Removal Resolution               :  Nearest Common Node
  Enable Input Delay Default Clock           :  No
  Enable Preset / Clear Arcs                 :  No
  Disable Flight Delays                      :  No
  Ignore I/O Paths                           :  No
  Timing Early Launch at Borrowing Latches   :  No
  Borrow Time for Max Delay Exceptions       :  Yes
  Merge Timing Exceptions                    :  Yes
  Inter-SLR Compensation                     :  Conservative

  Corner  Analyze    Analyze    
  Name    Max Paths  Min Paths  
  ------  ---------  ---------  
  Slow    Yes        Yes        
  Fast    Yes        Yes        


------------------------------------------------------------------------------------------------
| Report Methodology
| ------------------
------------------------------------------------------------------------------------------------

No report available as report_methodology has not been run prior. Run report_methodology on the current design for the summary of methodology violations.



check_timing report

Table of Contents
-----------------
1. checking no_clock (0)
2. checking constant_clock (0)
3. checking pulse_width_clock (0)
4. checking unconstrained_internal_endpoints (0)
5. checking no_input_delay (32)
6. checking no_output_delay (13)
7. checking multiple_clock (0)
8. checking generated_clocks (0)
9. checking loops (0)
10. checking partial_input_delay (0)
11. checking partial_output_delay (0)
12. checking latch_loops (0)

1. checking no_clock (0)
------------------------
 There are 0 register/latch pins with no clock.


2. checking constant_clock (0)
------------------------------
 There are 0 register/latch pins with constant_clock.


3. checking pulse_width_clock (0)
---------------------------------
 There are 0 register/latch pins which need pulse_width check


4. checking unconstrained_internal_endpoints (0)
------------------------------------------------
 There are 0 pins that are not constrained for maximum delay.

 There are 0 pins that are not constrained for maximum delay due to constant clock.


5. checking no_input_delay (32)
-------------------------------
 There are 32 input ports with no input delay specified. (HIGH)

 There are 0 input ports with no input delay but user has a false path constraint.


6. checking no_output_delay (13)
--------------------------------
 There are 13 ports with no output delay specified. (HIGH)

 There are 0 ports with no output delay but user has a false path constraint

 There are 0 ports with no output delay but with a timing clock defined on it or propagating through it


7. checking multiple_clock (0)
------------------------------
 There are 0 register/latch pins with multiple clocks.


8. checking generated_clocks (0)
--------------------------------
 There are 0 generated clocks that are not connected to a clock source.


9. checking loops (0)
---------------------
 There are 0 combinational loops in the design.


10. checking partial_input_delay (0)
------------------------------------
 There are 0 input ports with partial input delay specified.


11. checking partial_output_delay (0)
-------------------------------------
 There are 0 ports with partial output delay specified.


12. checking latch_loops (0)
----------------------------
 There are 0 combinational latch loops in the design through latch input



------------------------------------------------------------------------------------------------
| Design Timing Summary
| ---------------------
------------------------------------------------------------------------------------------------

    WNS(ns)      TNS(ns)  TNS Failing Endpoints  TNS Total Endpoints      WHS(ns)      THS(ns)  THS Failing Endpoints  THS Total Endpoints     WPWS(ns)     TPWS(ns)  TPWS Failing Endpoints  TPWS Total Endpoints  
    -------      -------  ---------------------  -------------------      -------      -------  ---------------------  -------------------     --------     --------  ----------------------  --------------------  
     -0.092       -0.532                     15                 2915        0.181        0.000                      0                 2915        5.479        0.000                       0                   730  


Timing constraints are not met.


------------------------------------------------------------------------------------------------
| Clock Summary
| -------------
------------------------------------------------------------------------------------------------

Clock  Waveform(ns)       Period(ns)      Frequency(MHz)
-----  ------------       ----------      --------------
clk    {0.000 6.729}      13.459          74.300          


------------------------------------------------------------------------------------------------
| Intra Clock Table
| -----------------
------------------------------------------------------------------------------------------------

Clock             WNS(ns)      TNS(ns)  TNS Failing Endpoints  TNS Total Endpoints      WHS(ns)      THS(ns)  THS Failing Endpoints  THS Total Endpoints     WPWS(ns)     TPWS(ns)  TPWS Failing Endpoints  TPWS Total Endpoints  
-----             -------      -------  ---------------------  -------------------      -------      -------  ---------------------  -------------------     --------     --------  ----------------------  --------------------  
clk                -0.092       -0.532                     15                 2915        0.181        0.000                      0                 2915        5.479        0.000                       0                   730  


------------------------------------------------------------------------------------------------
| Inter Clock Table
| -----------------
------------------------------------------------------------------------------------------------

From Clock    To Clock          WNS(ns)      TNS(ns)  TNS Failing Endpoints  TNS Total Endpoints      WHS(ns)      THS(ns)  THS Failing Endpoints  THS Total Endpoints  
----------    --------          -------      -------  ---------------------  -------------------      -------      -------  ---------------------  -------------------  


------------------------------------------------------------------------------------------------
| Other Path Groups Table
| -----------------------
------------------------------------------------------------------------------------------------

Path Group    From Clock    To Clock          WNS(ns)      TNS(ns)  TNS Failing Endpoints  TNS Total Endpoints      WHS(ns)      THS(ns)  THS Failing Endpoints  THS Total Endpoints  
----------    ----------    --------          -------      -------  ---------------------  -------------------      -------      -------  ---------------------  -------------------  


------------------------------------------------------------------------------------------------
| Timing Details
| --------------
------------------------------------------------------------------------------------------------


---------------------------------------------------------------------------------------------------
From Clock:  clk
  To Clock:  clk

Setup :           15  Failing Endpoints,  Worst Slack       -0.092ns,  Total Violation       -0.532ns
Hold  :            0  Failing Endpoints,  Worst Slack        0.181ns,  Total Violation        0.000ns
PW    :            0  Failing Endpoints,  Worst Slack        5.479ns,  Total Violation        0.000ns
---------------------------------------------------------------------------------------------------


Max Delay Paths
--------------------------------------------------------------------------------------
Slack (VIOLATED) :        -0.092ns  (required time - arrival time)
  Source:                 r0_i_1__0/C
                            (rising edge-triggered cell FDCE clocked by clk  {rise@0.000ns fall@6.729ns period=13.459ns})
  Destination:            u_mult_bm/u_mult/result_reg[4]/D
                            (rising edge-triggered cell FDCE clocked by clk  {rise@0.000ns fall@6.729ns period=13.459ns})
  Path Group:             clk
  Path Type:              Setup (Max at Slow Process Corner)
  Requirement:            13.459ns  (clk rise@13.459ns - clk rise@0.000ns)
  Data Path Delay:        13.546ns  (logic 8.758ns (64.654%)  route 4.788ns (35.346%))
  Logic Levels:           7  (DSP48E1=2 LUT2=1 LUT3=1 LUT5=2 LUT6=1)
  Clock Path Skew:        -0.049ns (DCD - SCD + CPR)
    Destination Clock Delay (DCD):    0.924ns = ( 14.383 - 13.459 ) 
    Source Clock Delay      (SCD):    0.973ns
    Clock Pessimism Removal (CPR):    0.000ns
  Clock Uncertainty:      0.035ns  ((TSJ^2 + TIJ^2)^1/2 + DJ) / 2 + PE
    Total System Jitter     (TSJ):    0.071ns
    Total Input Jitter      (TIJ):    0.000ns
    Discrete Jitter          (DJ):    0.000ns
    Phase Error              (PE):    0.000ns

    Location             Delay type                Incr(ns)  Path(ns)    Netlist Resource(s)
  -------------------------------------------------------------------    -------------------
                         (clock clk rise edge)        0.000     0.000 r  
                                                      0.000     0.000 r  clk (IN)
                         net (fo=733, unset)          0.973     0.973    clk
    SLICE_X15Y21         FDCE                                         r  r0_i_1__0/C
  -------------------------------------------------------------------    -------------------
    SLICE_X15Y21         FDCE (Prop_fdce_C_Q)         0.456     1.429 r  r0_i_1__0/Q
                         net (fo=27, routed)          0.889     2.318    u_mult_bm/u_mult/u_barrett/OPMODE[0]
    SLICE_X12Y24         LUT2 (Prop_lut2_I1_O)        0.124     2.442 r  u_mult_bm/u_mult/u_barrett/mul_full_i_9__0/O
                         net (fo=1, routed)           0.685     3.127    u_mult_bm/u_mult/u_barrett/prod_r[15]
    DSP48_X0Y8           DSP48E1 (Prop_dsp48e1_A[15]_P[36])
                                                      3.841     6.968 r  u_mult_bm/u_mult/u_barrett/mul_full/P[36]
                         net (fo=1, routed)           0.768     7.735    u_mult_bm/u_mult/u_barrett/A[12]
    DSP48_X0Y9           DSP48E1 (Prop_dsp48e1_A[12]_P[16])
                                                      3.841    11.576 f  u_mult_bm/u_mult/u_barrett/r0/P[16]
                         net (fo=1, routed)           1.160    12.737    u_mult_bm/u_mult/u_barrett/r0_n_89
    SLICE_X12Y22         LUT6 (Prop_lut6_I3_O)        0.124    12.861 f  u_mult_bm/u_mult/u_barrett/result[11]_i_6__0/O
                         net (fo=1, routed)           0.350    13.211    u_mult_bm/u_mult/u_barrett/result[11]_i_6__0_n_0
    SLICE_X12Y22         LUT5 (Prop_lut5_I0_O)        0.124    13.335 f  u_mult_bm/u_mult/u_barrett/result[11]_i_4__0/O
                         net (fo=1, routed)           0.295    13.630    u_mult_bm/u_mult/u_barrett/result[11]_i_4__0_n_0
    SLICE_X13Y21         LUT5 (Prop_lut5_I4_O)        0.124    13.754 r  u_mult_bm/u_mult/u_barrett/result[11]_i_2__0/O
                         net (fo=12, routed)          0.641    14.395    u_mult_bm/u_mult/u_barrett/result[11]_i_2__0_n_0
    SLICE_X14Y22         LUT3 (Prop_lut3_I1_O)        0.124    14.519 r  u_mult_bm/u_mult/u_barrett/result[4]_i_1__0/O
                         net (fo=1, routed)           0.000    14.519    u_mult_bm/u_mult/reduced[4]
    SLICE_X14Y22         FDCE                                         r  u_mult_bm/u_mult/result_reg[4]/D
  -------------------------------------------------------------------    -------------------

                         (clock clk rise edge)       13.459    13.459 r  
                                                      0.000    13.459 r  clk (IN)
                         net (fo=733, unset)          0.924    14.383    u_mult_bm/u_mult/clk
    SLICE_X14Y22         FDCE                                         r  u_mult_bm/u_mult/result_reg[4]/C
                         clock pessimism              0.000    14.383    
                         clock uncertainty           -0.035    14.348    
    SLICE_X14Y22         FDCE (Setup_fdce_C_D)        0.079    14.427    u_mult_bm/u_mult/result_reg[4]
  -------------------------------------------------------------------
                         required time                         14.427    
                         arrival time                         -14.519    
  -------------------------------------------------------------------
                         slack                                 -0.092    





Min Delay Paths
--------------------------------------------------------------------------------------
Slack (MET) :             0.181ns  (arrival time - required time)
  Source:                 w_sum_reg[0]/C
                            (rising edge-triggered cell FDCE clocked by clk  {rise@0.000ns fall@6.729ns period=13.459ns})
  Destination:            mem_a_wd_reg[0]/D
                            (rising edge-triggered cell FDRE clocked by clk  {rise@0.000ns fall@6.729ns period=13.459ns})
  Path Group:             clk
  Path Type:              Hold (Min at Fast Process Corner)
  Requirement:            0.000ns  (clk rise@0.000ns - clk rise@0.000ns)
  Data Path Delay:        0.293ns  (logic 0.186ns (63.444%)  route 0.107ns (36.556%))
  Logic Levels:           1  (LUT6=1)
  Clock Path Skew:        0.022ns (DCD - SCD - CPR)
    Destination Clock Delay (DCD):    0.432ns
    Source Clock Delay      (SCD):    0.410ns
    Clock Pessimism Removal (CPR):    -0.000ns

    Location             Delay type                Incr(ns)  Path(ns)    Netlist Resource(s)
  -------------------------------------------------------------------    -------------------
                         (clock clk rise edge)        0.000     0.000 r  
                                                      0.000     0.000 r  clk (IN)
                         net (fo=733, unset)          0.410     0.410    clk
    SLICE_X7Y46          FDCE                                         r  w_sum_reg[0]/C
  -------------------------------------------------------------------    -------------------
    SLICE_X7Y46          FDCE (Prop_fdce_C_Q)         0.141     0.551 r  w_sum_reg[0]/Q
                         net (fo=1, routed)           0.107     0.658    u_add_bm0/Q[0]
    SLICE_X7Y47          LUT6 (Prop_lut6_I1_O)        0.045     0.703 r  u_add_bm0/mem_a_wd[0]_i_1/O
                         net (fo=1, routed)           0.000     0.703    u_add_bm0_n_4
    SLICE_X7Y47          FDRE                                         r  mem_a_wd_reg[0]/D
  -------------------------------------------------------------------    -------------------

                         (clock clk rise edge)        0.000     0.000 r  
                                                      0.000     0.000 r  clk (IN)
                         net (fo=733, unset)          0.432     0.432    clk
    SLICE_X7Y47          FDRE                                         r  mem_a_wd_reg[0]/C
                         clock pessimism              0.000     0.432    
    SLICE_X7Y47          FDRE (Hold_fdre_C_D)         0.091     0.523    mem_a_wd_reg[0]
  -------------------------------------------------------------------
                         required time                         -0.523    
                         arrival time                           0.703    
  -------------------------------------------------------------------
                         slack                                  0.181    





Pulse Width Checks
--------------------------------------------------------------------------------------
Clock Name:         clk
Waveform(ns):       { 0.000 6.729 }
Period(ns):         13.459
Sources:            { clk }

Check Type        Corner  Lib Pin      Reference Pin  Required(ns)  Actual(ns)  Slack(ns)  Location     Pin
Min Period        n/a     FDPE/C       n/a            1.000         13.459      12.459     SLICE_X7Y50  FSM_onehot_state_reg[0]/C
Low Pulse Width   Slow    RAMD64E/CLK  n/a            1.250         6.729       5.479      SLICE_X6Y57  mem_a_reg_r1_0_63_0_2/RAMA/CLK
High Pulse Width  Slow    RAMD64E/CLK  n/a            1.250         6.730       5.479      SLICE_X6Y57  mem_a_reg_r1_0_63_0_2/RAMA/CLK



