Copyright 1986-2022 Xilinx, Inc. All Rights Reserved. Copyright 2022-2024 Advanced Micro Devices, Inc. All Rights Reserved.
---------------------------------------------------------------------------------------------------------------------------------------------------------------------------------------------------------------------------------
| Tool Version : Vivado v.2024.2 (lin64) Build 5239630 Fri Nov 08 22:34:34 MST 2024
| Date         : Thu Oct  1 17:34:41 2026
| Host         : <redacted> running 64-bit Ubuntu 24.04.4 LTS
| Command      : report_timing -max_paths 3 -nworst 3 -input_pins -file {<repo>/reports/generated/per_phase_baseline/t13p459_paths.rpt}
| Design       : ntt_core_baseline
| Device       : 7a35t-cpg236
| Speed File   : -1  PRODUCTION 1.23 2018-06-13
| Design State : Routed
---------------------------------------------------------------------------------------------------------------------------------------------------------------------------------------------------------------------------------

Timing Report

Slack (VIOLATED) :        -0.092ns  (required time - arrival time)
  Source:                 r0_i_1__0/C
                            (rising edge-triggered cell FDCE clocked by clk  {rise@0.000ns fall@6.729ns period=13.459ns})
  Destination:            u_mult_bm/u_mult/result_reg[4]/D
                            (rising edge-triggered cell FDCE clocked by clk  {rise@0.000ns fall@6.729ns period=13.459ns})
  Path Group:             clk
  Path Type:              Setup (Max at Slow Process Corner)
  Requirement:            13.459ns  (clk rise@13.459ns - clk rise@0.000ns)
  Data Path Delay:        13.546ns  (logic 8.758ns (64.654%)  route 4.788ns (35.346%))
  Logic Levels:           7  (DSP48E1=2 LUT2=1 LUT3=1 LUT5=2 LUT6=1)
  Clock Path Skew:        -0.049ns (DCD - SCD + CPR)
    Destination Clock Delay (DCD):    0.924ns = ( 14.383 - 13.459 ) 
    Source Clock Delay      (SCD):    0.973ns
    Clock Pessimism Removal (CPR):    0.000ns
  Clock Uncertainty:      0.035ns  ((TSJ^2 + TIJ^2)^1/2 + DJ) / 2 + PE
    Total System Jitter     (TSJ):    0.071ns
    Total Input Jitter      (TIJ):    0.000ns
    Discrete Jitter          (DJ):    0.000ns
    Phase Error              (PE):    0.000ns

    Location             Delay type                Incr(ns)  Path(ns)    Netlist Resource(s)
  -------------------------------------------------------------------    -------------------
                         (clock clk rise edge)        0.000     0.000 r  
                                                      0.000     0.000 r  clk (IN)
                         net (fo=733, unset)          0.973     0.973    clk
    SLICE_X15Y21         FDCE                                         r  r0_i_1__0/C
  -------------------------------------------------------------------    -------------------
    SLICE_X15Y21         FDCE (Prop_fdce_C_Q)         0.456     1.429 r  r0_i_1__0/Q
                         net (fo=27, routed)          0.889     2.318    u_mult_bm/u_mult/u_barrett/OPMODE[0]
    SLICE_X12Y24                                                      r  u_mult_bm/u_mult/u_barrett/mul_full_i_9__0/I1
    SLICE_X12Y24         LUT2 (Prop_lut2_I1_O)        0.124     2.442 r  u_mult_bm/u_mult/u_barrett/mul_full_i_9__0/O
                         net (fo=1, routed)           0.685     3.127    u_mult_bm/u_mult/u_barrett/prod_r[15]
    DSP48_X0Y8                                                        r  u_mult_bm/u_mult/u_barrett/mul_full/A[15]
    DSP48_X0Y8           DSP48E1 (Prop_dsp48e1_A[15]_P[36])
                                                      3.841     6.968 r  u_mult_bm/u_mult/u_barrett/mul_full/P[36]
                         net (fo=1, routed)           0.768     7.735    u_mult_bm/u_mult/u_barrett/A[12]
    DSP48_X0Y9                                                        r  u_mult_bm/u_mult/u_barrett/r0/A[12]
    DSP48_X0Y9           DSP48E1 (Prop_dsp48e1_A[12]_P[16])
                                                      3.841    11.576 f  u_mult_bm/u_mult/u_barrett/r0/P[16]
                         net (fo=1, routed)           1.160    12.737    u_mult_bm/u_mult/u_barrett/r0_n_89
    SLICE_X12Y22                                                      f  u_mult_bm/u_mult/u_barrett/result[11]_i_6__0/I3
    SLICE_X12Y22         LUT6 (Prop_lut6_I3_O)        0.124    12.861 f  u_mult_bm/u_mult/u_barrett/result[11]_i_6__0/O
                         net (fo=1, routed)           0.350    13.211    u_mult_bm/u_mult/u_barrett/result[11]_i_6__0_n_0
    SLICE_X12Y22                                                      f  u_mult_bm/u_mult/u_barrett/result[11]_i_4__0/I0
    SLICE_X12Y22         LUT5 (Prop_lut5_I0_O)        0.124    13.335 f  u_mult_bm/u_mult/u_barrett/result[11]_i_4__0/O
                         net (fo=1, routed)           0.295    13.630    u_mult_bm/u_mult/u_barrett/result[11]_i_4__0_n_0
    SLICE_X13Y21                                                      f  u_mult_bm/u_mult/u_barrett/result[11]_i_2__0/I4
    SLICE_X13Y21         LUT5 (Prop_lut5_I4_O)        0.124    13.754 r  u_mult_bm/u_mult/u_barrett/result[11]_i_2__0/O
                         net (fo=12, routed)          0.641    14.395    u_mult_bm/u_mult/u_barrett/result[11]_i_2__0_n_0
    SLICE_X14Y22                                                      r  u_mult_bm/u_mult/u_barrett/result[4]_i_1__0/I1
    SLICE_X14Y22         LUT3 (Prop_lut3_I1_O)        0.124    14.519 r  u_mult_bm/u_mult/u_barrett/result[4]_i_1__0/O
                         net (fo=1, routed)           0.000    14.519    u_mult_bm/u_mult/reduced[4]
    SLICE_X14Y22         FDCE                                         r  u_mult_bm/u_mult/result_reg[4]/D
  -------------------------------------------------------------------    -------------------

                         (clock clk rise edge)       13.459    13.459 r  
                                                      0.000    13.459 r  clk (IN)
                         net (fo=733, unset)          0.924    14.383    u_mult_bm/u_mult/clk
    SLICE_X14Y22         FDCE                                         r  u_mult_bm/u_mult/result_reg[4]/C
                         clock pessimism              0.000    14.383    
                         clock uncertainty           -0.035    14.348    
    SLICE_X14Y22         FDCE (Setup_fdce_C_D)        0.079    14.427    u_mult_bm/u_mult/result_reg[4]
  -------------------------------------------------------------------
                         required time                         14.427    
                         arrival time                         -14.519    
  -------------------------------------------------------------------
                         slack                                 -0.092    

Slack (VIOLATED) :        -0.092ns  (required time - arrival time)
  Source:                 r0_i_1__0/C
                            (rising edge-triggered cell FDCE clocked by clk  {rise@0.000ns fall@6.729ns period=13.459ns})
  Destination:            u_mult_bm/u_mult/result_reg[4]/D
                            (rising edge-triggered cell FDCE clocked by clk  {rise@0.000ns fall@6.729ns period=13.459ns})
  Path Group:             clk
  Path Type:              Setup (Max at Slow Process Corner)
  Requirement:            13.459ns  (clk rise@13.459ns - clk rise@0.000ns)
  Data Path Delay:        13.546ns  (logic 8.758ns (64.654%)  route 4.788ns (35.346%))
  Logic Levels:           7  (DSP48E1=2 LUT2=1 LUT3=1 LUT5=2 LUT6=1)
  Clock Path Skew:        -0.049ns (DCD - SCD + CPR)
    Destination Clock Delay (DCD):    0.924ns = ( 14.383 - 13.459 ) 
    Source Clock Delay      (SCD):    0.973ns
    Clock Pessimism Removal (CPR):    0.000ns
  Clock Uncertainty:      0.035ns  ((TSJ^2 + TIJ^2)^1/2 + DJ) / 2 + PE
    Total System Jitter     (TSJ):    0.071ns
    Total Input Jitter      (TIJ):    0.000ns
    Discrete Jitter          (DJ):    0.000ns
    Phase Error              (PE):    0.000ns

    Location             Delay type                Incr(ns)  Path(ns)    Netlist Resource(s)
  -------------------------------------------------------------------    -------------------
                         (clock clk rise edge)        0.000     0.000 r  
                                                      0.000     0.000 r  clk (IN)
                         net (fo=733, unset)          0.973     0.973    clk
    SLICE_X15Y21         FDCE                                         r  r0_i_1__0/C
  -------------------------------------------------------------------    -------------------
    SLICE_X15Y21         FDCE (Prop_fdce_C_Q)         0.456     1.429 f  r0_i_1__0/Q
                         net (fo=27, routed)          0.889     2.318    u_mult_bm/u_mult/u_barrett/OPMODE[0]
    SLICE_X12Y24                                                      f  u_mult_bm/u_mult/u_barrett/mul_full_i_9__0/I1
    SLICE_X12Y24         LUT2 (Prop_lut2_I1_O)        0.124     2.442 f  u_mult_bm/u_mult/u_barrett/mul_full_i_9__0/O
                         net (fo=1, routed)           0.685     3.127    u_mult_bm/u_mult/u_barrett/prod_r[15]
    DSP48_X0Y8                                                        f  u_mult_bm/u_mult/u_barrett/mul_full/A[15]
    DSP48_X0Y8           DSP48E1 (Prop_dsp48e1_A[15]_P[36])
                                                      3.841     6.968 r  u_mult_bm/u_mult/u_barrett/mul_full/P[36]
                         net (fo=1, routed)           0.768     7.735    u_mult_bm/u_mult/u_barrett/A[12]
    DSP48_X0Y9                                                        r  u_mult_bm/u_mult/u_barrett/r0/A[12]
    DSP48_X0Y9           DSP48E1 (Prop_dsp48e1_A[12]_P[16])
                                                      3.841    11.576 f  u_mult_bm/u_mult/u_barrett/r0/P[16]
                         net (fo=1, routed)           1.160    12.737    u_mult_bm/u_mult/u_barrett/r0_n_89
    SLICE_X12Y22                                                      f  u_mult_bm/u_mult/u_barrett/result[11]_i_6__0/I3
    SLICE_X12Y22         LUT6 (Prop_lut6_I3_O)        0.124    12.861 f  u_mult_bm/u_mult/u_barrett/result[11]_i_6__0/O
                         net (fo=1, routed)           0.350    13.211    u_mult_bm/u_mult/u_barrett/result[11]_i_6__0_n_0
    SLICE_X12Y22                                                      f  u_mult_bm/u_mult/u_barrett/result[11]_i_4__0/I0
    SLICE_X12Y22         LUT5 (Prop_lut5_I0_O)        0.124    13.335 f  u_mult_bm/u_mult/u_barrett/result[11]_i_4__0/O
                         net (fo=1, routed)           0.295    13.630    u_mult_bm/u_mult/u_barrett/result[11]_i_4__0_n_0
    SLICE_X13Y21                                                      f  u_mult_bm/u_mult/u_barrett/result[11]_i_2__0/I4
    SLICE_X13Y21         LUT5 (Prop_lut5_I4_O)        0.124    13.754 r  u_mult_bm/u_mult/u_barrett/result[11]_i_2__0/O
                         net (fo=12, routed)          0.641    14.395    u_mult_bm/u_mult/u_barrett/result[11]_i_2__0_n_0
    SLICE_X14Y22                                                      r  u_mult_bm/u_mult/u_barrett/result[4]_i_1__0/I1
    SLICE_X14Y22         LUT3 (Prop_lut3_I1_O)        0.124    14.519 r  u_mult_bm/u_mult/u_barrett/result[4]_i_1__0/O
                         net (fo=1, routed)           0.000    14.519    u_mult_bm/u_mult/reduced[4]
    SLICE_X14Y22         FDCE                                         r  u_mult_bm/u_mult/result_reg[4]/D
  -------------------------------------------------------------------    -------------------

                         (clock clk rise edge)       13.459    13.459 r  
                                                      0.000    13.459 r  clk (IN)
                         net (fo=733, unset)          0.924    14.383    u_mult_bm/u_mult/clk
    SLICE_X14Y22         FDCE                                         r  u_mult_bm/u_mult/result_reg[4]/C
                         clock pessimism              0.000    14.383    
                         clock uncertainty           -0.035    14.348    
    SLICE_X14Y22         FDCE (Setup_fdce_C_D)        0.079    14.427    u_mult_bm/u_mult/result_reg[4]
  -------------------------------------------------------------------
                         required time                         14.427    
                         arrival time                         -14.519    
  -------------------------------------------------------------------
                         slack                                 -0.092    

Slack (VIOLATED) :        -0.092ns  (required time - arrival time)
  Source:                 r0_i_1__0/C
                            (rising edge-triggered cell FDCE clocked by clk  {rise@0.000ns fall@6.729ns period=13.459ns})
  Destination:            u_mult_bm/u_mult/result_reg[4]/D
                            (rising edge-triggered cell FDCE clocked by clk  {rise@0.000ns fall@6.729ns period=13.459ns})
  Path Group:             clk
  Path Type:              Setup (Max at Slow Process Corner)
  Requirement:            13.459ns  (clk rise@13.459ns - clk rise@0.000ns)
  Data Path Delay:        13.546ns  (logic 8.758ns (64.654%)  route 4.788ns (35.346%))
  Logic Levels:           7  (DSP48E1=2 LUT2=1 LUT3=1 LUT5=2 LUT6=1)
  Clock Path Skew:        -0.049ns (DCD - SCD + CPR)
    Destination Clock Delay (DCD):    0.924ns = ( 14.383 - 13.459 ) 
    Source Clock Delay      (SCD):    0.973ns
    Clock Pessimism Removal (CPR):    0.000ns
  Clock Uncertainty:      0.035ns  ((TSJ^2 + TIJ^2)^1/2 + DJ) / 2 + PE
    Total System Jitter     (TSJ):    0.071ns
    Total Input Jitter      (TIJ):    0.000ns
    Discrete Jitter          (DJ):    0.000ns
    Phase Error              (PE):    0.000ns

    Location             Delay type                Incr(ns)  Path(ns)    Netlist Resource(s)
  -------------------------------------------------------------------    -------------------
                         (clock clk rise edge)        0.000     0.000 r  
                                                      0.000     0.000 r  clk (IN)
                         net (fo=733, unset)          0.973     0.973    clk
    SLICE_X15Y21         FDCE                                         r  r0_i_1__0/C
  -------------------------------------------------------------------    -------------------
    SLICE_X15Y21         FDCE (Prop_fdce_C_Q)         0.456     1.429 r  r0_i_1__0/Q
                         net (fo=27, routed)          0.889     2.318    u_mult_bm/u_mult/u_barrett/OPMODE[0]
    SLICE_X12Y24                                                      r  u_mult_bm/u_mult/u_barrett/mul_full_i_9__0/I1
    SLICE_X12Y24         LUT2 (Prop_lut2_I1_O)        0.124     2.442 r  u_mult_bm/u_mult/u_barrett/mul_full_i_9__0/O
                         net (fo=1, routed)           0.685     3.127    u_mult_bm/u_mult/u_barrett/prod_r[15]
    DSP48_X0Y8                                                        r  u_mult_bm/u_mult/u_barrett/mul_full/A[15]
    DSP48_X0Y8           DSP48E1 (Prop_dsp48e1_A[15]_P[36])
                                                      3.841     6.968 r  u_mult_bm/u_mult/u_barrett/mul_full/P[36]
                         net (fo=1, routed)           0.768     7.735    u_mult_bm/u_mult/u_barrett/A[12]
    DSP48_X0Y9                                                        r  u_mult_bm/u_mult/u_barrett/r0/A[12]
    DSP48_X0Y9           DSP48E1 (Prop_dsp48e1_A[12]_P[16])
                                                      3.841    11.576 r  u_mult_bm/u_mult/u_barrett/r0/P[16]
                         net (fo=1, routed)           1.160    12.737    u_mult_bm/u_mult/u_barrett/r0_n_89
    SLICE_X12Y22                                                      r  u_mult_bm/u_mult/u_barrett/result[11]_i_6__0/I3
    SLICE_X12Y22         LUT6 (Prop_lut6_I3_O)        0.124    12.861 r  u_mult_bm/u_mult/u_barrett/result[11]_i_6__0/O
                         net (fo=1, routed)           0.350    13.211    u_mult_bm/u_mult/u_barrett/result[11]_i_6__0_n_0
    SLICE_X12Y22                                                      r  u_mult_bm/u_mult/u_barrett/result[11]_i_4__0/I0
    SLICE_X12Y22         LUT5 (Prop_lut5_I0_O)        0.124    13.335 r  u_mult_bm/u_mult/u_barrett/result[11]_i_4__0/O
                         net (fo=1, routed)           0.295    13.630    u_mult_bm/u_mult/u_barrett/result[11]_i_4__0_n_0
    SLICE_X13Y21                                                      r  u_mult_bm/u_mult/u_barrett/result[11]_i_2__0/I4
    SLICE_X13Y21         LUT5 (Prop_lut5_I4_O)        0.124    13.754 f  u_mult_bm/u_mult/u_barrett/result[11]_i_2__0/O
                         net (fo=12, routed)          0.641    14.395    u_mult_bm/u_mult/u_barrett/result[11]_i_2__0_n_0
    SLICE_X14Y22                                                      f  u_mult_bm/u_mult/u_barrett/result[4]_i_1__0/I1
    SLICE_X14Y22         LUT3 (Prop_lut3_I1_O)        0.124    14.519 r  u_mult_bm/u_mult/u_barrett/result[4]_i_1__0/O
                         net (fo=1, routed)           0.000    14.519    u_mult_bm/u_mult/reduced[4]
    SLICE_X14Y22         FDCE                                         r  u_mult_bm/u_mult/result_reg[4]/D
  -------------------------------------------------------------------    -------------------

                         (clock clk rise edge)       13.459    13.459 r  
                                                      0.000    13.459 r  clk (IN)
                         net (fo=733, unset)          0.924    14.383    u_mult_bm/u_mult/clk
    SLICE_X14Y22         FDCE                                         r  u_mult_bm/u_mult/result_reg[4]/C
                         clock pessimism              0.000    14.383    
                         clock uncertainty           -0.035    14.348    
    SLICE_X14Y22         FDCE (Setup_fdce_C_D)        0.079    14.427    u_mult_bm/u_mult/result_reg[4]
  -------------------------------------------------------------------
                         required time                         14.427    
                         arrival time                         -14.519    
  -------------------------------------------------------------------
                         slack                                 -0.092    




